Component: ARM Compiler 5.06 update 6 (build 750) Tool: armlink [4d35ed]

==============================================================================

Section Cross References

    thread.o(i.Data_Init) refers to thread.o(.bss) for g_arr
    thread.o(i.Init_Thread) refers to led_mcb1700.o(i.LED_Initialize) for LED_Initialize
    thread.o(i.Init_Thread) refers to thread.o(i.Data_Init) for Data_Init
    thread.o(i.Init_Thread) refers to rt_cmsis.o(i.osThreadCreate) for osThreadCreate
    thread.o(i.Init_Thread) refers to thread.o(.constdata) for os_thread_def_Thread1
    thread.o(i.Init_Thread) refers to thread.o(.data) for tid_Thread
    thread.o(i.Thread1) refers to led_mcb1700.o(i.LED_Off) for LED_Off
    thread.o(i.Thread1) refers to led_mcb1700.o(i.LED_On) for LED_On
    thread.o(i.Thread1) refers to glcd_spi_lpc1700.o(i.GLCD_DisplayString) for GLCD_DisplayString
    thread.o(i.Thread1) refers to rt_cmsis.o(i.osDelay) for osDelay
    thread.o(i.Thread1) refers to rt_cmsis.o(i.osThreadTerminate) for osThreadTerminate
    thread.o(i.Thread1) refers to thread.o(.data) for current
    thread.o(i.Thread1) refers to thread.o(.bss) for g_arr
    thread.o(i.Thread2) refers to led_mcb1700.o(i.LED_Off) for LED_Off
    thread.o(i.Thread2) refers to led_mcb1700.o(i.LED_On) for LED_On
    thread.o(i.Thread2) refers to glcd_spi_lpc1700.o(i.GLCD_DisplayString) for GLCD_DisplayString
    thread.o(i.Thread2) refers to rt_cmsis.o(i.osDelay) for osDelay
    thread.o(i.Thread2) refers to rt_cmsis.o(i.osThreadTerminate) for osThreadTerminate
    thread.o(i.Thread2) refers to thread.o(.data) for current
    thread.o(i.Thread2) refers to thread.o(.bss) for g_arr
    thread.o(i.Thread3) refers to led_mcb1700.o(i.LED_Off) for LED_Off
    thread.o(i.Thread3) refers to led_mcb1700.o(i.LED_On) for LED_On
    thread.o(i.Thread3) refers to glcd_spi_lpc1700.o(i.GLCD_DisplayString) for GLCD_DisplayString
    thread.o(i.Thread3) refers to rt_cmsis.o(i.osDelay) for osDelay
    thread.o(i.Thread3) refers to rt_cmsis.o(i.osThreadTerminate) for osThreadTerminate
    thread.o(i.Thread3) refers to thread.o(.data) for current
    thread.o(i.Thread3) refers to thread.o(.bss) for g_arr
    thread.o(.constdata) refers to thread.o(i.Thread1) for Thread1
    thread.o(.constdata) refers to thread.o(i.Thread2) for Thread2
    thread.o(.constdata) refers to thread.o(i.Thread3) for Thread3
    main.o(i.main) refers to glcd_spi_lpc1700.o(i.GLCD_Init) for GLCD_Init
    main.o(i.main) refers to glcd_spi_lpc1700.o(i.GLCD_Clear) for GLCD_Clear
    main.o(i.main) refers to glcd_spi_lpc1700.o(i.GLCD_SetBackColor) for GLCD_SetBackColor
    main.o(i.main) refers to glcd_spi_lpc1700.o(i.GLCD_SetTextColor) for GLCD_SetTextColor
    main.o(i.main) refers to glcd_spi_lpc1700.o(i.GLCD_DisplayString) for GLCD_DisplayString
    main.o(i.main) refers to rt_cmsis.o(i.osKernelInitialize) for osKernelInitialize
    main.o(i.main) refers to thread.o(i.Init_Thread) for Init_Thread
    main.o(i.main) refers to rt_cmsis.o(i.osKernelStart) for osKernelStart
    main.o(i.main) refers to rt_cmsis.o(i.osDelay) for osDelay
    glcd_spi_lpc1700.o(i.GLCD_Bargraph) refers to glcd_spi_lpc1700.o(i.GLCD_SetWindow) for GLCD_SetWindow
    glcd_spi_lpc1700.o(i.GLCD_Bargraph) refers to glcd_spi_lpc1700.o(i.wr_cmd) for wr_cmd
    glcd_spi_lpc1700.o(i.GLCD_Bargraph) refers to glcd_spi_lpc1700.o(i.wr_dat_start) for wr_dat_start
    glcd_spi_lpc1700.o(i.GLCD_Bargraph) refers to glcd_spi_lpc1700.o(i.wr_dat_only) for wr_dat_only
    glcd_spi_lpc1700.o(i.GLCD_Bargraph) refers to glcd_spi_lpc1700.o(i.wr_dat_stop) for wr_dat_stop
    glcd_spi_lpc1700.o(i.GLCD_Bargraph) refers to glcd_spi_lpc1700.o(.data) for Color
    glcd_spi_lpc1700.o(i.GLCD_Bitmap) refers to glcd_spi_lpc1700.o(i.GLCD_SetWindow) for GLCD_SetWindow
    glcd_spi_lpc1700.o(i.GLCD_Bitmap) refers to glcd_spi_lpc1700.o(i.wr_cmd) for wr_cmd
    glcd_spi_lpc1700.o(i.GLCD_Bitmap) refers to glcd_spi_lpc1700.o(i.wr_dat_start) for wr_dat_start
    glcd_spi_lpc1700.o(i.GLCD_Bitmap) refers to glcd_spi_lpc1700.o(i.wr_dat_only) for wr_dat_only
    glcd_spi_lpc1700.o(i.GLCD_Bitmap) refers to glcd_spi_lpc1700.o(i.wr_dat_stop) for wr_dat_stop
    glcd_spi_lpc1700.o(i.GLCD_Clear) refers to glcd_spi_lpc1700.o(i.GLCD_WindowMax) for GLCD_WindowMax
    glcd_spi_lpc1700.o(i.GLCD_Clear) refers to glcd_spi_lpc1700.o(i.wr_cmd) for wr_cmd
    glcd_spi_lpc1700.o(i.GLCD_Clear) refers to glcd_spi_lpc1700.o(i.wr_dat_start) for wr_dat_start
    glcd_spi_lpc1700.o(i.GLCD_Clear) refers to glcd_spi_lpc1700.o(i.wr_dat_only) for wr_dat_only
    glcd_spi_lpc1700.o(i.GLCD_Clear) refers to glcd_spi_lpc1700.o(i.wr_dat_stop) for wr_dat_stop
    glcd_spi_lpc1700.o(i.GLCD_ClearLn) refers to glcd_spi_lpc1700.o(i.GLCD_WindowMax) for GLCD_WindowMax
    glcd_spi_lpc1700.o(i.GLCD_ClearLn) refers to glcd_spi_lpc1700.o(i.GLCD_DisplayString) for GLCD_DisplayString
[...]
    rt_task.o(i.rt_sys_init) refers to hal_cm.o(i.dbg_init) for dbg_init
    rt_task.o(i.rt_sys_init) refers to rt_membox.o(i._init_box) for _init_box
    rt_task.o(i.rt_sys_init) refers to rt_task.o(i.rt_init_context) for rt_init_context
    rt_task.o(i.rt_sys_init) refers to rt_robin.o(i.rt_init_robin) for rt_init_robin
    rt_task.o(i.rt_sys_init) refers to rtx_conf_cm.o(.bss) for os_active_TCB
    rt_task.o(i.rt_sys_init) refers to rtx_conf_cm.o(.constdata) for os_maxtaskrun
    rt_task.o(i.rt_sys_init) refers to rtx_conf_cm.o(.data) for m_tmr
    rt_task.o(i.rt_sys_init) refers to rt_task.o(.bss) for .bss
    rt_task.o(i.rt_sys_init) refers to rtx_conf_cm.o(i.os_idle_demon) for os_idle_demon
    rt_task.o(i.rt_sys_init) refers to rt_list.o(.bss) for os_rdy
    rt_task.o(i.rt_sys_init) refers to rt_task.o(.data) for .data
    rt_task.o(i.rt_sys_start) refers to rt_system.o(i.os_tick_init) for os_tick_init
    rt_task.o(i.rt_sys_start) refers to rt_system.o(.data) for os_tick_irqn
    rt_task.o(i.rt_tsk_create) refers to rt_membox.o(i.rt_alloc_box) for rt_alloc_box
    rt_task.o(i.rt_tsk_create) refers to rt_task.o(i.rt_init_context) for rt_init_context
    rt_task.o(i.rt_tsk_create) refers to hal_cm.o(i.dbg_task_notify) for dbg_task_notify
    rt_task.o(i.rt_tsk_create) refers to rt_task.o(i.rt_dispatch) for rt_dispatch
    rt_task.o(i.rt_tsk_create) refers to rtx_conf_cm.o(.bss) for mp_tcb
    rt_task.o(i.rt_tsk_create) refers to rtx_conf_cm.o(.constdata) for os_maxtaskrun
    rt_task.o(i.rt_tsk_create) refers to hal_cm.o(.data) for dbg_msg
    rt_task.o(i.rt_tsk_delete) refers to hal_cm3.o(.emb_text) for rt_get_PSP
    rt_task.o(i.rt_tsk_delete) refers to rt_system.o(i.rt_stk_check) for rt_stk_check
    rt_task.o(i.rt_tsk_delete) refers to rt_list.o(i.rt_get_first) for rt_get_first
    rt_task.o(i.rt_tsk_delete) refers to hal_cm.o(i.rt_ret_val) for rt_ret_val
    rt_task.o(i.rt_tsk_delete) refers to rt_list.o(i.rt_rmv_dly) for rt_rmv_dly
    rt_task.o(i.rt_tsk_delete) refers to rt_list.o(i.rt_put_prio) for rt_put_prio
    rt_task.o(i.rt_tsk_delete) refers to rt_membox.o(i.rt_free_box) for rt_free_box
    rt_task.o(i.rt_tsk_delete) refers to hal_cm.o(i.dbg_task_notify) for dbg_task_notify
    rt_task.o(i.rt_tsk_delete) refers to rt_list.o(i.rt_rmv_list) for rt_rmv_list
    rt_task.o(i.rt_tsk_delete) refers to rt_task.o(i.rt_dispatch) for rt_dispatch
    rt_task.o(i.rt_tsk_delete) refers to hal_cm.o(.data) for dbg_msg
    rt_task.o(i.rt_tsk_delete) refers to rtx_conf_cm.o(.bss) for os_active_TCB
    rt_task.o(i.rt_tsk_delete) refers to rt_task.o(.data) for .data
    rt_task.o(i.rt_tsk_delete) refers to rt_list.o(.bss) for os_rdy
    rt_task.o(i.rt_tsk_delete) refers to rtx_conf_cm.o(.constdata) for os_maxtaskrun
    rt_task.o(i.rt_tsk_pass) refers to rt_list.o(i.rt_get_same_rdy_prio) for rt_get_same_rdy_prio
    rt_task.o(i.rt_tsk_pass) refers to rt_list.o(i.rt_put_prio) for rt_put_prio
    rt_task.o(i.rt_tsk_pass) refers to rt_task.o(i.rt_switch_req) for rt_switch_req
    rt_task.o(i.rt_tsk_pass) refers to rt_task.o(.data) for .data
    rt_task.o(i.rt_tsk_pass) refers to rt_list.o(.bss) for os_rdy
    rt_task.o(i.rt_tsk_prio) refers to rt_list.o(i.rt_put_prio) for rt_put_prio
    rt_task.o(i.rt_tsk_prio) refers to rt_list.o(i.rt_resort_prio) for rt_resort_prio
    rt_task.o(i.rt_tsk_prio) refers to rt_list.o(i.rt_get_first) for rt_get_first
    rt_task.o(i.rt_tsk_prio) refers to rt_task.o(i.rt_dispatch) for rt_dispatch
    rt_task.o(i.rt_tsk_prio) refers to rt_task.o(.data) for .data
    rt_task.o(i.rt_tsk_prio) refers to rtx_conf_cm.o(.constdata) for os_maxtaskrun
    rt_task.o(i.rt_tsk_prio) refers to rtx_conf_cm.o(.bss) for os_active_TCB
    rt_task.o(i.rt_tsk_prio) refers to rt_list.o(.bss) for os_rdy
    rt_task.o(i.rt_tsk_self) refers to rt_task.o(.data) for .data
    rt_system.o(i.os_tick_init) refers to rtx_conf_cm.o(.constdata) for os_trv
    rt_system.o(i.os_tick_val) refers to rtx_conf_cm.o(.constdata) for os_trv
    rt_system.o(i.rt_pop_req) refers to rt_list.o(i.rt_put_rdy_first) for rt_put_rdy_first
    rt_system.o(i.rt_pop_req) refers to rt_semaphore.o(i.rt_sem_psh) for rt_sem_psh
    rt_system.o(i.rt_pop_req) refers to rt_list.o(i.rt_get_first) for rt_get_first
    rt_system.o(i.rt_pop_req) refers to rt_task.o(i.rt_switch_req) for rt_switch_req
    rt_system.o(i.rt_pop_req) refers to rt_event.o(i.rt_evt_psh) for rt_evt_psh
    rt_system.o(i.rt_pop_req) refers to rt_mailbox.o(i.rt_mbx_psh) for rt_mbx_psh
    rt_system.o(i.rt_pop_req) refers to rt_task.o(.data) for os_tsk
    rt_system.o(i.rt_pop_req) refers to rtx_conf_cm.o(.bss) for os_fifo
    rt_system.o(i.rt_pop_req) refers to rt_list.o(.bss) for os_rdy
    rt_system.o(i.rt_psh_req) refers to rt_system.o(.data) for .data
    rt_system.o(i.rt_resume) refers to rt_list.o(i.rt_put_rdy_first) for rt_put_rdy_first
    rt_system.o(i.rt_resume) refers to rt_list.o(i.rt_dec_dly) for rt_dec_dly
    rt_system.o(i.rt_resume) refers to rt_cmsis.o(i.sysUserTimerUpdate) for sysUserTimerUpdate
    rt_system.o(i.rt_resume) refers to rt_list.o(i.rt_get_first) for rt_get_first
    rt_system.o(i.rt_resume) refers to rt_task.o(i.rt_switch_req) for rt_switch_req
    rt_system.o(i.rt_resume) refers to rt_system.o(i.rt_tsk_unlock) for rt_tsk_unlock
    rt_system.o(i.rt_resume) refers to rt_task.o(.data) for os_tsk
    rt_system.o(i.rt_resume) refers to rt_robin.o(.data) for os_robin
    rt_system.o(i.rt_resume) refers to rt_list.o(.bss) for os_dly
    rt_system.o(i.rt_resume) refers to rt_time.o(.data) for os_time
    rt_system.o(i.rt_stk_check) refers to rtx_conf_cm.o(i.os_error) for os_error
    rt_system.o(i.rt_stk_check) refers to rt_task.o(.data) for os_tsk
    rt_system.o(i.rt_suspend) refers to rt_system.o(i.rt_tsk_lock) for rt_tsk_lock
    rt_system.o(i.rt_suspend) refers to rt_cmsis.o(i.sysUserTimerWakeupTime) for sysUserTimerWakeupTime
    rt_system.o(i.rt_suspend) refers to rt_list.o(.bss) for os_dly
    rt_system.o(i.rt_systick) refers to rt_list.o(i.rt_put_rdy_first) for rt_put_rdy_first
    rt_system.o(i.rt_systick) refers to rt_robin.o(i.rt_chk_robin) for rt_chk_robin
    rt_system.o(i.rt_systick) refers to rt_list.o(i.rt_dec_dly) for rt_dec_dly
    rt_system.o(i.rt_systick) refers to rt_cmsis.o(i.sysTimerTick) for sysTimerTick
    rt_system.o(i.rt_systick) refers to rt_list.o(i.rt_get_first) for rt_get_first
    rt_system.o(i.rt_systick) refers to rt_task.o(i.rt_switch_req) for rt_switch_req
    rt_system.o(i.rt_systick) refers to rt_task.o(.data) for os_tsk
    rt_system.o(i.rt_systick) refers to rt_time.o(.data) for os_time
    rt_system.o(i.rt_systick) refers to rt_list.o(.bss) for os_rdy
    rt_system.o(i.rt_tsk_lock) refers to rt_system.o(.data) for .data
    rt_system.o(i.rt_tsk_unlock) refers to rt_system.o(.data) for .data
    rt_event.o(i.isr_evt_set) refers to rt_list.o(i.rt_psq_enq) for rt_psq_enq
    rt_event.o(i.isr_evt_set) refers to rt_system.o(i.rt_psh_req) for rt_psh_req
    rt_event.o(i.isr_evt_set) refers to rtx_conf_cm.o(.bss) for os_active_TCB
    rt_event.o(i.rt_evt_clr) refers to rtx_conf_cm.o(.bss) for os_active_TCB
    rt_event.o(i.rt_evt_get) refers to rt_task.o(.data) for os_tsk
    rt_event.o(i.rt_evt_psh) refers to rt_list.o(i.rt_rmv_dly) for rt_rmv_dly
    rt_event.o(i.rt_evt_psh) refers to hal_cm.o(i.rt_ret_val2) for rt_ret_val2
    rt_event.o(i.rt_evt_psh) refers to rt_list.o(i.rt_put_prio) for rt_put_prio
    rt_event.o(i.rt_evt_psh) refers to rt_list.o(.bss) for os_rdy
    rt_event.o(i.rt_evt_set) refers to rt_list.o(i.rt_rmv_dly) for rt_rmv_dly
    rt_event.o(i.rt_evt_set) refers to hal_cm.o(i.rt_ret_val2) for rt_ret_val2
    rt_event.o(i.rt_evt_set) refers to rt_task.o(i.rt_dispatch) for rt_dispatch
    rt_event.o(i.rt_evt_set) refers to rtx_conf_cm.o(.bss) for os_active_TCB
    rt_event.o(i.rt_evt_wait) refers to rt_task.o(i.rt_block) for rt_block
    rt_event.o(i.rt_evt_wait) refers to rt_task.o(.data) for os_tsk
    rt_list.o(i.rt_dec_dly) refers to rt_list.o(i.rt_put_prio) for rt_put_prio
    rt_list.o(i.rt_dec_dly) refers to rt_list.o(.bss) for .bss
    rt_list.o(i.rt_dec_dly) refers to rt_time.o(.data) for os_time
    rt_list.o(i.rt_get_same_rdy_prio) refers to rt_list.o(.bss) for .bss
    rt_list.o(i.rt_get_same_rdy_prio) refers to rt_task.o(.data) for os_tsk
    rt_list.o(i.rt_psq_enq) refers to rtx_conf_cm.o(i.os_error) for os_error
    rt_list.o(i.rt_psq_enq) refers to rtx_conf_cm.o(.bss) for os_fifo
    rt_list.o(i.rt_put_dly) refers to rt_list.o(.bss) for .bss
    rt_list.o(i.rt_put_rdy_first) refers to rt_list.o(.bss) for .bss
    rt_list.o(i.rt_resort_prio) refers to rt_list.o(i.rt_rmv_list) for rt_rmv_list
    rt_list.o(i.rt_resort_prio) refers to rt_list.o(i.rt_put_prio) for rt_put_prio
    rt_list.o(i.rt_resort_prio) refers to rt_list.o(.bss) for .bss
    rt_list.o(i.rt_rmv_list) refers to rt_list.o(.bss) for .bss
    rt_mailbox.o(i.isr_mbx_receive) refers to rt_list.o(i.rt_psq_enq) for rt_psq_enq
    rt_mailbox.o(i.isr_mbx_receive) refers to rt_system.o(i.rt_psh_req) for rt_psh_req
    rt_mailbox.o(i.isr_mbx_send) refers to rt_list.o(i.rt_psq_enq) for rt_psq_enq
    rt_mailbox.o(i.isr_mbx_send) refers to rt_system.o(i.rt_psh_req) for rt_psh_req
    rt_mailbox.o(i.rt_mbx_psh) refers to rt_membox.o(i.rt_alloc_box) for rt_alloc_box
    rt_mailbox.o(i.rt_mbx_psh) refers to rt_list.o(i.rt_get_first) for rt_get_first
    rt_mailbox.o(i.rt_mbx_psh) refers to hal_cm.o(i.rt_ret_val) for rt_ret_val
    rt_mailbox.o(i.rt_mbx_psh) refers to rt_list.o(i.rt_rmv_dly) for rt_rmv_dly
    rt_mailbox.o(i.rt_mbx_psh) refers to rt_list.o(i.rt_put_prio) for rt_put_prio
    rt_mailbox.o(i.rt_mbx_psh) refers to hal_cm.o(i.rt_ret_val2) for rt_ret_val2
    rt_mailbox.o(i.rt_mbx_psh) refers to rtx_conf_cm.o(i.os_error) for os_error
    rt_mailbox.o(i.rt_mbx_psh) refers to rt_list.o(.bss) for os_rdy
    rt_mailbox.o(i.rt_mbx_send) refers to rt_list.o(i.rt_put_prio) for rt_put_prio
    rt_mailbox.o(i.rt_mbx_send) refers to rt_list.o(i.rt_get_first) for rt_get_first
    rt_mailbox.o(i.rt_mbx_send) refers to hal_cm.o(i.rt_ret_val2) for rt_ret_val2
    rt_mailbox.o(i.rt_mbx_send) refers to rt_list.o(i.rt_rmv_dly) for rt_rmv_dly
    rt_mailbox.o(i.rt_mbx_send) refers to rt_task.o(i.rt_dispatch) for rt_dispatch
    rt_mailbox.o(i.rt_mbx_send) refers to rt_task.o(i.rt_block) for rt_block
    rt_mailbox.o(i.rt_mbx_send) refers to rt_task.o(.data) for os_tsk
    rt_mailbox.o(i.rt_mbx_wait) refers to rt_list.o(i.rt_get_first) for rt_get_first
    rt_mailbox.o(i.rt_mbx_wait) refers to hal_cm.o(i.rt_ret_val) for rt_ret_val
    rt_mailbox.o(i.rt_mbx_wait) refers to rt_list.o(i.rt_rmv_dly) for rt_rmv_dly
    rt_mailbox.o(i.rt_mbx_wait) refers to rt_task.o(i.rt_dispatch) for rt_dispatch
    rt_mailbox.o(i.rt_mbx_wait) refers to rt_list.o(i.rt_put_prio) for rt_put_prio
    rt_mailbox.o(i.rt_mbx_wait) refers to rt_task.o(i.rt_block) for rt_block
    rt_mailbox.o(i.rt_mbx_wait) refers to rt_task.o(.data) for os_tsk
    rt_semaphore.o(i.isr_sem_send) refers to rt_list.o(i.rt_psq_enq) for rt_psq_enq
    rt_semaphore.o(i.isr_sem_send) refers to rt_system.o(i.rt_psh_req) for rt_psh_req
    rt_semaphore.o(i.rt_sem_delete) refers to rt_list.o(i.rt_get_first) for rt_get_first
    rt_semaphore.o(i.rt_sem_delete) refers to hal_cm.o(i.rt_ret_val) for rt_ret_val
    rt_semaphore.o(i.rt_sem_delete) refers to rt_list.o(i.rt_rmv_dly) for rt_rmv_dly
    rt_semaphore.o(i.rt_sem_delete) refers to rt_list.o(i.rt_put_prio) for rt_put_prio
    rt_semaphore.o(i.rt_sem_delete) refers to rt_task.o(i.rt_dispatch) for rt_dispatch
    rt_semaphore.o(i.rt_sem_delete) refers to rt_list.o(.bss) for os_rdy
    rt_semaphore.o(i.rt_sem_delete) refers to rt_task.o(.data) for os_tsk
    rt_semaphore.o(i.rt_sem_psh) refers to rt_list.o(i.rt_get_first) for rt_get_first
    rt_semaphore.o(i.rt_sem_psh) refers to rt_list.o(i.rt_rmv_dly) for rt_rmv_dly
    rt_semaphore.o(i.rt_sem_psh) refers to hal_cm.o(i.rt_ret_val) for rt_ret_val
    rt_semaphore.o(i.rt_sem_psh) refers to rt_list.o(i.rt_put_prio) for rt_put_prio
    rt_semaphore.o(i.rt_sem_psh) refers to rt_list.o(.bss) for os_rdy
    rt_semaphore.o(i.rt_sem_send) refers to rt_list.o(i.rt_get_first) for rt_get_first
    rt_semaphore.o(i.rt_sem_send) refers to hal_cm.o(i.rt_ret_val) for rt_ret_val
    rt_semaphore.o(i.rt_sem_send) refers to rt_list.o(i.rt_rmv_dly) for rt_rmv_dly
    rt_semaphore.o(i.rt_sem_send) refers to rt_task.o(i.rt_dispatch) for rt_dispatch
    rt_semaphore.o(i.rt_sem_wait) refers to rt_list.o(i.rt_put_prio) for rt_put_prio
    rt_semaphore.o(i.rt_sem_wait) refers to rt_task.o(i.rt_block) for rt_block
    rt_semaphore.o(i.rt_sem_wait) refers to rt_task.o(.data) for os_tsk
    rt_time.o(i.rt_dly_wait) refers to rt_task.o(i.rt_block) for rt_block
    rt_time.o(i.rt_itv_set) refers to rt_task.o(.data) for os_tsk
    rt_time.o(i.rt_itv_set) refers to rt_time.o(.data) for .data
    rt_time.o(i.rt_itv_wait) refers to rt_task.o(i.rt_block) for rt_block
    rt_time.o(i.rt_itv_wait) refers to rt_task.o(.data) for os_tsk
    rt_time.o(i.rt_itv_wait) refers to rt_time.o(.data) for .data
    rt_time.o(i.rt_time_get) refers to rt_time.o(.data) for .data
    rt_mutex.o(i.rt_mut_delete) refers to rt_list.o(i.rt_resort_prio) for rt_resort_prio
    rt_mutex.o(i.rt_mut_delete) refers to rt_list.o(i.rt_get_first) for rt_get_first
    rt_mutex.o(i.rt_mut_delete) refers to hal_cm.o(i.rt_ret_val) for rt_ret_val
    rt_mutex.o(i.rt_mut_delete) refers to rt_list.o(i.rt_rmv_dly) for rt_rmv_dly
    rt_mutex.o(i.rt_mut_delete) refers to rt_list.o(i.rt_put_prio) for rt_put_prio
    rt_mutex.o(i.rt_mut_delete) refers to rt_task.o(i.rt_dispatch) for rt_dispatch
    rt_mutex.o(i.rt_mut_delete) refers to rt_task.o(.data) for os_tsk
    rt_mutex.o(i.rt_mut_delete) refers to rt_list.o(.bss) for os_rdy
    rt_mutex.o(i.rt_mut_release) refers to rt_list.o(i.rt_get_first) for rt_get_first
    rt_mutex.o(i.rt_mut_release) refers to hal_cm.o(i.rt_ret_val) for rt_ret_val
    rt_mutex.o(i.rt_mut_release) refers to rt_list.o(i.rt_rmv_dly) for rt_rmv_dly
    rt_mutex.o(i.rt_mut_release) refers to rt_list.o(i.rt_put_prio) for rt_put_prio
    rt_mutex.o(i.rt_mut_release) refers to rt_task.o(i.rt_dispatch) for rt_dispatch
    rt_mutex.o(i.rt_mut_release) refers to rt_task.o(.data) for os_tsk
    rt_mutex.o(i.rt_mut_release) refers to rt_list.o(.bss) for os_rdy
    rt_mutex.o(i.rt_mut_wait) refers to rt_list.o(i.rt_resort_prio) for rt_resort_prio
    rt_mutex.o(i.rt_mut_wait) refers to rt_list.o(i.rt_put_prio) for rt_put_prio
    rt_mutex.o(i.rt_mut_wait) refers to rt_task.o(i.rt_block) for rt_block
    rt_mutex.o(i.rt_mut_wait) refers to rt_task.o(.data) for os_tsk
    rt_membox.o(i._calloc_box) refers to hal_cm3.o(.emb_text) for _alloc_box
    hal_cm.o(i.dbg_init) refers to hal_cm.o(.data) for .data
    hal_cm.o(i.rt_init_stack) refers to rtx_conf_cm.o(.constdata) for os_stackinfo
    rt_robin.o(i.rt_chk_robin) refers to rt_list.o(i.rt_get_first) for rt_get_first
    rt_robin.o(i.rt_chk_robin) refers to rt_list.o(i.rt_put_prio) for rt_put_prio
    rt_robin.o(i.rt_chk_robin) refers to rt_robin.o(.data) for .data
    rt_robin.o(i.rt_chk_robin) refers to rt_list.o(.bss) for os_rdy
    rt_robin.o(i.rt_chk_robin) refers to rt_time.o(.data) for os_time
    rt_robin.o(i.rt_init_robin) refers to rt_robin.o(.data) for .data
    rt_robin.o(i.rt_init_robin) refers to rtx_conf_cm.o(.constdata) for os_rrobin
    hal_cm3.o(.emb_text) refers to rtx_conf_cm.o(.constdata) for os_flags
    hal_cm3.o(.emb_text) refers to rt_membox.o(i.rt_alloc_box) for rt_alloc_box
    hal_cm3.o(.emb_text) refers to rt_membox.o(i.rt_free_box) for rt_free_box
    hal_cm3.o(.emb_text) refers to rt_system.o(i.rt_stk_check) for rt_stk_check
    hal_cm3.o(.emb_text) refers to rt_task.o(.data) for os_tsk
    hal_cm3.o(.emb_text) refers to svc_table.o(SVC_TABLE) for SVC_Count
    hal_cm3.o(.emb_text) refers to rt_system.o(i.rt_pop_req) for rt_pop_req
    hal_cm3.o(.emb_text) refers to rt_system.o(i.rt_systick) for rt_systick
    hal_cm3.o(.emb_text) refers to rt_system.o(i.os_tick_irqack) for os_tick_irqack
    entry.o(.ARM.Collect$$$$00000000) refers (Special) to entry10a.o(.ARM.Collect$$$$0000000D) for __rt_final_cpp
    entry.o(.ARM.Collect$$$$00000000) refers (Special) to entry11a.o(.ARM.Collect$$$$0000000F) for __rt_final_exit
    entry.o(.ARM.Collect$$$$00000000) refers (Special) to entry7b.o(.ARM.Collect$$$$00000008) for _main_clock
    entry.o(.ARM.Collect$$$$00000000) refers (Special) to entry8b.o(.ARM.Collect$$$$0000000A) for _main_cpp_init
    entry.o(.ARM.Collect$$$$00000000) refers (Special) to rtx_conf_cm.o(.ARM.Collect$$$$000000FF) for _main_init
    entry.o(.ARM.Collect$$$$00000000) refers (Special) to entry5.o(.ARM.Collect$$$$00000004) for _main_scatterload
    entry.o(.ARM.Collect$$$$00000000) refers (Special) to entry2.o(.ARM.Collect$$$$00000001) for _main_stk
    uldiv.o(.text) refers to llushr.o(.text) for __aeabi_llsr
    uldiv.o(.text) refers to llshl.o(.text) for __aeabi_llsl
    entry2.o(.ARM.Collect$$$$00000001) refers to entry2.o(.ARM.Collect$$$$00002712) for __lit__00000000
    entry2.o(.ARM.Collect$$$$00002712) refers to startup_lpc17xx.o(STACK) for __initial_sp
    entry2.o(__vectab_stack_and_reset_area) refers to startup_lpc17xx.o(STACK) for __initial_sp
    entry2.o(__vectab_stack_and_reset_area) refers to entry.o(.ARM.Collect$$$$00000000) for __main
    entry5.o(.ARM.Collect$$$$00000004) refers to init.o(.text) for __scatterload
    init.o(.text) refers to entry5.o(.ARM.Collect$$$$00000004) for __main_after_scatterload


==============================================================================

Removing Unused input sections from the image.

    Removing thread.o(.rev16_text), (4 bytes).
    Removing thread.o(.revsh_text), (4 bytes).
    Removing thread.o(.rrx_text), (6 bytes).
    Removing glcd_spi_lpc1700.o(.rev16_text), (4 bytes).
    Removing glcd_spi_lpc1700.o(.revsh_text), (4 bytes).
    Removing glcd_spi_lpc1700.o(.rrx_text), (6 bytes).
    Removing glcd_spi_lpc1700.o(i.GLCD_Bargraph), (104 bytes).
    Removing glcd_spi_lpc1700.o(i.GLCD_Bitmap), (82 bytes).
    Removing glcd_spi_lpc1700.o(i.GLCD_ClearLn), (94 bytes).
    Removing glcd_spi_lpc1700.o(i.GLCD_PutPixel), (128 bytes).
    Removing glcd_spi_lpc1700.o(i.GLCD_ScrollVertical), (2 bytes).
    Removing glcd_spi_lpc1700.o(i.GLCD_WrCmd), (12 bytes).
    Removing glcd_spi_lpc1700.o(i.GLCD_WrReg), (16 bytes).
    Removing led_mcb1700.o(.rev16_text), (4 bytes).
    Removing led_mcb1700.o(.revsh_text), (4 bytes).
    Removing led_mcb1700.o(.rrx_text), (6 bytes).
    Removing led_mcb1700.o(i.LED_GetCount), (4 bytes).
    Removing led_mcb1700.o(i.LED_SetOut), (40 bytes).
    Removing led_mcb1700.o(i.LED_Uninitialize), (48 bytes).
    Removing gpio_lpc17xx.o(.rev16_text), (4 bytes).
    Removing gpio_lpc17xx.o(.revsh_text), (4 bytes).
    Removing gpio_lpc17xx.o(.rrx_text), (6 bytes).
    Removing gpio_lpc17xx.o(i.GPIO_PinRead), (32 bytes).
    Removing gpio_lpc17xx.o(i.GPIO_PortRead), (20 bytes).
    Removing gpio_lpc17xx.o(i.GPIO_PortWrite), (32 bytes).
    Removing pin_lpc17xx.o(.rev16_text), (4 bytes).
    Removing pin_lpc17xx.o(.revsh_text), (4 bytes).
    Removing pin_lpc17xx.o(.rrx_text), (6 bytes).
    Removing pin_lpc17xx.o(i.PIN_ConfigureI2C0Pins), (32 bytes).
    Removing pin_lpc17xx.o(i.PIN_ConfigureTPIU), (40 bytes).
    Removing startup_lpc17xx.o(HEAP), (0 bytes).
    Removing system_lpc17xx.o(.rev16_text), (4 bytes).
    Removing system_lpc17xx.o(.revsh_text), (4 bytes).
    Removing system_lpc17xx.o(.rrx_text), (6 bytes).
    Removing system_lpc17xx.o(i.SystemCoreClockUpdate), (424 bytes).
    Removing system_lpc17xx.o(.data), (4 bytes).
    Removing rt_cmsis.o(.rev16_text), (4 bytes).
    Removing rt_cmsis.o(.revsh_text), (4 bytes).
    Removing rt_cmsis.o(.rrx_text), (6 bytes).
    Removing rt_cmsis.o(i.isrSemaphoreRelease), (40 bytes).
    Removing rt_cmsis.o(i.isrSignalSet), (36 bytes).
    Removing rt_cmsis.o(i.osKernelRunning), (36 bytes).
    Removing rt_cmsis.o(i.osKernelSysTick), (24 bytes).
    Removing rt_cmsis.o(i.osMailAlloc), (28 bytes).
    Removing rt_cmsis.o(i.osMailCAlloc), (48 bytes).
    Removing rt_cmsis.o(i.osMailCreate), (44 bytes).
    Removing rt_cmsis.o(i.osMailFree), (28 bytes).
    Removing rt_cmsis.o(i.osMailGet), (22 bytes).
    Removing rt_cmsis.o(i.osMailPut), (20 bytes).
    Removing rt_cmsis.o(i.osMessageCreate), (44 bytes).
    Removing rt_cmsis.o(i.osMessagePut), (24 bytes).
    Removing rt_cmsis.o(i.osMutexCreate), (44 bytes).
    Removing rt_cmsis.o(i.osMutexDelete), (24 bytes).
    Removing rt_cmsis.o(i.osMutexRelease), (24 bytes).
    Removing rt_cmsis.o(i.osMutexWait), (24 bytes).
    Removing rt_cmsis.o(i.osPoolAlloc), (32 bytes).
    Removing rt_cmsis.o(i.osPoolCAlloc), (52 bytes).
    Removing rt_cmsis.o(i.osPoolCreate), (44 bytes).
    Removing rt_cmsis.o(i.osPoolFree), (32 bytes).
    Removing rt_cmsis.o(i.osSemaphoreCreate), (44 bytes).
    Removing rt_cmsis.o(i.osSemaphoreDelete), (24 bytes).
    Removing rt_cmsis.o(i.osSemaphoreRelease), (24 bytes).
    Removing rt_cmsis.o(i.osSemaphoreWait), (24 bytes).
    Removing rt_cmsis.o(i.osSignalClear), (24 bytes).
    Removing rt_cmsis.o(i.osSignalSet), (24 bytes).
    Removing rt_cmsis.o(i.osSignalWait), (24 bytes).
    Removing rt_cmsis.o(i.osThreadGetId), (24 bytes).
    Removing rt_cmsis.o(i.osThreadGetPriority), (24 bytes).
    Removing rt_cmsis.o(i.osThreadSetPriority), (24 bytes).
    Removing rt_cmsis.o(i.osThreadYield), (24 bytes).
    Removing rt_cmsis.o(i.osTimerCreate), (44 bytes).
    Removing rt_cmsis.o(i.osTimerDelete), (24 bytes).
    Removing rt_cmsis.o(i.osTimerStart), (24 bytes).
    Removing rt_cmsis.o(i.osTimerStop), (24 bytes).
    Removing rt_cmsis.o(i.osWait), (4 bytes).
    Removing rt_cmsis.o(i.os_resume), (12 bytes).
    Removing rt_cmsis.o(i.os_suspend), (12 bytes).
    Removing rt_cmsis.o(i.rt_clr_box), (24 bytes).
    Removing rt_cmsis.o(i.rt_timer_remove), (60 bytes).
    Removing rt_cmsis.o(i.svcKernelRunning), (12 bytes).
    Removing rt_cmsis.o(i.svcKernelSysTick), (56 bytes).
    Removing rt_cmsis.o(i.svcMailCreate), (66 bytes).
    Removing rt_cmsis.o(i.svcMessagePut), (54 bytes).
    Removing rt_cmsis.o(i.svcMutexCreate), (28 bytes).
    Removing rt_cmsis.o(i.svcMutexDelete), (26 bytes).
    Removing rt_cmsis.o(i.svcMutexRelease), (34 bytes).
    Removing rt_cmsis.o(i.svcMutexWait), (58 bytes).
    Removing rt_cmsis.o(i.svcPoolCreate), (40 bytes).
    Removing rt_cmsis.o(i.svcSemaphoreCreate), (36 bytes).
    Removing rt_cmsis.o(i.svcSemaphoreDelete), (26 bytes).
    Removing rt_cmsis.o(i.svcSemaphoreRelease), (40 bytes).
    Removing rt_cmsis.o(i.svcSemaphoreWait), (50 bytes).
    Removing rt_cmsis.o(i.svcSignalClear), (36 bytes).
    Removing rt_cmsis.o(i.svcSignalSet), (36 bytes).
    Removing rt_cmsis.o(i.svcSignalWait), (84 bytes).
    Removing rt_cmsis.o(i.svcThreadGetPriority), (18 bytes).
    Removing rt_cmsis.o(i.svcThreadSetPriority), (46 bytes).
    Removing rt_cmsis.o(i.svcThreadYield), (10 bytes).
    Removing rt_cmsis.o(i.svcTimerCreate), (56 bytes).
    Removing rt_cmsis.o(i.svcTimerDelete), (40 bytes).
    Removing rt_cmsis.o(i.svcTimerStart), (100 bytes).
    Removing rt_cmsis.o(i.svcTimerStop), (36 bytes).
    Removing rt_cmsis.o(i.sysMailAlloc), (88 bytes).
    Removing rt_cmsis.o(i.sysMailFree), (96 bytes).
    Removing rt_cmsis.o(i.sysPoolAlloc), (10 bytes).
    Removing rt_cmsis.o(i.sysPoolFree), (20 bytes).
    Removing rt_cmsis.o(i.sysUserTimerUpdate), (48 bytes).
    Removing rt_cmsis.o(i.sysUserTimerWakeupTime), (20 bytes).
    Removing rt_task.o(i.rt_tsk_pass), (48 bytes).
    Removing rt_system.o(.emb_text), (0 bytes).
    Removing rt_system.o(i.os_tick_ovf), (16 bytes).
    Removing rt_system.o(i.os_tick_val), (20 bytes).
    Removing rt_system.o(i.rt_resume), (136 bytes).
    Removing rt_system.o(i.rt_suspend), (36 bytes).
    Removing rt_system.o(i.rt_tsk_lock), (80 bytes).
    Removing rt_system.o(i.rt_tsk_unlock), (80 bytes).
    Removing rt_event.o(i.isr_evt_set), (40 bytes).
    Removing rt_event.o(i.rt_evt_clr), (28 bytes).
    Removing rt_event.o(i.rt_evt_get), (12 bytes).
    Removing rt_event.o(i.rt_evt_set), (92 bytes).
    Removing rt_event.o(i.rt_evt_wait), (60 bytes).
    Removing rt_list.o(i.rt_get_same_rdy_prio), (36 bytes).
    Removing rt_mailbox.o(i.rt_mbx_send), (152 bytes).
    Removing rt_semaphore.o(i.isr_sem_send), (16 bytes).
    Removing rt_semaphore.o(i.rt_sem_delete), (92 bytes).
    Removing rt_semaphore.o(i.rt_sem_init), (12 bytes).
    Removing rt_semaphore.o(i.rt_sem_send), (42 bytes).
    Removing rt_semaphore.o(i.rt_sem_wait), (64 bytes).
    Removing rt_time.o(i.rt_itv_set), (24 bytes).
    Removing rt_time.o(i.rt_itv_wait), (40 bytes).
    Removing rt_time.o(i.rt_time_get), (12 bytes).
    Removing rt_mutex.o(i.rt_mut_delete), (176 bytes).
    Removing rt_mutex.o(i.rt_mut_init), (16 bytes).
    Removing rt_mutex.o(i.rt_mut_release), (216 bytes).
    Removing rt_mutex.o(i.rt_mut_wait), (120 bytes).
    Removing rt_membox.o(i._calloc_box), (30 bytes).

136 unused section(s) (total 5360 bytes) removed from the image.

==============================================================================

Image Symbol Table

    Local Symbols

    Symbol Name                              Value     Ov Type        Size  Object(Section)

    RESET                                    0x00000000   Section      204  startup_lpc17xx.o(RESET)
    ../clib/microlib/division.c              0x00000000   Number         0  uldiv.o ABSOLUTE
    ../clib/microlib/init/entry.s            0x00000000   Number         0  entry8b.o ABSOLUTE
    ../clib/microlib/init/entry.s            0x00000000   Number         0  entry10a.o ABSOLUTE
    ../clib/microlib/init/entry.s            0x00000000   Number         0  entry7b.o ABSOLUTE
    ../clib/microlib/init/entry.s            0x00000000   Number         0  entry11b.o ABSOLUTE
    ../clib/microlib/init/entry.s            0x00000000   Number         0  entry11a.o ABSOLUTE
    ../clib/microlib/init/entry.s            0x00000000   Number         0  entry.o ABSOLUTE
    ../clib/microlib/init/entry.s            0x00000000   Number         0  entry2.o ABSOLUTE
    ../clib/microlib/init/entry.s            0x00000000   Number         0  entry5.o ABSOLUTE
    ../clib/microlib/init/entry.s            0x00000000   Number         0  entry7a.o ABSOLUTE
    ../clib/microlib/init/entry.s            0x00000000   Number         0  entry10b.o ABSOLUTE
    ../clib/microlib/init/entry.s            0x00000000   Number         0  entry8a.o ABSOLUTE
    ../clib/microlib/longlong.c              0x00000000   Number         0  llushr.o ABSOLUTE
    ../clib/microlib/longlong.c              0x00000000   Number         0  llshl.o ABSOLUTE
    ..\HAL_CM.c                              0x00000000   Number         0  hal_cm.o ABSOLUTE
    ..\\rt_CMSIS.c                           0x00000000   Number         0  rt_cmsis.o ABSOLUTE
    ..\\rt_System.c                          0x00000000   Number         0  rt_system.o ABSOLUTE
    ..\rt_CMSIS.c                            0x00000000   Number         0  rt_cmsis.o ABSOLUTE
    ..\rt_Event.c                            0x00000000   Number         0  rt_event.o ABSOLUTE
    ..\rt_List.c                             0x00000000   Number         0  rt_list.o ABSOLUTE
    ..\rt_Mailbox.c                          0x00000000   Number         0  rt_mailbox.o ABSOLUTE
    ..\rt_MemBox.c                           0x00000000   Number         0  rt_membox.o ABSOLUTE
    ..\rt_Memory.c                           0x00000000   Number         0  rt_memory.o ABSOLUTE
    ..\rt_Mutex.c                            0x00000000   Number         0  rt_mutex.o ABSOLUTE
    ..\rt_Robin.c                            0x00000000   Number         0  rt_robin.o ABSOLUTE
    ..\rt_Semaphore.c                        0x00000000   Number         0  rt_semaphore.o ABSOLUTE
    ..\rt_System.c                           0x00000000   Number         0  rt_system.o ABSOLUTE
    ..\rt_Task.c                             0x00000000   Number         0  rt_task.o ABSOLUTE
    ..\rt_Time.c                             0x00000000   Number         0  rt_time.o ABSOLUTE
    C:\Users\ECBME\AppData\Local\Arm\Packs\Keil\LPC1700_DFP\2.6.0\Boards\Keil\MCB1700\Common\LED_MCB1700.c 0x00000000   Number         0  led_mcb1700.o ABSOLUTE
    C:\Users\ECBME\AppData\Local\Arm\Packs\Keil\LPC1700_DFP\2.6.0\RTE_Driver\GPIO_LPC17xx.c 0x00000000   Number         0  gpio_lpc17xx.o ABSOLUTE
    C:\Users\ECBME\AppData\Local\Arm\Packs\Keil\LPC1700_DFP\2.6.0\RTE_Driver\PIN_LPC17xx.c 0x00000000   Number         0  pin_lpc17xx.o ABSOLUTE
    C:\\Users\\ECBME\\AppData\\Local\\Arm\\Packs\\Keil\\LPC1700_DFP\\2.6.0\\Boards\\Keil\\MCB1700\\Common\\LED_MCB1700.c 0x00000000   Number         0  led_mcb1700.o ABSOLUTE
    C:\\Users\\ECBME\\AppData\\Local\\Arm\\Packs\\Keil\\LPC1700_DFP\\2.6.0\\RTE_Driver\\GPIO_LPC17xx.c 0x00000000   Number         0  gpio_lpc17xx.o ABSOLUTE
    C:\\Users\\ECBME\\AppData\\Local\\Arm\\Packs\\Keil\\LPC1700_DFP\\2.6.0\\RTE_Driver\\PIN_LPC17xx.c 0x00000000   Number         0  pin_lpc17xx.o ABSOLUTE
    GLCD_SPI_LPC1700.c                       0x00000000   Number         0  glcd_spi_lpc1700.o ABSOLUTE
    GLCD_SPI_LPC1700.c                       0x00000000   Number         0  glcd_spi_lpc1700.o ABSOLUTE
    HAL_CM3.c                                0x00000000   Number         0  hal_cm3.o ABSOLUTE
    HAL_CM3.c                                0x00000000   Number         0  hal_cm3.o ABSOLUTE
    RTE\CMSIS\RTX_Conf_CM.c                  0x00000000   Number         0  rtx_conf_cm.o ABSOLUTE
    RTE\Device\LPC1768\startup_LPC17xx.s     0x00000000   Number         0  startup_lpc17xx.o ABSOLUTE
    RTE\Device\LPC1768\system_LPC17xx.c      0x00000000   Number         0  system_lpc17xx.o ABSOLUTE
    RTE\\Device\\LPC1768\\system_LPC17xx.c   0x00000000   Number         0  system_lpc17xx.o ABSOLUTE
    SVC_Table.s                              0x00000000   Number         0  svc_table.o ABSOLUTE
    Thread.c                                 0x00000000   Number         0  thread.o ABSOLUTE
    Thread.c                                 0x00000000   Number         0  thread.o ABSOLUTE
    dc.s                                     0x00000000   Number         0  dc.o ABSOLUTE
    handlers.s                               0x00000000   Number         0  handlers.o ABSOLUTE
    init.s                                   0x00000000   Number         0  init.o ABSOLUTE
    main.c                                   0x00000000   Number         0  main.o ABSOLUTE
    .ARM.Collect$$$$00000000                 0x000000cc   Section        0  entry.o(.ARM.Collect$$$$00000000)
    .ARM.Collect$$$$00000001                 0x000000cc   Section        4  entry2.o(.ARM.Collect$$$$00000001)
    .ARM.Collect$$$$00000004                 0x000000d0   Section        4  entry5.o(.ARM.Collect$$$$00000004)
    .ARM.Collect$$$$00000008                 0x000000d4   Section        0  entry7b.o(.ARM.Collect$$$$00000008)
    .ARM.Collect$$$$0000000A                 0x000000d4   Section        0  entry8b.o(.ARM.Collect$$$$0000000A)
    .ARM.Collect$$$$0000000D                 0x000000d4   Section        0  entry10a.o(.ARM.Collect$$$$0000000D)
    .ARM.Collect$$$$0000000F                 0x000000d4   Section        0  entry11a.o(.ARM.Collect$$$$0000000F)
    .ARM.Collect$$$$000000FF                 0x000000d4   Section        0  rtx_conf_cm.o(.ARM.Collect$$$$000000FF)
    .ARM.Collect$$$$00002712                 0x000000ec   Section        4  entry2.o(.ARM.Collect$$$$00002712)
    __lit__00000000                          0x000000ec   Data           4  entry2.o(.ARM.Collect$$$$00002712)
    .emb_text                                0x000000f0   Section      304  hal_cm3.o(.emb_text)
    .text                                    0x00000220   Section       36  startup_lpc17xx.o(.text)
    .text                                    0x00000244   Section       36  init.o(.text)
    SVC_TABLE                                0x00000268   Section        4  svc_table.o(SVC_TABLE)
    i.Data_Init                              0x0000026c   Section        0  thread.o(i.Data_Init)
    Data_Init                                0x0000026d   Thumb Code    20  thread.o(i.Data_Init)
    i.GLCD_Clear                             0x00000284   Section        0  glcd_spi_lpc1700.o(i.GLCD_Clear)
    i.GLCD_DisplayString                     0x000002ae   Section        0  glcd_spi_lpc1700.o(i.GLCD_DisplayString)
    i.GLCD_SetBackColor                      0x000002d8   Section        0  glcd_spi_lpc1700.o(i.GLCD_SetBackColor)
    i.GLCD_SetTextColor                      0x000002e4   Section        0  glcd_spi_lpc1700.o(i.GLCD_SetTextColor)
    i.__scatterload_null                     0x000002f0   Section        2  handlers.o(i.__scatterload_null)
    i.os_tick_irqack                         0x000002f2   Section        0  rt_system.o(i.os_tick_irqack)
    i.rt_dly_wait                            0x000002f4   Section        0  rt_time.o(i.rt_dly_wait)
    .ARM.__at_0x02FC                         0x000002fc   Section        4  startup_lpc17xx.o(.ARM.__at_0x02FC)
    i.GLCD_DisplayChar                       0x00000300   Section        0  glcd_spi_lpc1700.o(i.GLCD_DisplayChar)
    i.GLCD_DrawChar                          0x0000035c   Section        0  glcd_spi_lpc1700.o(i.GLCD_DrawChar)
    i.GLCD_Init                              0x000003f8   Section        0  glcd_spi_lpc1700.o(i.GLCD_Init)
    i.GLCD_SetWindow                         0x000009e0   Section        0  glcd_spi_lpc1700.o(i.GLCD_SetWindow)
    i.GLCD_WindowMax                         0x00000a8c   Section        0  glcd_spi_lpc1700.o(i.GLCD_WindowMax)
    i.GPIO_PinWrite                          0x00000aa0   Section        0  gpio_lpc17xx.o(i.GPIO_PinWrite)
    i.GPIO_PortClock                         0x00000ac8   Section        0  gpio_lpc17xx.o(i.GPIO_PortClock)
    i.GPIO_SetDir                            0x00000af4   Section        0  gpio_lpc17xx.o(i.GPIO_SetDir)
    i.Init_Thread                            0x00000b2c   Section        0  thread.o(i.Init_Thread)
    i.LED_Initialize                         0x00000b90   Section        0  led_mcb1700.o(i.LED_Initialize)
    i.LED_Off                                0x00000bec   Section        0  led_mcb1700.o(i.LED_Off)
    i.LED_On                                 0x00000c18   Section        0  led_mcb1700.o(i.LED_On)
    i.PIN_Configure                          0x00000c44   Section        0  pin_lpc17xx.o(i.PIN_Configure)
    i.SystemInit                             0x00000d40   Section        0  system_lpc17xx.o(i.SystemInit)
    i.Thread1                                0x00000e80   Section        0  thread.o(i.Thread1)
    i.Thread2                                0x00000f44   Section        0  thread.o(i.Thread2)
    i.Thread3                                0x00001038   Section        0  thread.o(i.Thread3)
    i.__scatterload_copy                     0x0000113c   Section       14  handlers.o(i.__scatterload_copy)
    i.__scatterload_zeroinit                 0x0000114a   Section       14  handlers.o(i.__scatterload_zeroinit)
    i._init_box                              0x00001158   Section        0  rt_membox.o(i._init_box)
    i.dbg_init                               0x000011a0   Section        0  hal_cm.o(i.dbg_init)
    i.dbg_task_notify                        0x000011d0   Section        0  hal_cm.o(i.dbg_task_notify)
    i.dbg_task_switch                        0x000011f0   Section        0  hal_cm.o(i.dbg_task_switch)
    i.delay                                  0x00001200   Section        0  glcd_spi_lpc1700.o(i.delay)
    delay                                    0x00001201   Thumb Code    14  glcd_spi_lpc1700.o(i.delay)
    i.isrMessageGet                          0x0000120e   Section        0  rt_cmsis.o(i.isrMessageGet)
    i.isrMessagePut                          0x00001238   Section        0  rt_cmsis.o(i.isrMessagePut)
    i.isr_mbx_receive                        0x00001264   Section        0  rt_mailbox.o(i.isr_mbx_receive)
    i.isr_mbx_send                           0x000012ba   Section        0  rt_mailbox.o(i.isr_mbx_send)
    i.main                                   0x000012c8   Section        0  main.o(i.main)
    i.osDelay                                0x00001354   Section        0  rt_cmsis.o(i.osDelay)
    i.osKernelInitialize                     0x0000136c   Section        0  rt_cmsis.o(i.osKernelInitialize)
    i.osKernelStart                          0x00001390   Section        0  rt_cmsis.o(i.osKernelStart)
    i.osMessageGet                           0x000013fc   Section        0  rt_cmsis.o(i.osMessageGet)
    i.osThreadCreate                         0x00001414   Section        0  rt_cmsis.o(i.osThreadCreate)
    i.osThreadExit                           0x00001440   Section        0  rt_cmsis.o(i.osThreadExit)
    i.osThreadTerminate                      0x00001458   Section        0  rt_cmsis.o(i.osThreadTerminate)
    i.osTimerCall                            0x00001470   Section        0  rt_cmsis.o(i.osTimerCall)
    i.osTimerThread                          0x0000147c   Section        0  rt_cmsis.o(i.osTimerThread)
    i.os_error                               0x000014a8   Section        0  rtx_conf_cm.o(i.os_error)
    i.os_idle_demon                          0x000014cc   Section        0  rtx_conf_cm.o(i.os_idle_demon)
    i.os_tick_init                           0x000014e0   Section        0  rt_system.o(i.os_tick_init)
    i.rd_id_man                              0x00001508   Section        0  glcd_spi_lpc1700.o(i.rd_id_man)
    rd_id_man                                0x00001509   Thumb Code   132  glcd_spi_lpc1700.o(i.rd_id_man)
    i.rd_reg                                 0x00001594   Section        0  glcd_spi_lpc1700.o(i.rd_reg)
    rd_reg                                   0x00001595   Thumb Code    66  glcd_spi_lpc1700.o(i.rd_reg)
    i.rt_alloc_box                           0x000015dc   Section        0  rt_membox.o(i.rt_alloc_box)
    i.rt_alloc_mem                           0x000015f6   Section        0  rt_memory.o(i.rt_alloc_mem)
    i.rt_block                               0x00001634   Section        0  rt_task.o(i.rt_block)
    i.rt_chk_robin                           0x0000166c   Section        0  rt_robin.o(i.rt_chk_robin)
    i.rt_dec_dly                             0x000016b4   Section        0  rt_list.o(i.rt_dec_dly)
    i.rt_dispatch                            0x00001724   Section        0  rt_task.o(i.rt_dispatch)
    i.rt_evt_psh                             0x00001768   Section        0  rt_event.o(i.rt_evt_psh)
    i.rt_free_box                            0x000017b8   Section        0  rt_membox.o(i.rt_free_box)
    i.rt_free_mem                            0x000017e4   Section        0  rt_memory.o(i.rt_free_mem)
    i.rt_get_first                           0x0000180c   Section        0  rt_list.o(i.rt_get_first)
    i.rt_id2obj                              0x00001834   Section        0  rt_cmsis.o(i.rt_id2obj)
    rt_id2obj                                0x00001835   Thumb Code     8  rt_cmsis.o(i.rt_id2obj)
    i.rt_init_context                        0x0000183c   Section        0  rt_task.o(i.rt_init_context)
    rt_init_context                          0x0000183d   Thumb Code    66  rt_task.o(i.rt_init_context)
    i.rt_init_mem                            0x00001884   Section        0  rt_memory.o(i.rt_init_mem)
    i.rt_init_robin                          0x000018a0   Section        0  rt_robin.o(i.rt_init_robin)
    i.rt_init_stack                          0x000018b8   Section        0  hal_cm.o(i.rt_init_stack)
    i.rt_mbx_check                           0x00001938   Section        0  rt_mailbox.o(i.rt_mbx_check)
    i.rt_mbx_init                            0x00001940   Section        0  rt_mailbox.o(i.rt_mbx_init)
    i.rt_mbx_psh                             0x0000195c   Section        0  rt_mailbox.o(i.rt_mbx_psh)
    i.rt_mbx_wait                            0x00001a4c   Section        0  rt_mailbox.o(i.rt_mbx_wait)
    i.rt_ms2tick                             0x00001b00   Section        0  rt_cmsis.o(i.rt_ms2tick)
    rt_ms2tick                               0x00001b01   Thumb Code    58  rt_cmsis.o(i.rt_ms2tick)
    i.rt_pop_req                             0x00001b44   Section        0  rt_system.o(i.rt_pop_req)
    i.rt_psh_req                             0x00001bc0   Section        0  rt_system.o(i.rt_psh_req)
    i.rt_psq_enq                             0x00001be0   Section        0  rt_list.o(i.rt_psq_enq)
    i.rt_put_dly                             0x00001c3c   Section        0  rt_list.o(i.rt_put_dly)
    i.rt_put_prio                            0x00001c84   Section        0  rt_list.o(i.rt_put_prio)
    i.rt_put_rdy_first                       0x00001cbc   Section        0  rt_list.o(i.rt_put_rdy_first)
    i.rt_resort_prio                         0x00001cd0   Section        0  rt_list.o(i.rt_resort_prio)
    i.rt_ret_val                             0x00001d04   Section        0  hal_cm.o(i.rt_ret_val)
    i.rt_ret_val2                            0x00001d0a   Section        0  hal_cm.o(i.rt_ret_val2)
    i.rt_rmv_dly                             0x00001d12   Section        0  rt_list.o(i.rt_rmv_dly)
    i.rt_rmv_list                            0x00001d3c   Section        0  rt_list.o(i.rt_rmv_list)
    i.rt_sem_psh                             0x00001d6c   Section        0  rt_semaphore.o(i.rt_sem_psh)
    i.rt_stk_check                           0x00001da0   Section        0  rt_system.o(i.rt_stk_check)
    i.rt_switch_req                          0x00001dc4   Section        0  rt_task.o(i.rt_switch_req)
    i.rt_sys_init                            0x00001dec   Section        0  rt_task.o(i.rt_sys_init)
    i.rt_sys_start                           0x00001eb8   Section        0  rt_task.o(i.rt_sys_start)
    i.rt_systick                             0x00001f30   Section        0  rt_system.o(i.rt_systick)
    i.rt_tid2ptcb                            0x00001f70   Section        0  rt_cmsis.o(i.rt_tid2ptcb)
    rt_tid2ptcb                              0x00001f71   Thumb Code    18  rt_cmsis.o(i.rt_tid2ptcb)
    i.rt_timer_insert                        0x00001f84   Section        0  rt_cmsis.o(i.rt_timer_insert)
    rt_timer_insert                          0x00001f85   Thumb Code    48  rt_cmsis.o(i.rt_timer_insert)
    i.rt_tsk_create                          0x00001fb8   Section        0  rt_task.o(i.rt_tsk_create)
    i.rt_tsk_delete                          0x00002040   Section        0  rt_task.o(i.rt_tsk_delete)
    i.rt_tsk_prio                            0x000021bc   Section        0  rt_task.o(i.rt_tsk_prio)
    i.rt_tsk_self                            0x00002238   Section        0  rt_task.o(i.rt_tsk_self)
    i.spi_tran                               0x00002248   Section        0  glcd_spi_lpc1700.o(i.spi_tran)
    spi_tran                                 0x00002249   Thumb Code    28  glcd_spi_lpc1700.o(i.spi_tran)
    i.spi_tran_man                           0x00002268   Section        0  glcd_spi_lpc1700.o(i.spi_tran_man)
    spi_tran_man                             0x00002269   Thumb Code   124  glcd_spi_lpc1700.o(i.spi_tran_man)
    i.svcDelay                               0x000022e8   Section        0  rt_cmsis.o(i.svcDelay)
    i.svcKernelInitialize                    0x000022fc   Section        0  rt_cmsis.o(i.svcKernelInitialize)
    i.svcKernelStart                         0x0000236c   Section        0  rt_cmsis.o(i.svcKernelStart)
    i.svcMessageCreate                       0x000023b4   Section        0  rt_cmsis.o(i.svcMessageCreate)
    i.svcMessageGet                          0x000023d8   Section        0  rt_cmsis.o(i.svcMessageGet)
    i.svcThreadCreate                        0x00002414   Section        0  rt_cmsis.o(i.svcThreadCreate)
    i.svcThreadGetId                         0x00002480   Section        0  rt_cmsis.o(i.svcThreadGetId)
    i.svcThreadTerminate                     0x0000249c   Section        0  rt_cmsis.o(i.svcThreadTerminate)
    i.svcTimerCall                           0x000024d4   Section        0  rt_cmsis.o(i.svcTimerCall)
    i.sysTimerTick                           0x000024ec   Section        0  rt_cmsis.o(i.sysTimerTick)
    i.wr_cmd                                 0x00002548   Section        0  glcd_spi_lpc1700.o(i.wr_cmd)
    wr_cmd                                   0x00002549   Thumb Code    36  glcd_spi_lpc1700.o(i.wr_cmd)
    i.wr_dat                                 0x00002570   Section        0  glcd_spi_lpc1700.o(i.wr_dat)
    wr_dat                                   0x00002571   Thumb Code    36  glcd_spi_lpc1700.o(i.wr_dat)
    i.wr_dat_only                            0x00002598   Section        0  glcd_spi_lpc1700.o(i.wr_dat_only)
    wr_dat_only                              0x00002599   Thumb Code    18  glcd_spi_lpc1700.o(i.wr_dat_only)
    i.wr_dat_start                           0x000025ac   Section        0  glcd_spi_lpc1700.o(i.wr_dat_start)
    wr_dat_start                             0x000025ad   Thumb Code    16  glcd_spi_lpc1700.o(i.wr_dat_start)
    i.wr_dat_stop                            0x000025c0   Section        0  glcd_spi_lpc1700.o(i.wr_dat_stop)
    wr_dat_stop                              0x000025c1   Thumb Code     8  glcd_spi_lpc1700.o(i.wr_dat_stop)
    i.wr_reg                                 0x000025cc   Section        0  glcd_spi_lpc1700.o(i.wr_reg)
    wr_reg                                   0x000025cd   Thumb Code    20  glcd_spi_lpc1700.o(i.wr_reg)
    .constdata                               0x000025e0   Section       48  thread.o(.constdata)
    .constdata                               0x00002610   Section     6272  glcd_spi_lpc1700.o(.constdata)
    .constdata                               0x00003e90   Section       16  led_mcb1700.o(.constdata)
    LED_PIN                                  0x00003e90   Data          16  led_mcb1700.o(.constdata)
    .constdata                               0x00003ea0   Section      104  rtx_conf_cm.o(.constdata)
    __tagsym$$used                           0x00003ebc   Number         0  rtx_conf_cm.o(.constdata)
    __tagsym$$used                           0x00003ec0   Number         0  rtx_conf_cm.o(.constdata)
    __tagsym$$used                           0x00003ec4   Number         0  rtx_conf_cm.o(.constdata)
    __tagsym$$used                           0x00003ec8   Number         0  rtx_conf_cm.o(.constdata)
    .data                                    0x10000000   Section       20  thread.o(.data)
    .data                                    0x10000014   Section        5  glcd_spi_lpc1700.o(.data)
    Color                                    0x10000014   Data           4  glcd_spi_lpc1700.o(.data)
    Himax                                    0x10000018   Data           1  glcd_spi_lpc1700.o(.data)
    .data                                    0x1000001c   Section       20  rtx_conf_cm.o(.data)
    .data                                    0x10000030   Section        8  rt_cmsis.o(.data)
    .data                                    0x10000038   Section        8  rt_task.o(.data)
    .data                                    0x10000040   Section        8  rt_system.o(.data)
    os_lock                                  0x10000040   Data           1  rt_system.o(.data)
    os_psh_flag                              0x10000041   Data           1  rt_system.o(.data)
    pend_flags                               0x10000042   Data           1  rt_system.o(.data)
    .data                                    0x10000048   Section        4  rt_time.o(.data)
    .data                                    0x1000004c   Section        1  hal_cm.o(.data)
    .data                                    0x10000050   Section        8  rt_robin.o(.data)
    .bss                                     0x10000058   Section    16384  thread.o(.bss)
    g_arr                                    0x10000058   Data       16384  thread.o(.bss)
    .bss                                     0x10004058   Section     6416  rtx_conf_cm.o(.bss)
    .bss                                     0x10005968   Section       52  rt_task.o(.bss)
    .bss                                     0x1000599c   Section       48  rt_list.o(.bss)
    STACK                                    0x100059d0   Section      512  startup_lpc17xx.o(STACK)

    Global Symbols

    Symbol Name                              Value     Ov Type        Size  Object(Section)

    BuildAttributes$$THM_ISAv4$P$D$K$B$S$PE$A:L22UL41UL21$X:L11$S22US41US21$IEEE1$IW$USESV6$~STKCKD$USESV7$~SHL$OSPACE$EBA8$MICROLIB$REQ8$PRES8$EABIv2 0x00000000   Number         0  anon$$obj.o ABSOLUTE
    __ARM_use_no_argv                        0x00000000   Number         0  main.o ABSOLUTE
    __Vectors                                0x00000000   Data           4  startup_lpc17xx.o(RESET)
    __cpp_initialize__aeabi_                  - Undefined Weak Reference
    __cxa_finalize                            - Undefined Weak Reference
    __decompress                              - Undefined Weak Reference
    _clock_init                               - Undefined Weak Reference
    _microlib_exit                            - Undefined Weak Reference
    __main                                   0x000000cd   Thumb Code     0  entry.o(.ARM.Collect$$$$00000000)
    _main_stk                                0x000000cd   Thumb Code     0  entry2.o(.ARM.Collect$$$$00000001)
    _main_scatterload                        0x000000d1   Thumb Code     0  entry5.o(.ARM.Collect$$$$00000004)
    __main_after_scatterload                 0x000000d5   Thumb Code     0  entry5.o(.ARM.Collect$$$$00000004)
    __rt_final_cpp                           0x000000d5   Thumb Code     0  entry10a.o(.ARM.Collect$$$$0000000D)
    __rt_final_exit                          0x000000d5   Thumb Code     0  entry11a.o(.ARM.Collect$$$$0000000F)
    _main_clock                              0x000000d5   Thumb Code     0  entry7b.o(.ARM.Collect$$$$00000008)
    _main_cpp_init                           0x000000d5   Thumb Code     0  entry8b.o(.ARM.Collect$$$$0000000A)
    _main_init                               0x000000d5   Thumb Code    18  rtx_conf_cm.o(.ARM.Collect$$$$000000FF)
    rt_set_PSP                               0x000000f1   Thumb Code     6  hal_cm3.o(.emb_text)
    rt_get_PSP                               0x000000f7   Thumb Code     6  hal_cm3.o(.emb_text)
    os_set_env                               0x000000fd   Thumb Code    24  hal_cm3.o(.emb_text)
    _alloc_box                               0x00000119   Thumb Code    28  hal_cm3.o(.emb_text)
    _free_box                                0x00000139   Thumb Code    28  hal_cm3.o(.emb_text)
    SVC_Handler                              0x00000159   Thumb Code   108  hal_cm3.o(.emb_text)
    PendSV_Handler                           0x000001d1   Thumb Code    56  hal_cm3.o(.emb_text)
    SysTick_Handler                          0x0000020d   Thumb Code     8  hal_cm3.o(.emb_text)
    OS_Tick_Handler                          0x00000215   Thumb Code    12  hal_cm3.o(.emb_text)
    Reset_Handler                            0x00000221   Thumb Code     8  startup_lpc17xx.o(.text)
    NMI_Handler                              0x00000229   Thumb Code     2  startup_lpc17xx.o(.text)
    HardFault_Handler                        0x0000022b   Thumb Code     2  startup_lpc17xx.o(.text)
    MemManage_Handler                        0x0000022d   Thumb Code     2  startup_lpc17xx.o(.text)
    BusFault_Handler                         0x0000022f   Thumb Code     2  startup_lpc17xx.o(.text)
    UsageFault_Handler                       0x00000231   Thumb Code     2  startup_lpc17xx.o(.text)
    DebugMon_Handler                         0x00000235   Thumb Code     2  startup_lpc17xx.o(.text)
    ADC_IRQHandler                           0x0000023b   Thumb Code     0  startup_lpc17xx.o(.text)
    BOD_IRQHandler                           0x0000023b   Thumb Code     0  startup_lpc17xx.o(.text)
    CANActivity_IRQHandler                   0x0000023b   Thumb Code     0  startup_lpc17xx.o(.text)
    CAN_IRQHandler                           0x0000023b   Thumb Code     0  startup_lpc17xx.o(.text)
    DMA_IRQHandler                           0x0000023b   Thumb Code     0  startup_lpc17xx.o(.text)
    EINT0_IRQHandler                         0x0000023b   Thumb Code     0  startup_lpc17xx.o(.text)
    EINT1_IRQHandler                         0x0000023b   Thumb Code     0  startup_lpc17xx.o(.text)
    EINT2_IRQHandler                         0x0000023b   Thumb Code     0  startup_lpc17xx.o(.text)
    EINT3_IRQHandler                         0x0000023b   Thumb Code     0  startup_lpc17xx.o(.text)
    ENET_IRQHandler                          0x0000023b   Thumb Code     0  startup_lpc17xx.o(.text)
    I2C0_IRQHandler                          0x0000023b   Thumb Code     0  startup_lpc17xx.o(.text)
    I2C1_IRQHandler                          0x0000023b   Thumb Code     0  startup_lpc17xx.o(.text)
    I2C2_IRQHandler                          0x0000023b   Thumb Code     0  startup_lpc17xx.o(.text)
    I2S_IRQHandler                           0x0000023b   Thumb Code     0  startup_lpc17xx.o(.text)
    MCPWM_IRQHandler                         0x0000023b   Thumb Code     0  startup_lpc17xx.o(.text)
    PLL0_IRQHandler                          0x0000023b   Thumb Code     0  startup_lpc17xx.o(.text)
    PLL1_IRQHandler                          0x0000023b   Thumb Code     0  startup_lpc17xx.o(.text)
    PWM1_IRQHandler                          0x0000023b   Thumb Code     0  startup_lpc17xx.o(.text)
    QEI_IRQHandler                           0x0000023b   Thumb Code     0  startup_lpc17xx.o(.text)
    RIT_IRQHandler                           0x0000023b   Thumb Code     0  startup_lpc17xx.o(.text)
    RTC_IRQHandler                           0x0000023b   Thumb Code     0  startup_lpc17xx.o(.text)
    SPI_IRQHandler                           0x0000023b   Thumb Code     0  startup_lpc17xx.o(.text)
    SSP0_IRQHandler                          0x0000023b   Thumb Code     0  startup_lpc17xx.o(.text)
    SSP1_IRQHandler                          0x0000023b   Thumb Code     0  startup_lpc17xx.o(.text)
    TIMER0_IRQHandler                        0x0000023b   Thumb Code     0  startup_lpc17xx.o(.text)
    TIMER1_IRQHandler                        0x0000023b   Thumb Code     0  startup_lpc17xx.o(.text)
    TIMER2_IRQHandler                        0x0000023b   Thumb Code     0  startup_lpc17xx.o(.text)
    TIMER3_IRQHandler                        0x0000023b   Thumb Code     0  startup_lpc17xx.o(.text)
    UART0_IRQHandler                         0x0000023b   Thumb Code     0  startup_lpc17xx.o(.text)
    UART1_IRQHandler                         0x0000023b   Thumb Code     0  startup_lpc17xx.o(.text)
    UART2_IRQHandler                         0x0000023b   Thumb Code     0  startup_lpc17xx.o(.text)
    UART3_IRQHandler                         0x0000023b   Thumb Code     0  startup_lpc17xx.o(.text)
    USBActivity_IRQHandler                   0x0000023b   Thumb Code     0  startup_lpc17xx.o(.text)
    USB_IRQHandler                           0x0000023b   Thumb Code     0  startup_lpc17xx.o(.text)
    WDT_IRQHandler                           0x0000023b   Thumb Code     0  startup_lpc17xx.o(.text)
    __scatterload                            0x00000245   Thumb Code    28  init.o(.text)
    __scatterload_rt2                        0x00000245   Thumb Code     0  init.o(.text)
    SVC_Count                                0x00000268   Data           4  svc_table.o(SVC_TABLE)
    SVC_Table                                0x0000026c   Data           0  svc_table.o(SVC_TABLE)
    GLCD_Clear                               0x00000285   Thumb Code    42  glcd_spi_lpc1700.o(i.GLCD_Clear)
    GLCD_DisplayString                       0x000002af   Thumb Code    40  glcd_spi_lpc1700.o(i.GLCD_DisplayString)
    GLCD_SetBackColor                        0x000002d9   Thumb Code     6  glcd_spi_lpc1700.o(i.GLCD_SetBackColor)
    GLCD_SetTextColor                        0x000002e5   Thumb Code     6  glcd_spi_lpc1700.o(i.GLCD_SetTextColor)
    __scatterload_null                       0x000002f1   Thumb Code     2  handlers.o(i.__scatterload_null)
    os_tick_irqack                           0x000002f3   Thumb Code     2  rt_system.o(i.os_tick_irqack)
    rt_dly_wait                              0x000002f5   Thumb Code     6  rt_time.o(i.rt_dly_wait)
    GLCD_DisplayChar                         0x00000301   Thumb Code    84  glcd_spi_lpc1700.o(i.GLCD_DisplayChar)
    GLCD_DrawChar                            0x0000035d   Thumb Code   150  glcd_spi_lpc1700.o(i.GLCD_DrawChar)
    GLCD_Init                                0x000003f9   Thumb Code  1506  glcd_spi_lpc1700.o(i.GLCD_Init)
    __RL_RTX_VER                             0x00000482   Number         0  rt_system.o ABSOLUTE
    GLCD_SetWindow                           0x000009e1   Thumb Code   168  glcd_spi_lpc1700.o(i.GLCD_SetWindow)
    GLCD_WindowMax                           0x00000a8d   Thumb Code    18  glcd_spi_lpc1700.o(i.GLCD_WindowMax)
    GPIO_PinWrite                            0x00000aa1   Thumb Code    36  gpio_lpc17xx.o(i.GPIO_PinWrite)
    GPIO_PortClock                           0x00000ac9   Thumb Code    38  gpio_lpc17xx.o(i.GPIO_PortClock)
    GPIO_SetDir                              0x00000af5   Thumb Code    52  gpio_lpc17xx.o(i.GPIO_SetDir)
    Init_Thread                              0x00000b2d   Thumb Code    74  thread.o(i.Init_Thread)
    LED_Initialize                           0x00000b91   Thumb Code    88  led_mcb1700.o(i.LED_Initialize)
    LED_Off                                  0x00000bed   Thumb Code    40  led_mcb1700.o(i.LED_Off)
    LED_On                                   0x00000c19   Thumb Code    40  led_mcb1700.o(i.LED_On)
    PIN_Configure                            0x00000c45   Thumb Code   246  pin_lpc17xx.o(i.PIN_Configure)
    SystemInit                               0x00000d41   Thumb Code   302  system_lpc17xx.o(i.SystemInit)
    Thread1                                  0x00000e81   Thumb Code   134  thread.o(i.Thread1)
    Thread2                                  0x00000f45   Thumb Code   180  thread.o(i.Thread2)
    Thread3                                  0x00001039   Thumb Code   196  thread.o(i.Thread3)
    __scatterload_copy                       0x0000113d   Thumb Code    14  handlers.o(i.__scatterload_copy)
    __scatterload_zeroinit                   0x0000114b   Thumb Code    14  handlers.o(i.__scatterload_zeroinit)
    _init_box                                0x00001159   Thumb Code    70  rt_membox.o(i._init_box)
    dbg_init                                 0x000011a1   Thumb Code    34  hal_cm.o(i.dbg_init)
    dbg_task_notify                          0x000011d1   Thumb Code    32  hal_cm.o(i.dbg_task_notify)
    dbg_task_switch                          0x000011f1   Thumb Code    16  hal_cm.o(i.dbg_task_switch)
    isrMessageGet                            0x0000120f   Thumb Code    42  rt_cmsis.o(i.isrMessageGet)
    isrMessagePut                            0x00001239   Thumb Code    44  rt_cmsis.o(i.isrMessagePut)
    isr_mbx_receive                          0x00001265   Thumb Code    86  rt_mailbox.o(i.isr_mbx_receive)
    isr_mbx_send                             0x000012bb   Thumb Code    14  rt_mailbox.o(i.isr_mbx_send)
    main                                     0x000012c9   Thumb Code    96  main.o(i.main)
    osDelay                                  0x00001355   Thumb Code    18  rt_cmsis.o(i.osDelay)
    osKernelInitialize                       0x0000136d   Thumb Code    30  rt_cmsis.o(i.osKernelInitialize)
    osKernelStart                            0x00001391   Thumb Code    98  rt_cmsis.o(i.osKernelStart)
    osMessageGet                             0x000013fd   Thumb Code    18  rt_cmsis.o(i.osMessageGet)
    osThreadCreate                           0x00001415   Thumb Code    36  rt_cmsis.o(i.osThreadCreate)
    osThreadExit                             0x00001441   Thumb Code    14  rt_cmsis.o(i.osThreadExit)
    osThreadTerminate                        0x00001459   Thumb Code    18  rt_cmsis.o(i.osThreadTerminate)
    osTimerCall                              0x00001471   Thumb Code     8  rt_cmsis.o(i.osTimerCall)
    osTimerThread                            0x0000147d   Thumb Code    38  rt_cmsis.o(i.osTimerThread)
    os_error                                 0x000014a9   Thumb Code    34  rtx_conf_cm.o(i.os_error)
    os_idle_demon                            0x000014cd   Thumb Code    14  rtx_conf_cm.o(i.os_idle_demon)
    os_tick_init                             0x000014e1   Thumb Code    32  rt_system.o(i.os_tick_init)
    rt_alloc_box                             0x000015dd   Thumb Code    26  rt_membox.o(i.rt_alloc_box)
    rt_alloc_mem                             0x000015f7   Thumb Code    62  rt_memory.o(i.rt_alloc_mem)
    rt_block                                 0x00001635   Thumb Code    48  rt_task.o(i.rt_block)
    rt_chk_robin                             0x0000166d   Thumb Code    60  rt_robin.o(i.rt_chk_robin)
    rt_dec_dly                               0x000016b5   Thumb Code   102  rt_list.o(i.rt_dec_dly)
    rt_dispatch                              0x00001725   Thumb Code    60  rt_task.o(i.rt_dispatch)
    rt_evt_psh                               0x00001769   Thumb Code    76  rt_event.o(i.rt_evt_psh)
    rt_free_box                              0x000017b9   Thumb Code    44  rt_membox.o(i.rt_free_box)
    rt_free_mem                              0x000017e5   Thumb Code    40  rt_memory.o(i.rt_free_mem)
    rt_get_first                             0x0000180d   Thumb Code    40  rt_list.o(i.rt_get_first)
    rt_init_mem                              0x00001885   Thumb Code    26  rt_memory.o(i.rt_init_mem)
    rt_init_robin                            0x000018a1   Thumb Code    14  rt_robin.o(i.rt_init_robin)
    rt_init_stack                            0x000018b9   Thumb Code   118  hal_cm.o(i.rt_init_stack)
    rt_mbx_check                             0x00001939   Thumb Code     8  rt_mailbox.o(i.rt_mbx_check)
    rt_mbx_init                              0x00001941   Thumb Code    26  rt_mailbox.o(i.rt_mbx_init)
    rt_mbx_psh                               0x0000195d   Thumb Code   236  rt_mailbox.o(i.rt_mbx_psh)
    rt_mbx_wait                              0x00001a4d   Thumb Code   174  rt_mailbox.o(i.rt_mbx_wait)
    rt_pop_req                               0x00001b45   Thumb Code   112  rt_system.o(i.rt_pop_req)
    rt_psh_req                               0x00001bc1   Thumb Code    22  rt_system.o(i.rt_psh_req)
    rt_psq_enq                               0x00001be1   Thumb Code    88  rt_list.o(i.rt_psq_enq)
    rt_put_dly                               0x00001c3d   Thumb Code    68  rt_list.o(i.rt_put_dly)
    rt_put_prio                              0x00001c85   Thumb Code    54  rt_list.o(i.rt_put_prio)
    rt_put_rdy_first                         0x00001cbd   Thumb Code    14  rt_list.o(i.rt_put_rdy_first)
    rt_resort_prio                           0x00001cd1   Thumb Code    46  rt_list.o(i.rt_resort_prio)
    rt_ret_val                               0x00001d05   Thumb Code     6  hal_cm.o(i.rt_ret_val)
    rt_ret_val2                              0x00001d0b   Thumb Code     8  hal_cm.o(i.rt_ret_val2)
    rt_rmv_dly                               0x00001d13   Thumb Code    40  rt_list.o(i.rt_rmv_dly)
    rt_rmv_list                              0x00001d3d   Thumb Code    44  rt_list.o(i.rt_rmv_list)
    rt_sem_psh                               0x00001d6d   Thumb Code    48  rt_semaphore.o(i.rt_sem_psh)
    rt_stk_check                             0x00001da1   Thumb Code    28  rt_system.o(i.rt_stk_check)
    rt_switch_req                            0x00001dc5   Thumb Code    30  rt_task.o(i.rt_switch_req)
    rt_sys_init                              0x00001ded   Thumb Code   138  rt_task.o(i.rt_sys_init)
    rt_sys_start                             0x00001eb9   Thumb Code   110  rt_task.o(i.rt_sys_start)
    rt_systick                               0x00001f31   Thumb Code    50  rt_system.o(i.rt_systick)
    rt_tsk_create                            0x00001fb9   Thumb Code   118  rt_task.o(i.rt_tsk_create)
    rt_tsk_delete                            0x00002041   Thumb Code   352  rt_task.o(i.rt_tsk_delete)
    rt_tsk_prio                              0x000021bd   Thumb Code   108  rt_task.o(i.rt_tsk_prio)
    rt_tsk_self                              0x00002239   Thumb Code    12  rt_task.o(i.rt_tsk_self)
    svcDelay                                 0x000022e9   Thumb Code    18  rt_cmsis.o(i.svcDelay)
    svcKernelInitialize                      0x000022fd   Thumb Code    80  rt_cmsis.o(i.svcKernelInitialize)
    svcKernelStart                           0x0000236d   Thumb Code    62  rt_cmsis.o(i.svcKernelStart)
    svcMessageCreate                         0x000023b5   Thumb Code    36  rt_cmsis.o(i.svcMessageCreate)
    svcMessageGet                            0x000023d9   Thumb Code    58  rt_cmsis.o(i.svcMessageGet)
    svcThreadCreate                          0x00002415   Thumb Code    96  rt_cmsis.o(i.svcThreadCreate)
    svcThreadGetId                           0x00002481   Thumb Code    22  rt_cmsis.o(i.svcThreadGetId)
    svcThreadTerminate                       0x0000249d   Thumb Code    50  rt_cmsis.o(i.svcThreadTerminate)
    svcTimerCall                             0x000024d5   Thumb Code    24  rt_cmsis.o(i.svcTimerCall)
    sysTimerTick                             0x000024ed   Thumb Code    84  rt_cmsis.o(i.sysTimerTick)
    os_thread_def_Thread1                    0x000025e0   Data          16  thread.o(.constdata)
    os_thread_def_Thread2                    0x000025f0   Data          16  thread.o(.constdata)
    os_thread_def_Thread3                    0x00002600   Data          16  thread.o(.constdata)
    Font_6x8_h                               0x00002610   Data         896  glcd_spi_lpc1700.o(.constdata)
    Font_16x24_h                             0x00002990   Data        5376  glcd_spi_lpc1700.o(.constdata)
    os_maxtaskrun                            0x00003ea0   Data           2  rtx_conf_cm.o(.constdata)
    os_stackinfo                             0x00003ea4   Data           4  rtx_conf_cm.o(.constdata)
    os_rrobin                                0x00003ea8   Data           4  rtx_conf_cm.o(.constdata)
    os_tickfreq                              0x00003eac   Data           4  rtx_conf_cm.o(.constdata)
    os_tickus_i                              0x00003eb0   Data           2  rtx_conf_cm.o(.constdata)
    os_tickus_f                              0x00003eb2   Data           2  rtx_conf_cm.o(.constdata)
    os_trv                                   0x00003eb4   Data           4  rtx_conf_cm.o(.constdata)
    os_flags                                 0x00003eb8   Data           1  rtx_conf_cm.o(.constdata)
    CMSIS_RTOS_API_Version                   0x00003ebc   Data           4  rtx_conf_cm.o(.constdata)
    CMSIS_RTOS_RTX_Version                   0x00003ec0   Data           4  rtx_conf_cm.o(.constdata)
    os_clockrate                             0x00003ec4   Data           4  rtx_conf_cm.o(.constdata)
    os_timernum                              0x00003ec8   Data           4  rtx_conf_cm.o(.constdata)
    mp_tcb_size                              0x00003ecc   Data           2  rtx_conf_cm.o(.constdata)
    mp_stk_size                              0x00003ed0   Data           4  rtx_conf_cm.o(.constdata)
    os_stack_sz                              0x00003ed4   Data           4  rtx_conf_cm.o(.constdata)
    os_fifo_size                             0x00003ed8   Data           1  rtx_conf_cm.o(.constdata)
    os_thread_def_osTimerThread              0x00003edc   Data          16  rtx_conf_cm.o(.constdata)
    os_messageQ_def_osTimerMessageQ          0x00003eec   Data           8  rtx_conf_cm.o(.constdata)
    mp_tmr_size                              0x00003ef4   Data           2  rtx_conf_cm.o(.constdata)
    os_thread_def_main                       0x00003ef8   Data          16  rtx_conf_cm.o(.constdata)
    Region$$Table$$Base                      0x00003f08   Number         0  anon$$obj.o(Region$$Table)
    Region$$Table$$Limit                     0x00003f28   Number         0  anon$$obj.o(Region$$Table)
    i                                        0x10000000   Data           4  thread.o(.data)
    current                                  0x10000004   Data           4  thread.o(.data)
    tid_Thread                               0x10000008   Data           4  thread.o(.data)
    tid2_Thread                              0x1000000c   Data           4  thread.o(.data)
    tid3_Thread                              0x10000010   Data           4  thread.o(.data)
    countIDLE                                0x1000001c   Data           4  rtx_conf_cm.o(.data)
    osThreadId_osTimerThread                 0x10000020   Data           4  rtx_conf_cm.o(.data)
    osMessageQId_osTimerMessageQ             0x10000024   Data           4  rtx_conf_cm.o(.data)
    os_tmr                                   0x10000028   Data           4  rtx_conf_cm.o(.data)
    m_tmr                                    0x1000002c   Data           4  rtx_conf_cm.o(.data)
    os_initialized                           0x10000030   Data           1  rt_cmsis.o(.data)
    os_running                               0x10000031   Data           1  rt_cmsis.o(.data)
    os_timer_head                            0x10000034   Data           4  rt_cmsis.o(.data)
    os_tsk                                   0x10000038   Data           8  rt_task.o(.data)
    os_tick_irqn                             0x10000044   Data           4  rt_system.o(.data)
    os_time                                  0x10000048   Data           4  rt_time.o(.data)
    dbg_msg                                  0x1000004c   Data           1  hal_cm.o(.data)
    os_robin                                 0x10000050   Data           8  rt_robin.o(.data)
    mp_tcb                                   0x10004058   Data         376  rtx_conf_cm.o(.bss)
    mp_stk                                   0x100041d0   Data        4816  rtx_conf_cm.o(.bss)
    os_stack_mem                             0x100054a0   Data        1032  rtx_conf_cm.o(.bss)
    os_fifo                                  0x100058a8   Data         132  rtx_conf_cm.o(.bss)
    os_active_TCB                            0x1000592c   Data          28  rtx_conf_cm.o(.bss)
    os_messageQ_q_osTimerMessageQ            0x10005948   Data          32  rtx_conf_cm.o(.bss)
    os_idle_TCB                              0x10005968   Data          52  rt_task.o(.bss)
    os_rdy                                   0x1000599c   Data          24  rt_list.o(.bss)
    os_dly                                   0x100059b4   Data          24  rt_list.o(.bss)
    __initial_sp                             0x10005bd0   Data           0  startup_lpc17xx.o(STACK)



==============================================================================

Memory Map of the image

  Image Entry point : 0x00000221

  Load Region LR_1 (Base: 0x00000000, Size: 0x00003f80, Max: 0xffffffff, ABSOLUTE)

    Execution Region ER_RO (Exec base: 0x00000000, Load base: 0x00000000, Size: 0x00003f28, Max: 0xffffffff, ABSOLUTE)

    Exec Addr    Load Addr    Size         Type   Attr      Idx    E Section Name        Object

    0x00000000   0x00000000   0x000000cc   Data   RO          491    RESET               startup_lpc17xx.o
    0x000000cc   0x000000cc   0x00000000   Code   RO         1746  * .ARM.Collect$$$$00000000  mc_w.l(entry.o)
    0x000000cc   0x000000cc   0x00000004   Code   RO         1751    .ARM.Collect$$$$00000001  mc_w.l(entry2.o)
    0x000000d0   0x000000d0   0x00000004   Code   RO         1754    .ARM.Collect$$$$00000004  mc_w.l(entry5.o)
    0x000000d4   0x000000d4   0x00000000   Code   RO         1756    .ARM.Collect$$$$00000008  mc_w.l(entry7b.o)
    0x000000d4   0x000000d4   0x00000000   Code   RO         1758    .ARM.Collect$$$$0000000A  mc_w.l(entry8b.o)
    0x000000d4   0x000000d4   0x00000000   Code   RO         1759    .ARM.Collect$$$$0000000D  mc_w.l(entry10a.o)
    0x000000d4   0x000000d4   0x00000000   Code   RO         1761    .ARM.Collect$$$$0000000F  mc_w.l(entry11a.o)
    0x000000d4   0x000000d4   0x00000018   Code   RO          364    .ARM.Collect$$$$000000FF  rtx_conf_cm.o
    0x000000ec   0x000000ec   0x00000004   Code   RO         1752    .ARM.Collect$$$$00002712  mc_w.l(entry2.o)
    0x000000f0   0x000000f0   0x00000130   Code   RO         1733    .emb_text           RTX_CM3.lib(hal_cm3.o)
    0x00000220   0x00000220   0x00000024   Code   RO          493  * .text               startup_lpc17xx.o
    0x00000244   0x00000244   0x00000024   Code   RO         1767    .text               mc_w.l(init.o)
    0x00000268   0x00000268   0x00000004   Code   RO         1743    SVC_TABLE           RTX_CM3.lib(svc_table.o)
    0x0000026c   0x0000026c   0x00000018   Code   RO            4    i.Data_Init         thread.o
    0x00000284   0x00000284   0x0000002a   Code   RO          115    i.GLCD_Clear        glcd_spi_lpc1700.o
    0x000002ae   0x000002ae   0x00000028   Code   RO          118    i.GLCD_DisplayString  glcd_spi_lpc1700.o
    0x000002d6   0x000002d6   0x00000002   PAD
    0x000002d8   0x000002d8   0x0000000c   Code   RO          123    i.GLCD_SetBackColor  glcd_spi_lpc1700.o
    0x000002e4   0x000002e4   0x0000000c   Code   RO          124    i.GLCD_SetTextColor  glcd_spi_lpc1700.o
    0x000002f0   0x000002f0   0x00000002   Code   RO         1772    i.__scatterload_null  mc_w.l(handlers.o)
    0x000002f2   0x000002f2   0x00000002   Code   RO         1246    i.os_tick_irqack    RTX_CM3.lib(rt_system.o)
    0x000002f4   0x000002f4   0x00000006   Code   RO         1547    i.rt_dly_wait       RTX_CM3.lib(rt_time.o)
    0x000002fa   0x000002fa   0x00000002   PAD
    0x000002fc   0x000002fc   0x00000004   Code   RO          492    .ARM.__at_0x02FC    startup_lpc17xx.o
    0x00000300   0x00000300   0x0000005c   Code   RO          117    i.GLCD_DisplayChar  glcd_spi_lpc1700.o
    0x0000035c   0x0000035c   0x0000009c   Code   RO          119    i.GLCD_DrawChar     glcd_spi_lpc1700.o
    0x000003f8   0x000003f8   0x000005e8   Code   RO          120    i.GLCD_Init         glcd_spi_lpc1700.o
    0x000009e0   0x000009e0   0x000000ac   Code   RO          125    i.GLCD_SetWindow    glcd_spi_lpc1700.o
    0x00000a8c   0x00000a8c   0x00000012   Code   RO          126    i.GLCD_WindowMax    glcd_spi_lpc1700.o
    0x00000a9e   0x00000a9e   0x00000002   PAD
    0x00000aa0   0x00000aa0   0x00000028   Code   RO          403    i.GPIO_PinWrite     gpio_lpc17xx.o
    0x00000ac8   0x00000ac8   0x0000002c   Code   RO          404    i.GPIO_PortClock    gpio_lpc17xx.o
    0x00000af4   0x00000af4   0x00000038   Code   RO          407    i.GPIO_SetDir       gpio_lpc17xx.o
    0x00000b2c   0x00000b2c   0x00000064   Code   RO            5    i.Init_Thread       thread.o
    0x00000b90   0x00000b90   0x0000005c   Code   RO          303    i.LED_Initialize    led_mcb1700.o
    0x00000bec   0x00000bec   0x0000002c   Code   RO          304    i.LED_Off           led_mcb1700.o
    0x00000c18   0x00000c18   0x0000002c   Code   RO          305    i.LED_On            led_mcb1700.o
    0x00000c44   0x00000c44   0x000000fc   Code   RO          456    i.PIN_Configure     pin_lpc17xx.o
    0x00000d40   0x00000d40   0x00000140   Code   RO          503    i.SystemInit        system_lpc17xx.o
    0x00000e80   0x00000e80   0x000000c4   Code   RO            6    i.Thread1           thread.o
    0x00000f44   0x00000f44   0x000000f4   Code   RO            7    i.Thread2           thread.o
    0x00001038   0x00001038   0x00000104   Code   RO            8    i.Thread3           thread.o
    0x0000113c   0x0000113c   0x0000000e   Code   RO         1771    i.__scatterload_copy  mc_w.l(handlers.o)
    0x0000114a   0x0000114a   0x0000000e   Code   RO         1773    i.__scatterload_zeroinit  mc_w.l(handlers.o)
    0x00001158   0x00001158   0x00000046   Code   RO         1611    i._init_box         RTX_CM3.lib(rt_membox.o)
    0x0000119e   0x0000119e   0x00000002   PAD
    0x000011a0   0x000011a0   0x00000030   Code   RO         1664    i.dbg_init          RTX_CM3.lib(hal_cm.o)
    0x000011d0   0x000011d0   0x00000020   Code   RO         1665    i.dbg_task_notify   RTX_CM3.lib(hal_cm.o)
    0x000011f0   0x000011f0   0x00000010   Code   RO         1666    i.dbg_task_switch   RTX_CM3.lib(hal_cm.o)
    0x00001200   0x00001200   0x0000000e   Code   RO          129    i.delay             glcd_spi_lpc1700.o
    0x0000120e   0x0000120e   0x0000002a   Code   RO          538    i.isrMessageGet     RTX_CM3.lib(rt_cmsis.o)
    0x00001238   0x00001238   0x0000002c   Code   RO          539    i.isrMessagePut     RTX_CM3.lib(rt_cmsis.o)
    0x00001264   0x00001264   0x00000056   Code   RO         1457    i.isr_mbx_receive   RTX_CM3.lib(rt_mailbox.o)
    0x000012ba   0x000012ba   0x0000000e   Code   RO         1458    i.isr_mbx_send      RTX_CM3.lib(rt_mailbox.o)
    0x000012c8   0x000012c8   0x0000008c   Code   RO           95    i.main              main.o
    0x00001354   0x00001354   0x00000018   Code   RO          542    i.osDelay           RTX_CM3.lib(rt_cmsis.o)
    0x0000136c   0x0000136c   0x00000024   Code   RO          543    i.osKernelInitialize  RTX_CM3.lib(rt_cmsis.o)
    0x00001390   0x00001390   0x0000006c   Code   RO          545    i.osKernelStart     RTX_CM3.lib(rt_cmsis.o)
    0x000013fc   0x000013fc   0x00000018   Code   RO          554    i.osMessageGet      RTX_CM3.lib(rt_cmsis.o)
    0x00001414   0x00001414   0x0000002c   Code   RO          571    i.osThreadCreate    RTX_CM3.lib(rt_cmsis.o)
    0x00001440   0x00001440   0x00000018   Code   RO          572    i.osThreadExit      RTX_CM3.lib(rt_cmsis.o)
    0x00001458   0x00001458   0x00000018   Code   RO          576    i.osThreadTerminate  RTX_CM3.lib(rt_cmsis.o)
    0x00001470   0x00001470   0x0000000c   Code   RO          578    i.osTimerCall       RTX_CM3.lib(rt_cmsis.o)
    0x0000147c   0x0000147c   0x0000002c   Code   RO          583    i.osTimerThread     RTX_CM3.lib(rt_cmsis.o)
    0x000014a8   0x000014a8   0x00000022   Code   RO          365    i.os_error          rtx_conf_cm.o
    0x000014ca   0x000014ca   0x00000002   PAD
    0x000014cc   0x000014cc   0x00000014   Code   RO          366    i.os_idle_demon     rtx_conf_cm.o
    0x000014e0   0x000014e0   0x00000028   Code   RO         1245    i.os_tick_init      RTX_CM3.lib(rt_system.o)
    0x00001508   0x00001508   0x0000008c   Code   RO          130    i.rd_id_man         glcd_spi_lpc1700.o
    0x00001594   0x00001594   0x00000048   Code   RO          131    i.rd_reg            glcd_spi_lpc1700.o
    0x000015dc   0x000015dc   0x0000001a   Code   RO         1612    i.rt_alloc_box      RTX_CM3.lib(rt_membox.o)
    0x000015f6   0x000015f6   0x0000003e   Code   RO         1640    i.rt_alloc_mem      RTX_CM3.lib(rt_memory.o)
    0x00001634   0x00001634   0x00000038   Code   RO         1160    i.rt_block          RTX_CM3.lib(rt_task.o)
    0x0000166c   0x0000166c   0x00000048   Code   RO         1712    i.rt_chk_robin      RTX_CM3.lib(rt_robin.o)
    0x000016b4   0x000016b4   0x00000070   Code   RO         1381    i.rt_dec_dly        RTX_CM3.lib(rt_list.o)
    0x00001724   0x00001724   0x00000044   Code   RO         1161    i.rt_dispatch       RTX_CM3.lib(rt_task.o)
    0x00001768   0x00001768   0x00000050   Code   RO         1338    i.rt_evt_psh        RTX_CM3.lib(rt_event.o)
    0x000017b8   0x000017b8   0x0000002c   Code   RO         1613    i.rt_free_box       RTX_CM3.lib(rt_membox.o)
    0x000017e4   0x000017e4   0x00000028   Code   RO         1641    i.rt_free_mem       RTX_CM3.lib(rt_memory.o)
    0x0000180c   0x0000180c   0x00000028   Code   RO         1382    i.rt_get_first      RTX_CM3.lib(rt_list.o)
    0x00001834   0x00001834   0x00000008   Code   RO          588    i.rt_id2obj         RTX_CM3.lib(rt_cmsis.o)
    0x0000183c   0x0000183c   0x00000048   Code   RO         1162    i.rt_init_context   RTX_CM3.lib(rt_task.o)
    0x00001884   0x00001884   0x0000001a   Code   RO         1642    i.rt_init_mem       RTX_CM3.lib(rt_memory.o)
    0x0000189e   0x0000189e   0x00000002   PAD
    0x000018a0   0x000018a0   0x00000018   Code   RO         1713    i.rt_init_robin     RTX_CM3.lib(rt_robin.o)
    0x000018b8   0x000018b8   0x00000080   Code   RO         1667    i.rt_init_stack     RTX_CM3.lib(hal_cm.o)
    0x00001938   0x00001938   0x00000008   Code   RO         1459    i.rt_mbx_check      RTX_CM3.lib(rt_mailbox.o)
    0x00001940   0x00001940   0x0000001a   Code   RO         1460    i.rt_mbx_init       RTX_CM3.lib(rt_mailbox.o)
    0x0000195a   0x0000195a   0x00000002   PAD
    0x0000195c   0x0000195c   0x000000f0   Code   RO         1461    i.rt_mbx_psh        RTX_CM3.lib(rt_mailbox.o)
    0x00001a4c   0x00001a4c   0x000000b4   Code   RO         1463    i.rt_mbx_wait       RTX_CM3.lib(rt_mailbox.o)
    0x00001b00   0x00001b00   0x00000044   Code   RO          589    i.rt_ms2tick        RTX_CM3.lib(rt_cmsis.o)
    0x00001b44   0x00001b44   0x0000007c   Code   RO         1249    i.rt_pop_req        RTX_CM3.lib(rt_system.o)
    0x00001bc0   0x00001bc0   0x00000020   Code   RO         1250    i.rt_psh_req        RTX_CM3.lib(rt_system.o)
    0x00001be0   0x00001be0   0x0000005c   Code   RO         1384    i.rt_psq_enq        RTX_CM3.lib(rt_list.o)
    0x00001c3c   0x00001c3c   0x00000048   Code   RO         1385    i.rt_put_dly        RTX_CM3.lib(rt_list.o)
    0x00001c84   0x00001c84   0x00000036   Code   RO         1386    i.rt_put_prio       RTX_CM3.lib(rt_list.o)
    0x00001cba   0x00001cba   0x00000002   PAD
    0x00001cbc   0x00001cbc   0x00000014   Code   RO         1387    i.rt_put_rdy_first  RTX_CM3.lib(rt_list.o)
    0x00001cd0   0x00001cd0   0x00000034   Code   RO         1388    i.rt_resort_prio    RTX_CM3.lib(rt_list.o)
    0x00001d04   0x00001d04   0x00000006   Code   RO         1668    i.rt_ret_val        RTX_CM3.lib(hal_cm.o)
    0x00001d0a   0x00001d0a   0x00000008   Code   RO         1669    i.rt_ret_val2       RTX_CM3.lib(hal_cm.o)
    0x00001d12   0x00001d12   0x00000028   Code   RO         1389    i.rt_rmv_dly        RTX_CM3.lib(rt_list.o)
    0x00001d3a   0x00001d3a   0x00000002   PAD
    0x00001d3c   0x00001d3c   0x00000030   Code   RO         1390    i.rt_rmv_list       RTX_CM3.lib(rt_list.o)
    0x00001d6c   0x00001d6c   0x00000034   Code   RO         1508    i.rt_sem_psh        RTX_CM3.lib(rt_semaphore.o)
    0x00001da0   0x00001da0   0x00000024   Code   RO         1252    i.rt_stk_check      RTX_CM3.lib(rt_system.o)
    0x00001dc4   0x00001dc4   0x00000028   Code   RO         1163    i.rt_switch_req     RTX_CM3.lib(rt_task.o)
    0x00001dec   0x00001dec   0x000000cc   Code   RO         1164    i.rt_sys_init       RTX_CM3.lib(rt_task.o)
    0x00001eb8   0x00001eb8   0x00000078   Code   RO         1165    i.rt_sys_start      RTX_CM3.lib(rt_task.o)
    0x00001f30   0x00001f30   0x00000040   Code   RO         1254    i.rt_systick        RTX_CM3.lib(rt_system.o)
    0x00001f70   0x00001f70   0x00000012   Code   RO          590    i.rt_tid2ptcb       RTX_CM3.lib(rt_cmsis.o)
    0x00001f82   0x00001f82   0x00000002   PAD
    0x00001f84   0x00001f84   0x00000034   Code   RO          591    i.rt_timer_insert   RTX_CM3.lib(rt_cmsis.o)
    0x00001fb8   0x00001fb8   0x00000088   Code   RO         1166    i.rt_tsk_create     RTX_CM3.lib(rt_task.o)
    0x00002040   0x00002040   0x0000017c   Code   RO         1167    i.rt_tsk_delete     RTX_CM3.lib(rt_task.o)
    0x000021bc   0x000021bc   0x0000007c   Code   RO         1169    i.rt_tsk_prio       RTX_CM3.lib(rt_task.o)
    0x00002238   0x00002238   0x00000010   Code   RO         1170    i.rt_tsk_self       RTX_CM3.lib(rt_task.o)
    0x00002248   0x00002248   0x00000020   Code   RO          132    i.spi_tran          glcd_spi_lpc1700.o
    0x00002268   0x00002268   0x00000080   Code   RO          133    i.spi_tran_man      glcd_spi_lpc1700.o
    0x000022e8   0x000022e8   0x00000012   Code   RO          593    i.svcDelay          RTX_CM3.lib(rt_cmsis.o)
    0x000022fa   0x000022fa   0x00000002   PAD
    0x000022fc   0x000022fc   0x00000070   Code   RO          594    i.svcKernelInitialize  RTX_CM3.lib(rt_cmsis.o)
    0x0000236c   0x0000236c   0x00000048   Code   RO          596    i.svcKernelStart    RTX_CM3.lib(rt_cmsis.o)
    0x000023b4   0x000023b4   0x00000024   Code   RO          599    i.svcMessageCreate  RTX_CM3.lib(rt_cmsis.o)
    0x000023d8   0x000023d8   0x0000003a   Code   RO          600    i.svcMessageGet     RTX_CM3.lib(rt_cmsis.o)
    0x00002412   0x00002412   0x00000002   PAD
    0x00002414   0x00002414   0x0000006c   Code   RO          614    i.svcThreadCreate   RTX_CM3.lib(rt_cmsis.o)
    0x00002480   0x00002480   0x0000001c   Code   RO          615    i.svcThreadGetId    RTX_CM3.lib(rt_cmsis.o)
    0x0000249c   0x0000249c   0x00000038   Code   RO          618    i.svcThreadTerminate  RTX_CM3.lib(rt_cmsis.o)
    0x000024d4   0x000024d4   0x00000018   Code   RO          620    i.svcTimerCall      RTX_CM3.lib(rt_cmsis.o)
    0x000024ec   0x000024ec   0x0000005c   Code   RO          629    i.sysTimerTick      RTX_CM3.lib(rt_cmsis.o)
    0x00002548   0x00002548   0x00000028   Code   RO          134    i.wr_cmd            glcd_spi_lpc1700.o
    0x00002570   0x00002570   0x00000028   Code   RO          135    i.wr_dat            glcd_spi_lpc1700.o
    0x00002598   0x00002598   0x00000012   Code   RO          136    i.wr_dat_only       glcd_spi_lpc1700.o
    0x000025aa   0x000025aa   0x00000002   PAD
    0x000025ac   0x000025ac   0x00000014   Code   RO          137    i.wr_dat_start      glcd_spi_lpc1700.o
    0x000025c0   0x000025c0   0x0000000c   Code   RO          138    i.wr_dat_stop       glcd_spi_lpc1700.o
    0x000025cc   0x000025cc   0x00000014   Code   RO          139    i.wr_reg            glcd_spi_lpc1700.o
    0x000025e0   0x000025e0   0x00000030   Data   RO           10    .constdata          thread.o
    0x00002610   0x00002610   0x00001880   Data   RO          140    .constdata          glcd_spi_lpc1700.o
    0x00003e90   0x00003e90   0x00000010   Data   RO          308    .constdata          led_mcb1700.o
    0x00003ea0   0x00003ea0   0x00000068   Data   RO          368    .constdata          rtx_conf_cm.o
    0x00003f08   0x00003f08   0x00000020   Data   RO         1769    Region$$Table       anon$$obj.o


    Execution Region ER_RW (Exec base: 0x10000000, Load base: 0x00003f28, Size: 0x00000058, Max: 0xffffffff, ABSOLUTE)

    Exec Addr    Load Addr    Size         Type   Attr      Idx    E Section Name        Object

    0x10000000   0x00003f28   0x00000014   Data   RW           11    .data               thread.o
    0x10000014   0x00003f3c   0x00000005   Data   RW          141    .data               glcd_spi_lpc1700.o
    0x10000019   0x00003f41   0x00000003   PAD
    0x1000001c   0x00003f44   0x00000014   Data   RW          369    .data               rtx_conf_cm.o
    0x10000030   0x00003f58   0x00000008   Data   RW          632    .data               RTX_CM3.lib(rt_cmsis.o)
    0x10000038   0x00003f60   0x00000008   Data   RW         1172    .data               RTX_CM3.lib(rt_task.o)
    0x10000040   0x00003f68   0x00000008   Data   RW         1257    .data               RTX_CM3.lib(rt_system.o)
    0x10000048   0x00003f70   0x00000004   Data   RW         1551    .data               RTX_CM3.lib(rt_time.o)
    0x1000004c   0x00003f74   0x00000001   Data   RW         1670    .data               RTX_CM3.lib(hal_cm.o)
    0x1000004d   0x00003f75   0x00000003   PAD
    0x10000050   0x00003f78   0x00000008   Data   RW         1714    .data               RTX_CM3.lib(rt_robin.o)


    Execution Region ER_ZI (Exec base: 0x10000058, Load base: 0x00003f80, Size: 0x00005b78, Max: 0xffffffff, ABSOLUTE)

    Exec Addr    Load Addr    Size         Type   Attr      Idx    E Section Name        Object

    0x10000058        -       0x00004000   Zero   RW            9    .bss                thread.o
    0x10004058        -       0x00001910   Zero   RW          367    .bss                rtx_conf_cm.o
    0x10005968        -       0x00000034   Zero   RW         1171    .bss                RTX_CM3.lib(rt_task.o)
    0x1000599c        -       0x00000030   Zero   RW         1391    .bss                RTX_CM3.lib(rt_list.o)
    0x100059cc   0x00003f80   0x00000004   PAD
    0x100059d0        -       0x00000200   Zero   RW          489    STACK               startup_lpc17xx.o


==============================================================================

Image component sizes


      Code (inc. data)   RO Data    RW Data    ZI Data      Debug   Object Name

      2592         94       6272          5          0      12633   glcd_spi_lpc1700.o
       140         14          0          0          0       1807   gpio_lpc17xx.o
       180         12         16          0          0       3628   led_mcb1700.o
       140         44          0          0          0        431   main.o
       252          6          0          0          0        844   pin_lpc17xx.o
        78         12        104         20       6416       7602   rtx_conf_cm.o
        40         12        204          0        512        948   startup_lpc17xx.o
       320         18          0          0          0        553   system_lpc17xx.o
       824        220         48         20      16384      12875   thread.o

    ----------------------------------------------------------------------
      4574        432       6676         48      23312      41321   Object Totals
         0          0         32          0          0          0   (incl. Generated)
         8          0          0          3          0          0   (incl. Padding)

    ----------------------------------------------------------------------

      Code (inc. data)   RO Data    RW Data    ZI Data      Debug   Library Member Name

       238         24          0          1          0       3244   hal_cm.o
       304         36          0          0          0        756   hal_cm3.o
      1176        150          0          8          0      33954   rt_cmsis.o
        80          4          0          0          0        649   rt_event.o
       530         34          0          0         48       8157   rt_list.o
       554         10          0          0          0       3889   rt_mailbox.o
       140          0          0          0          0       1889   rt_membox.o
       128          0          0          0          0       2267   rt_memory.o
        96         22          0          8          0       1134   rt_robin.o
        52          4          0          0          0        565   rt_semaphore.o
       298         52          0          8          0       6139   rt_system.o
      1216        174          0          8         52       9537   rt_task.o
         6          0          0          4          0        636   rt_time.o
         4          4          0          0          0        196   svc_table.o
         0          0          0          0          0          0   entry.o
         0          0          0          0          0          0   entry10a.o
         0          0          0          0          0          0   entry11a.o
         8          4          0          0          0          0   entry2.o
         4          0          0          0          0          0   entry5.o
         0          0          0          0          0          0   entry7b.o
         0          0          0          0          0          0   entry8b.o
        30          0          0          0          0          0   handlers.o
        36          8          0          0          0         68   init.o

    ----------------------------------------------------------------------
      4918        526          0         40        104      73080   Library Totals
        18          0          0          3          4          0   (incl. Padding)

    ----------------------------------------------------------------------

      Code (inc. data)   RO Data    RW Data    ZI Data      Debug   Library Name

      4822        514          0         37        100      73012   RTX_CM3.lib
        78         12          0          0          0         68   mc_w.l

    ----------------------------------------------------------------------
      4918        526          0         40        104      73080   Library Totals

    ----------------------------------------------------------------------

==============================================================================


      Code (inc. data)   RO Data    RW Data    ZI Data      Debug   

      9492        958       6676         88      23416     109197   Grand Totals
      9492        958       6676         88      23416     109197   ELF Image Totals
      9492        958       6676         88          0          0   ROM Totals

==============================================================================

    Total RO  Size (Code + RO Data)                16168 (  15.79kB)
    Total RW  Size (RW Data + ZI Data)             23504 (  22.95kB)
    Total ROM Size (Code + RO Data + RW Data)      16256 (  15.88kB)

==============================================================================

