Component: ARM Compiler 5.06 update 6 (build 750) Tool: armlink [4d35ed]

==============================================================================

Section Cross References

    thread.o(i.App_Interface) refers to rt_cmsis.o(i.osMutexWait) for osMutexWait
    thread.o(i.App_Interface) refers to led_mcb1700.o(i.LED_Off) for LED_Off
    thread.o(i.App_Interface) refers to led_mcb1700.o(i.LED_On) for LED_On
    thread.o(i.App_Interface) refers to glcd_spi_lpc1700.o(i.GLCD_SetTextColor) for GLCD_SetTextColor
    thread.o(i.App_Interface) refers to glcd_spi_lpc1700.o(i.GLCD_DisplayString) for GLCD_DisplayString
    thread.o(i.App_Interface) refers to strncpy.o(.text) for strncpy
    thread.o(i.App_Interface) refers to rt_cmsis.o(i.osMutexRelease) for osMutexRelease
    thread.o(i.App_Interface) refers to rt_cmsis.o(i.osSignalSet) for osSignalSet
    thread.o(i.App_Interface) refers to rt_cmsis.o(i.osSignalWait) for osSignalWait
    thread.o(i.App_Interface) refers to rt_cmsis.o(i.osDelay) for osDelay
    thread.o(i.App_Interface) refers to rt_cmsis.o(i.osThreadTerminate) for osThreadTerminate
    thread.o(i.App_Interface) refers to thread.o(.data) for log_lock
    thread.o(i.App_Interface) refers to thread.o(.bss) for logger
    thread.o(i.CPU_Management) refers to rt_cmsis.o(i.osSignalWait) for osSignalWait
    thread.o(i.CPU_Management) refers to led_mcb1700.o(i.LED_Off) for LED_Off
    thread.o(i.CPU_Management) refers to glcd_spi_lpc1700.o(i.GLCD_SetTextColor) for GLCD_SetTextColor
    thread.o(i.CPU_Management) refers to glcd_spi_lpc1700.o(i.GLCD_DisplayString) for GLCD_DisplayString
    thread.o(i.CPU_Management) refers to led_mcb1700.o(i.LED_On) for LED_On
    thread.o(i.CPU_Management) refers to rt_cmsis.o(i.osSignalSet) for osSignalSet
    thread.o(i.CPU_Management) refers to rt_cmsis.o(i.osThreadTerminate) for osThreadTerminate
    thread.o(i.CPU_Management) refers to thread.o(.data) for current_led
    thread.o(i.Device_Management) refers to rt_cmsis.o(i.osSignalWait) for osSignalWait
    thread.o(i.Device_Management) refers to rt_cmsis.o(i.osMutexWait) for osMutexWait
    thread.o(i.Device_Management) refers to led_mcb1700.o(i.LED_Off) for LED_Off
    thread.o(i.Device_Management) refers to led_mcb1700.o(i.LED_On) for LED_On
    thread.o(i.Device_Management) refers to glcd_spi_lpc1700.o(i.GLCD_SetTextColor) for GLCD_SetTextColor
    thread.o(i.Device_Management) refers to glcd_spi_lpc1700.o(i.GLCD_DisplayString) for GLCD_DisplayString
    thread.o(i.Device_Management) refers to strlen.o(.text) for strlen
    thread.o(i.Device_Management) refers to strncat.o(.text) for strncat
    thread.o(i.Device_Management) refers to rt_cmsis.o(i.osMutexRelease) for osMutexRelease
    thread.o(i.Device_Management) refers to rt_cmsis.o(i.osSignalSet) for osSignalSet
    thread.o(i.Device_Management) refers to rt_cmsis.o(i.osDelay) for osDelay
    thread.o(i.Device_Management) refers to rt_cmsis.o(i.osThreadTerminate) for osThreadTerminate
    thread.o(i.Device_Management) refers to thread.o(.data) for log_lock
    thread.o(i.Device_Management) refers to thread.o(.bss) for logger
    thread.o(i.Init_Thread) refers to rt_cmsis.o(i.osMutexCreate) for osMutexCreate
    thread.o(i.Init_Thread) refers to rt_cmsis.o(i.osThreadCreate) for osThreadCreate
    thread.o(i.Init_Thread) refers to thread.o(.constdata) for os_mutex_def_log_lock
    thread.o(i.Init_Thread) refers to thread.o(.data) for log_lock
    thread.o(i.Memory_Management) refers to led_mcb1700.o(i.LED_Off) for LED_Off
    thread.o(i.Memory_Management) refers to led_mcb1700.o(i.LED_On) for LED_On
    thread.o(i.Memory_Management) refers to glcd_spi_lpc1700.o(i.GLCD_SetTextColor) for GLCD_SetTextColor
    thread.o(i.Memory_Management) refers to glcd_spi_lpc1700.o(i.GLCD_DisplayString) for GLCD_DisplayString
    thread.o(i.Memory_Management) refers to rt_cmsis.o(i.osSignalSet) for osSignalSet
    thread.o(i.Memory_Management) refers to rt_cmsis.o(i.osSignalWait) for osSignalWait
    thread.o(i.Memory_Management) refers to rt_cmsis.o(i.osDelay) for osDelay
    thread.o(i.Memory_Management) refers to rt_cmsis.o(i.osThreadTerminate) for osThreadTerminate
    thread.o(i.Memory_Management) refers to thread.o(.data) for current_led
    thread.o(i.User_Interface) refers to led_mcb1700.o(i.LED_Off) for LED_Off
    thread.o(i.User_Interface) refers to led_mcb1700.o(i.LED_On) for LED_On
    thread.o(i.User_Interface) refers to glcd_spi_lpc1700.o(i.GLCD_SetTextColor) for GLCD_SetTextColor
    thread.o(i.User_Interface) refers to glcd_spi_lpc1700.o(i.GLCD_DisplayString) for GLCD_DisplayString
    thread.o(i.User_Interface) refers to rt_cmsis.o(i.osDelay) for osDelay
    thread.o(i.User_Interface) refers to rt_cmsis.o(i.osThreadTerminate) for osThreadTerminate
    thread.o(i.User_Interface) refers to thread.o(.data) for current_led
[...]
    rt_event.o(i.rt_evt_wait) refers to rt_task.o(.data) for os_tsk
    rt_list.o(i.rt_dec_dly) refers to rt_list.o(i.rt_put_prio) for rt_put_prio
    rt_list.o(i.rt_dec_dly) refers to rt_list.o(.bss) for .bss
    rt_list.o(i.rt_dec_dly) refers to rt_time.o(.data) for os_time
    rt_list.o(i.rt_get_same_rdy_prio) refers to rt_list.o(.bss) for .bss
    rt_list.o(i.rt_get_same_rdy_prio) refers to rt_task.o(.data) for os_tsk
    rt_list.o(i.rt_psq_enq) refers to rtx_conf_cm.o(i.os_error) for os_error
    rt_list.o(i.rt_psq_enq) refers to rtx_conf_cm.o(.bss) for os_fifo
    rt_list.o(i.rt_put_dly) refers to rt_list.o(.bss) for .bss
    rt_list.o(i.rt_put_rdy_first) refers to rt_list.o(.bss) for .bss
    rt_list.o(i.rt_resort_prio) refers to rt_list.o(i.rt_rmv_list) for rt_rmv_list
    rt_list.o(i.rt_resort_prio) refers to rt_list.o(i.rt_put_prio) for rt_put_prio
    rt_list.o(i.rt_resort_prio) refers to rt_list.o(.bss) for .bss
    rt_list.o(i.rt_rmv_list) refers to rt_list.o(.bss) for .bss
    rt_mailbox.o(i.isr_mbx_receive) refers to rt_list.o(i.rt_psq_enq) for rt_psq_enq
    rt_mailbox.o(i.isr_mbx_receive) refers to rt_system.o(i.rt_psh_req) for rt_psh_req
    rt_mailbox.o(i.isr_mbx_send) refers to rt_list.o(i.rt_psq_enq) for rt_psq_enq
    rt_mailbox.o(i.isr_mbx_send) refers to rt_system.o(i.rt_psh_req) for rt_psh_req
    rt_mailbox.o(i.rt_mbx_psh) refers to rt_membox.o(i.rt_alloc_box) for rt_alloc_box
    rt_mailbox.o(i.rt_mbx_psh) refers to rt_list.o(i.rt_get_first) for rt_get_first
    rt_mailbox.o(i.rt_mbx_psh) refers to hal_cm.o(i.rt_ret_val) for rt_ret_val
    rt_mailbox.o(i.rt_mbx_psh) refers to rt_list.o(i.rt_rmv_dly) for rt_rmv_dly
    rt_mailbox.o(i.rt_mbx_psh) refers to rt_list.o(i.rt_put_prio) for rt_put_prio
    rt_mailbox.o(i.rt_mbx_psh) refers to hal_cm.o(i.rt_ret_val2) for rt_ret_val2
    rt_mailbox.o(i.rt_mbx_psh) refers to rtx_conf_cm.o(i.os_error) for os_error
    rt_mailbox.o(i.rt_mbx_psh) refers to rt_list.o(.bss) for os_rdy
    rt_mailbox.o(i.rt_mbx_send) refers to rt_list.o(i.rt_put_prio) for rt_put_prio
    rt_mailbox.o(i.rt_mbx_send) refers to rt_list.o(i.rt_get_first) for rt_get_first
    rt_mailbox.o(i.rt_mbx_send) refers to hal_cm.o(i.rt_ret_val2) for rt_ret_val2
    rt_mailbox.o(i.rt_mbx_send) refers to rt_list.o(i.rt_rmv_dly) for rt_rmv_dly
    rt_mailbox.o(i.rt_mbx_send) refers to rt_task.o(i.rt_dispatch) for rt_dispatch
    rt_mailbox.o(i.rt_mbx_send) refers to rt_task.o(i.rt_block) for rt_block
    rt_mailbox.o(i.rt_mbx_send) refers to rt_task.o(.data) for os_tsk
    rt_mailbox.o(i.rt_mbx_wait) refers to rt_list.o(i.rt_get_first) for rt_get_first
    rt_mailbox.o(i.rt_mbx_wait) refers to hal_cm.o(i.rt_ret_val) for rt_ret_val
    rt_mailbox.o(i.rt_mbx_wait) refers to rt_list.o(i.rt_rmv_dly) for rt_rmv_dly
    rt_mailbox.o(i.rt_mbx_wait) refers to rt_task.o(i.rt_dispatch) for rt_dispatch
    rt_mailbox.o(i.rt_mbx_wait) refers to rt_list.o(i.rt_put_prio) for rt_put_prio
    rt_mailbox.o(i.rt_mbx_wait) refers to rt_task.o(i.rt_block) for rt_block
    rt_mailbox.o(i.rt_mbx_wait) refers to rt_task.o(.data) for os_tsk
    rt_semaphore.o(i.isr_sem_send) refers to rt_list.o(i.rt_psq_enq) for rt_psq_enq
    rt_semaphore.o(i.isr_sem_send) refers to rt_system.o(i.rt_psh_req) for rt_psh_req
    rt_semaphore.o(i.rt_sem_delete) refers to rt_list.o(i.rt_get_first) for rt_get_first
    rt_semaphore.o(i.rt_sem_delete) refers to hal_cm.o(i.rt_ret_val) for rt_ret_val
    rt_semaphore.o(i.rt_sem_delete) refers to rt_list.o(i.rt_rmv_dly) for rt_rmv_dly
    rt_semaphore.o(i.rt_sem_delete) refers to rt_list.o(i.rt_put_prio) for rt_put_prio
    rt_semaphore.o(i.rt_sem_delete) refers to rt_task.o(i.rt_dispatch) for rt_dispatch
    rt_semaphore.o(i.rt_sem_delete) refers to rt_list.o(.bss) for os_rdy
    rt_semaphore.o(i.rt_sem_delete) refers to rt_task.o(.data) for os_tsk
    rt_semaphore.o(i.rt_sem_psh) refers to rt_list.o(i.rt_get_first) for rt_get_first
    rt_semaphore.o(i.rt_sem_psh) refers to rt_list.o(i.rt_rmv_dly) for rt_rmv_dly
    rt_semaphore.o(i.rt_sem_psh) refers to hal_cm.o(i.rt_ret_val) for rt_ret_val
    rt_semaphore.o(i.rt_sem_psh) refers to rt_list.o(i.rt_put_prio) for rt_put_prio
    rt_semaphore.o(i.rt_sem_psh) refers to rt_list.o(.bss) for os_rdy
    rt_semaphore.o(i.rt_sem_send) refers to rt_list.o(i.rt_get_first) for rt_get_first
    rt_semaphore.o(i.rt_sem_send) refers to hal_cm.o(i.rt_ret_val) for rt_ret_val
    rt_semaphore.o(i.rt_sem_send) refers to rt_list.o(i.rt_rmv_dly) for rt_rmv_dly
    rt_semaphore.o(i.rt_sem_send) refers to rt_task.o(i.rt_dispatch) for rt_dispatch
    rt_semaphore.o(i.rt_sem_wait) refers to rt_list.o(i.rt_put_prio) for rt_put_prio
    rt_semaphore.o(i.rt_sem_wait) refers to rt_task.o(i.rt_block) for rt_block
    rt_semaphore.o(i.rt_sem_wait) refers to rt_task.o(.data) for os_tsk
    rt_time.o(i.rt_dly_wait) refers to rt_task.o(i.rt_block) for rt_block
    rt_time.o(i.rt_itv_set) refers to rt_task.o(.data) for os_tsk
    rt_time.o(i.rt_itv_set) refers to rt_time.o(.data) for .data
    rt_time.o(i.rt_itv_wait) refers to rt_task.o(i.rt_block) for rt_block
    rt_time.o(i.rt_itv_wait) refers to rt_task.o(.data) for os_tsk
    rt_time.o(i.rt_itv_wait) refers to rt_time.o(.data) for .data
    rt_time.o(i.rt_time_get) refers to rt_time.o(.data) for .data
    rt_mutex.o(i.rt_mut_delete) refers to rt_list.o(i.rt_resort_prio) for rt_resort_prio
    rt_mutex.o(i.rt_mut_delete) refers to rt_list.o(i.rt_get_first) for rt_get_first
    rt_mutex.o(i.rt_mut_delete) refers to hal_cm.o(i.rt_ret_val) for rt_ret_val
    rt_mutex.o(i.rt_mut_delete) refers to rt_list.o(i.rt_rmv_dly) for rt_rmv_dly
    rt_mutex.o(i.rt_mut_delete) refers to rt_list.o(i.rt_put_prio) for rt_put_prio
    rt_mutex.o(i.rt_mut_delete) refers to rt_task.o(i.rt_dispatch) for rt_dispatch
    rt_mutex.o(i.rt_mut_delete) refers to rt_task.o(.data) for os_tsk
    rt_mutex.o(i.rt_mut_delete) refers to rt_list.o(.bss) for os_rdy
    rt_mutex.o(i.rt_mut_release) refers to rt_list.o(i.rt_get_first) for rt_get_first
    rt_mutex.o(i.rt_mut_release) refers to hal_cm.o(i.rt_ret_val) for rt_ret_val
    rt_mutex.o(i.rt_mut_release) refers to rt_list.o(i.rt_rmv_dly) for rt_rmv_dly
    rt_mutex.o(i.rt_mut_release) refers to rt_list.o(i.rt_put_prio) for rt_put_prio
    rt_mutex.o(i.rt_mut_release) refers to rt_task.o(i.rt_dispatch) for rt_dispatch
    rt_mutex.o(i.rt_mut_release) refers to rt_task.o(.data) for os_tsk
    rt_mutex.o(i.rt_mut_release) refers to rt_list.o(.bss) for os_rdy
    rt_mutex.o(i.rt_mut_wait) refers to rt_list.o(i.rt_resort_prio) for rt_resort_prio
    rt_mutex.o(i.rt_mut_wait) refers to rt_list.o(i.rt_put_prio) for rt_put_prio
    rt_mutex.o(i.rt_mut_wait) refers to rt_task.o(i.rt_block) for rt_block
    rt_mutex.o(i.rt_mut_wait) refers to rt_task.o(.data) for os_tsk
    rt_membox.o(i._calloc_box) refers to hal_cm3.o(.emb_text) for _alloc_box
    hal_cm.o(i.dbg_init) refers to hal_cm.o(.data) for .data
    hal_cm.o(i.rt_init_stack) refers to rtx_conf_cm.o(.constdata) for os_stackinfo
    rt_robin.o(i.rt_chk_robin) refers to rt_list.o(i.rt_get_first) for rt_get_first
    rt_robin.o(i.rt_chk_robin) refers to rt_list.o(i.rt_put_prio) for rt_put_prio
    rt_robin.o(i.rt_chk_robin) refers to rt_robin.o(.data) for .data
    rt_robin.o(i.rt_chk_robin) refers to rt_list.o(.bss) for os_rdy
    rt_robin.o(i.rt_chk_robin) refers to rt_time.o(.data) for os_time
    rt_robin.o(i.rt_init_robin) refers to rt_robin.o(.data) for .data
    rt_robin.o(i.rt_init_robin) refers to rtx_conf_cm.o(.constdata) for os_rrobin
    hal_cm3.o(.emb_text) refers to rtx_conf_cm.o(.constdata) for os_flags
    hal_cm3.o(.emb_text) refers to rt_membox.o(i.rt_alloc_box) for rt_alloc_box
    hal_cm3.o(.emb_text) refers to rt_membox.o(i.rt_free_box) for rt_free_box
    hal_cm3.o(.emb_text) refers to rt_system.o(i.rt_stk_check) for rt_stk_check
    hal_cm3.o(.emb_text) refers to rt_task.o(.data) for os_tsk
    hal_cm3.o(.emb_text) refers to svc_table.o(SVC_TABLE) for SVC_Count
    hal_cm3.o(.emb_text) refers to rt_system.o(i.rt_pop_req) for rt_pop_req
    hal_cm3.o(.emb_text) refers to rt_system.o(i.rt_systick) for rt_systick
    hal_cm3.o(.emb_text) refers to rt_system.o(i.os_tick_irqack) for os_tick_irqack
    entry.o(.ARM.Collect$$$$00000000) refers (Special) to entry10a.o(.ARM.Collect$$$$0000000D) for __rt_final_cpp
    entry.o(.ARM.Collect$$$$00000000) refers (Special) to entry11a.o(.ARM.Collect$$$$0000000F) for __rt_final_exit
    entry.o(.ARM.Collect$$$$00000000) refers (Special) to entry7b.o(.ARM.Collect$$$$00000008) for _main_clock
    entry.o(.ARM.Collect$$$$00000000) refers (Special) to entry8b.o(.ARM.Collect$$$$0000000A) for _main_cpp_init
    entry.o(.ARM.Collect$$$$00000000) refers (Special) to rtx_conf_cm.o(.ARM.Collect$$$$000000FF) for _main_init
    entry.o(.ARM.Collect$$$$00000000) refers (Special) to entry5.o(.ARM.Collect$$$$00000004) for _main_scatterload
    entry.o(.ARM.Collect$$$$00000000) refers (Special) to entry2.o(.ARM.Collect$$$$00000001) for _main_stk
    uldiv.o(.text) refers to llushr.o(.text) for __aeabi_llsr
    uldiv.o(.text) refers to llshl.o(.text) for __aeabi_llsl
    entry2.o(.ARM.Collect$$$$00000001) refers to entry2.o(.ARM.Collect$$$$00002712) for __lit__00000000
    entry2.o(.ARM.Collect$$$$00002712) refers to startup_lpc17xx.o(STACK) for __initial_sp
    entry2.o(__vectab_stack_and_reset_area) refers to startup_lpc17xx.o(STACK) for __initial_sp
    entry2.o(__vectab_stack_and_reset_area) refers to entry.o(.ARM.Collect$$$$00000000) for __main
    entry5.o(.ARM.Collect$$$$00000004) refers to init.o(.text) for __scatterload
    init.o(.text) refers to entry5.o(.ARM.Collect$$$$00000004) for __main_after_scatterload


==============================================================================

Removing Unused input sections from the image.

    Removing thread.o(.rev16_text), (4 bytes).
    Removing thread.o(.revsh_text), (4 bytes).
    Removing thread.o(.rrx_text), (6 bytes).
    Removing glcd_spi_lpc1700.o(.rev16_text), (4 bytes).
    Removing glcd_spi_lpc1700.o(.revsh_text), (4 bytes).
    Removing glcd_spi_lpc1700.o(.rrx_text), (6 bytes).
    Removing glcd_spi_lpc1700.o(i.GLCD_Bargraph), (104 bytes).
    Removing glcd_spi_lpc1700.o(i.GLCD_Bitmap), (82 bytes).
    Removing glcd_spi_lpc1700.o(i.GLCD_ClearLn), (94 bytes).
    Removing glcd_spi_lpc1700.o(i.GLCD_PutPixel), (128 bytes).
    Removing glcd_spi_lpc1700.o(i.GLCD_ScrollVertical), (2 bytes).
    Removing glcd_spi_lpc1700.o(i.GLCD_WrCmd), (12 bytes).
    Removing glcd_spi_lpc1700.o(i.GLCD_WrReg), (16 bytes).
    Removing led_mcb1700.o(.rev16_text), (4 bytes).
    Removing led_mcb1700.o(.revsh_text), (4 bytes).
    Removing led_mcb1700.o(.rrx_text), (6 bytes).
    Removing led_mcb1700.o(i.LED_GetCount), (4 bytes).
    Removing led_mcb1700.o(i.LED_SetOut), (40 bytes).
    Removing led_mcb1700.o(i.LED_Uninitialize), (48 bytes).
    Removing gpio_lpc17xx.o(.rev16_text), (4 bytes).
    Removing gpio_lpc17xx.o(.revsh_text), (4 bytes).
    Removing gpio_lpc17xx.o(.rrx_text), (6 bytes).
    Removing gpio_lpc17xx.o(i.GPIO_PinRead), (32 bytes).
    Removing gpio_lpc17xx.o(i.GPIO_PortRead), (20 bytes).
    Removing gpio_lpc17xx.o(i.GPIO_PortWrite), (32 bytes).
    Removing pin_lpc17xx.o(.rev16_text), (4 bytes).
    Removing pin_lpc17xx.o(.revsh_text), (4 bytes).
    Removing pin_lpc17xx.o(.rrx_text), (6 bytes).
    Removing pin_lpc17xx.o(i.PIN_ConfigureI2C0Pins), (32 bytes).
    Removing pin_lpc17xx.o(i.PIN_ConfigureTPIU), (40 bytes).
    Removing startup_lpc17xx.o(HEAP), (0 bytes).
    Removing system_lpc17xx.o(.rev16_text), (4 bytes).
    Removing system_lpc17xx.o(.revsh_text), (4 bytes).
    Removing system_lpc17xx.o(.rrx_text), (6 bytes).
    Removing system_lpc17xx.o(i.SystemCoreClockUpdate), (424 bytes).
    Removing system_lpc17xx.o(.data), (4 bytes).
    Removing rt_cmsis.o(.rev16_text), (4 bytes).
    Removing rt_cmsis.o(.revsh_text), (4 bytes).
    Removing rt_cmsis.o(.rrx_text), (6 bytes).
    Removing rt_cmsis.o(i.isrSemaphoreRelease), (40 bytes).
    Removing rt_cmsis.o(i.osKernelRunning), (36 bytes).
    Removing rt_cmsis.o(i.osKernelSysTick), (24 bytes).
    Removing rt_cmsis.o(i.osMailAlloc), (28 bytes).
    Removing rt_cmsis.o(i.osMailCAlloc), (48 bytes).
    Removing rt_cmsis.o(i.osMailCreate), (44 bytes).
    Removing rt_cmsis.o(i.osMailFree), (28 bytes).
    Removing rt_cmsis.o(i.osMailGet), (22 bytes).
    Removing rt_cmsis.o(i.osMailPut), (20 bytes).
    Removing rt_cmsis.o(i.osMessageCreate), (44 bytes).
    Removing rt_cmsis.o(i.osMessagePut), (24 bytes).
    Removing rt_cmsis.o(i.osMutexDelete), (24 bytes).
    Removing rt_cmsis.o(i.osPoolAlloc), (32 bytes).
    Removing rt_cmsis.o(i.osPoolCAlloc), (52 bytes).
    Removing rt_cmsis.o(i.osPoolCreate), (44 bytes).
    Removing rt_cmsis.o(i.osPoolFree), (32 bytes).
    Removing rt_cmsis.o(i.osSemaphoreCreate), (44 bytes).
    Removing rt_cmsis.o(i.osSemaphoreDelete), (24 bytes).
    Removing rt_cmsis.o(i.osSemaphoreRelease), (24 bytes).
    Removing rt_cmsis.o(i.osSemaphoreWait), (24 bytes).
    Removing rt_cmsis.o(i.osSignalClear), (24 bytes).
    Removing rt_cmsis.o(i.osThreadGetId), (24 bytes).
    Removing rt_cmsis.o(i.osThreadGetPriority), (24 bytes).
    Removing rt_cmsis.o(i.osThreadSetPriority), (24 bytes).
    Removing rt_cmsis.o(i.osThreadYield), (24 bytes).
    Removing rt_cmsis.o(i.osTimerCreate), (44 bytes).
    Removing rt_cmsis.o(i.osTimerDelete), (24 bytes).
    Removing rt_cmsis.o(i.osTimerStart), (24 bytes).
    Removing rt_cmsis.o(i.osTimerStop), (24 bytes).
    Removing rt_cmsis.o(i.osWait), (4 bytes).
    Removing rt_cmsis.o(i.os_resume), (12 bytes).
    Removing rt_cmsis.o(i.os_suspend), (12 bytes).
    Removing rt_cmsis.o(i.rt_clr_box), (24 bytes).
    Removing rt_cmsis.o(i.rt_timer_remove), (60 bytes).
    Removing rt_cmsis.o(i.svcKernelRunning), (12 bytes).
    Removing rt_cmsis.o(i.svcKernelSysTick), (56 bytes).
    Removing rt_cmsis.o(i.svcMailCreate), (66 bytes).
    Removing rt_cmsis.o(i.svcMessagePut), (54 bytes).
    Removing rt_cmsis.o(i.svcMutexDelete), (26 bytes).
    Removing rt_cmsis.o(i.svcPoolCreate), (40 bytes).
    Removing rt_cmsis.o(i.svcSemaphoreCreate), (36 bytes).
    Removing rt_cmsis.o(i.svcSemaphoreDelete), (26 bytes).
    Removing rt_cmsis.o(i.svcSemaphoreRelease), (40 bytes).
    Removing rt_cmsis.o(i.svcSemaphoreWait), (50 bytes).
    Removing rt_cmsis.o(i.svcSignalClear), (36 bytes).
    Removing rt_cmsis.o(i.svcThreadGetPriority), (18 bytes).
    Removing rt_cmsis.o(i.svcThreadSetPriority), (46 bytes).
    Removing rt_cmsis.o(i.svcThreadYield), (10 bytes).
    Removing rt_cmsis.o(i.svcTimerCreate), (56 bytes).
    Removing rt_cmsis.o(i.svcTimerDelete), (40 bytes).
    Removing rt_cmsis.o(i.svcTimerStart), (100 bytes).
    Removing rt_cmsis.o(i.svcTimerStop), (36 bytes).
    Removing rt_cmsis.o(i.sysMailAlloc), (88 bytes).
    Removing rt_cmsis.o(i.sysMailFree), (96 bytes).
    Removing rt_cmsis.o(i.sysPoolAlloc), (10 bytes).
    Removing rt_cmsis.o(i.sysPoolFree), (20 bytes).
    Removing rt_cmsis.o(i.sysUserTimerUpdate), (48 bytes).
    Removing rt_cmsis.o(i.sysUserTimerWakeupTime), (20 bytes).
    Removing rt_task.o(i.rt_tsk_pass), (48 bytes).
    Removing rt_system.o(.emb_text), (0 bytes).
    Removing rt_system.o(i.os_tick_ovf), (16 bytes).
    Removing rt_system.o(i.os_tick_val), (20 bytes).
    Removing rt_system.o(i.rt_resume), (136 bytes).
    Removing rt_system.o(i.rt_suspend), (36 bytes).
    Removing rt_system.o(i.rt_tsk_lock), (80 bytes).
    Removing rt_system.o(i.rt_tsk_unlock), (80 bytes).
    Removing rt_event.o(i.rt_evt_clr), (28 bytes).
    Removing rt_event.o(i.rt_evt_get), (12 bytes).
    Removing rt_list.o(i.rt_get_same_rdy_prio), (36 bytes).
    Removing rt_mailbox.o(i.rt_mbx_send), (152 bytes).
    Removing rt_semaphore.o(i.isr_sem_send), (16 bytes).
    Removing rt_semaphore.o(i.rt_sem_delete), (92 bytes).
    Removing rt_semaphore.o(i.rt_sem_init), (12 bytes).
    Removing rt_semaphore.o(i.rt_sem_send), (42 bytes).
    Removing rt_semaphore.o(i.rt_sem_wait), (64 bytes).
    Removing rt_time.o(i.rt_itv_set), (24 bytes).
    Removing rt_time.o(i.rt_itv_wait), (40 bytes).
    Removing rt_time.o(i.rt_time_get), (12 bytes).
    Removing rt_mutex.o(i.rt_mut_delete), (176 bytes).
    Removing rt_membox.o(i._calloc_box), (30 bytes).

119 unused section(s) (total 4400 bytes) removed from the image.

==============================================================================

Image Symbol Table

    Local Symbols

    Symbol Name                              Value     Ov Type        Size  Object(Section)

    RESET                                    0x00000000   Section      204  startup_lpc17xx.o(RESET)
    ../clib/microlib/division.c              0x00000000   Number         0  uldiv.o ABSOLUTE
    ../clib/microlib/init/entry.s            0x00000000   Number         0  entry7a.o ABSOLUTE
    ../clib/microlib/init/entry.s            0x00000000   Number         0  entry5.o ABSOLUTE
    ../clib/microlib/init/entry.s            0x00000000   Number         0  entry.o ABSOLUTE
    ../clib/microlib/init/entry.s            0x00000000   Number         0  entry2.o ABSOLUTE
    ../clib/microlib/init/entry.s            0x00000000   Number         0  entry7b.o ABSOLUTE
    ../clib/microlib/init/entry.s            0x00000000   Number         0  entry8a.o ABSOLUTE
    ../clib/microlib/init/entry.s            0x00000000   Number         0  entry8b.o ABSOLUTE
    ../clib/microlib/init/entry.s            0x00000000   Number         0  entry10a.o ABSOLUTE
    ../clib/microlib/init/entry.s            0x00000000   Number         0  entry10b.o ABSOLUTE
    ../clib/microlib/init/entry.s            0x00000000   Number         0  entry11a.o ABSOLUTE
    ../clib/microlib/init/entry.s            0x00000000   Number         0  entry11b.o ABSOLUTE
    ../clib/microlib/longlong.c              0x00000000   Number         0  llushr.o ABSOLUTE
    ../clib/microlib/longlong.c              0x00000000   Number         0  llshl.o ABSOLUTE
    ../clib/microlib/string/strlen.c         0x00000000   Number         0  strlen.o ABSOLUTE
    ../clib/microlib/string/strncat.c        0x00000000   Number         0  strncat.o ABSOLUTE
    ../clib/microlib/string/strncpy.c        0x00000000   Number         0  strncpy.o ABSOLUTE
    ..\HAL_CM.c                              0x00000000   Number         0  hal_cm.o ABSOLUTE
    ..\\rt_CMSIS.c                           0x00000000   Number         0  rt_cmsis.o ABSOLUTE
    ..\\rt_System.c                          0x00000000   Number         0  rt_system.o ABSOLUTE
    ..\rt_CMSIS.c                            0x00000000   Number         0  rt_cmsis.o ABSOLUTE
    ..\rt_Event.c                            0x00000000   Number         0  rt_event.o ABSOLUTE
    ..\rt_List.c                             0x00000000   Number         0  rt_list.o ABSOLUTE
    ..\rt_Mailbox.c                          0x00000000   Number         0  rt_mailbox.o ABSOLUTE
    ..\rt_MemBox.c                           0x00000000   Number         0  rt_membox.o ABSOLUTE
    ..\rt_Memory.c                           0x00000000   Number         0  rt_memory.o ABSOLUTE
    ..\rt_Mutex.c                            0x00000000   Number         0  rt_mutex.o ABSOLUTE
    ..\rt_Robin.c                            0x00000000   Number         0  rt_robin.o ABSOLUTE
    ..\rt_Semaphore.c                        0x00000000   Number         0  rt_semaphore.o ABSOLUTE
    ..\rt_System.c                           0x00000000   Number         0  rt_system.o ABSOLUTE
    ..\rt_Task.c                             0x00000000   Number         0  rt_task.o ABSOLUTE
    ..\rt_Time.c                             0x00000000   Number         0  rt_time.o ABSOLUTE
    C:\Users\ECBME\AppData\Local\Arm\Packs\Keil\LPC1700_DFP\2.6.0\Boards\Keil\MCB1700\Common\LED_MCB1700.c 0x00000000   Number         0  led_mcb1700.o ABSOLUTE
    C:\Users\ECBME\AppData\Local\Arm\Packs\Keil\LPC1700_DFP\2.6.0\RTE_Driver\GPIO_LPC17xx.c 0x00000000   Number         0  gpio_lpc17xx.o ABSOLUTE
    C:\Users\ECBME\AppData\Local\Arm\Packs\Keil\LPC1700_DFP\2.6.0\RTE_Driver\PIN_LPC17xx.c 0x00000000   Number         0  pin_lpc17xx.o ABSOLUTE
    C:\\Users\\ECBME\\AppData\\Local\\Arm\\Packs\\Keil\\LPC1700_DFP\\2.6.0\\Boards\\Keil\\MCB1700\\Common\\LED_MCB1700.c 0x00000000   Number         0  led_mcb1700.o ABSOLUTE
    C:\\Users\\ECBME\\AppData\\Local\\Arm\\Packs\\Keil\\LPC1700_DFP\\2.6.0\\RTE_Driver\\GPIO_LPC17xx.c 0x00000000   Number         0  gpio_lpc17xx.o ABSOLUTE
    C:\\Users\\ECBME\\AppData\\Local\\Arm\\Packs\\Keil\\LPC1700_DFP\\2.6.0\\RTE_Driver\\PIN_LPC17xx.c 0x00000000   Number         0  pin_lpc17xx.o ABSOLUTE
    GLCD_SPI_LPC1700.c                       0x00000000   Number         0  glcd_spi_lpc1700.o ABSOLUTE
    GLCD_SPI_LPC1700.c                       0x00000000   Number         0  glcd_spi_lpc1700.o ABSOLUTE
    HAL_CM3.c                                0x00000000   Number         0  hal_cm3.o ABSOLUTE
    HAL_CM3.c                                0x00000000   Number         0  hal_cm3.o ABSOLUTE
    RTE\CMSIS\RTX_Conf_CM.c                  0x00000000   Number         0  rtx_conf_cm.o ABSOLUTE
    RTE\Device\LPC1768\startup_LPC17xx.s     0x00000000   Number         0  startup_lpc17xx.o ABSOLUTE
    RTE\Device\LPC1768\system_LPC17xx.c      0x00000000   Number         0  system_lpc17xx.o ABSOLUTE
    RTE\\Device\\LPC1768\\system_LPC17xx.c   0x00000000   Number         0  system_lpc17xx.o ABSOLUTE
    SVC_Table.s                              0x00000000   Number         0  svc_table.o ABSOLUTE
    Thread.c                                 0x00000000   Number         0  thread.o ABSOLUTE
    Thread.c                                 0x00000000   Number         0  thread.o ABSOLUTE
    dc.s                                     0x00000000   Number         0  dc.o ABSOLUTE
    handlers.s                               0x00000000   Number         0  handlers.o ABSOLUTE
    init.s                                   0x00000000   Number         0  init.o ABSOLUTE
    main.c                                   0x00000000   Number         0  main.o ABSOLUTE
    .ARM.Collect$$$$00000000                 0x000000cc   Section        0  entry.o(.ARM.Collect$$$$00000000)
    .ARM.Collect$$$$00000001                 0x000000cc   Section        4  entry2.o(.ARM.Collect$$$$00000001)
    .ARM.Collect$$$$00000004                 0x000000d0   Section        4  entry5.o(.ARM.Collect$$$$00000004)
    .ARM.Collect$$$$00000008                 0x000000d4   Section        0  entry7b.o(.ARM.Collect$$$$00000008)
    .ARM.Collect$$$$0000000A                 0x000000d4   Section        0  entry8b.o(.ARM.Collect$$$$0000000A)
    .ARM.Collect$$$$0000000D                 0x000000d4   Section        0  entry10a.o(.ARM.Collect$$$$0000000D)
    .ARM.Collect$$$$0000000F                 0x000000d4   Section        0  entry11a.o(.ARM.Collect$$$$0000000F)
    .ARM.Collect$$$$000000FF                 0x000000d4   Section        0  rtx_conf_cm.o(.ARM.Collect$$$$000000FF)
    .ARM.Collect$$$$00002712                 0x000000ec   Section        4  entry2.o(.ARM.Collect$$$$00002712)
    __lit__00000000                          0x000000ec   Data           4  entry2.o(.ARM.Collect$$$$00002712)
    .emb_text                                0x000000f0   Section      304  hal_cm3.o(.emb_text)
    .text                                    0x00000220   Section       36  startup_lpc17xx.o(.text)
    .text                                    0x00000244   Section        0  strncpy.o(.text)
    .text                                    0x0000025c   Section        0  strlen.o(.text)
    .text                                    0x0000026a   Section        0  strncat.o(.text)
    .text                                    0x00000294   Section       36  init.o(.text)
    SVC_TABLE                                0x000002b8   Section        4  svc_table.o(SVC_TABLE)
    i.GLCD_Clear                             0x000002bc   Section        0  glcd_spi_lpc1700.o(i.GLCD_Clear)
    i.GLCD_SetBackColor                      0x000002e8   Section        0  glcd_spi_lpc1700.o(i.GLCD_SetBackColor)
    i.__scatterload_null                     0x000002f4   Section        2  handlers.o(i.__scatterload_null)
    i.os_tick_irqack                         0x000002f6   Section        0  rt_system.o(i.os_tick_irqack)
    .ARM.__at_0x02FC                         0x000002fc   Section        4  startup_lpc17xx.o(.ARM.__at_0x02FC)
    i.App_Interface                          0x00000300   Section        0  thread.o(i.App_Interface)
    i.CPU_Management                         0x00000410   Section        0  thread.o(i.CPU_Management)
    i.Device_Management                      0x00000514   Section        0  thread.o(i.Device_Management)
    i.GLCD_DisplayChar                       0x00000608   Section        0  glcd_spi_lpc1700.o(i.GLCD_DisplayChar)
    i.GLCD_DisplayString                     0x00000664   Section        0  glcd_spi_lpc1700.o(i.GLCD_DisplayString)
    i.GLCD_DrawChar                          0x0000068c   Section        0  glcd_spi_lpc1700.o(i.GLCD_DrawChar)
    i.GLCD_Init                              0x00000728   Section        0  glcd_spi_lpc1700.o(i.GLCD_Init)
    i.GLCD_SetTextColor                      0x00000d10   Section        0  glcd_spi_lpc1700.o(i.GLCD_SetTextColor)
    i.GLCD_SetWindow                         0x00000d1c   Section        0  glcd_spi_lpc1700.o(i.GLCD_SetWindow)
    i.GLCD_WindowMax                         0x00000dc8   Section        0  glcd_spi_lpc1700.o(i.GLCD_WindowMax)
    i.GPIO_PinWrite                          0x00000ddc   Section        0  gpio_lpc17xx.o(i.GPIO_PinWrite)
    i.GPIO_PortClock                         0x00000e04   Section        0  gpio_lpc17xx.o(i.GPIO_PortClock)
    i.GPIO_SetDir                            0x00000e30   Section        0  gpio_lpc17xx.o(i.GPIO_SetDir)
    i.Init_Thread                            0x00000e68   Section        0  thread.o(i.Init_Thread)
    i.LED_Initialize                         0x00000ef0   Section        0  led_mcb1700.o(i.LED_Initialize)
    i.LED_Off                                0x00000f4c   Section        0  led_mcb1700.o(i.LED_Off)
    i.LED_On                                 0x00000f78   Section        0  led_mcb1700.o(i.LED_On)
    i.Memory_Management                      0x00000fa4   Section        0  thread.o(i.Memory_Management)
    i.PIN_Configure                          0x0000109c   Section        0  pin_lpc17xx.o(i.PIN_Configure)
    i.SystemInit                             0x00001198   Section        0  system_lpc17xx.o(i.SystemInit)
    i.User_Interface                         0x000012d8   Section        0  thread.o(i.User_Interface)
    i.__scatterload_copy                     0x00001364   Section       14  handlers.o(i.__scatterload_copy)
    i.__scatterload_zeroinit                 0x00001372   Section       14  handlers.o(i.__scatterload_zeroinit)
    i._init_box                              0x00001380   Section        0  rt_membox.o(i._init_box)
    i.dbg_init                               0x000013c8   Section        0  hal_cm.o(i.dbg_init)
    i.dbg_task_notify                        0x000013f8   Section        0  hal_cm.o(i.dbg_task_notify)
    i.dbg_task_switch                        0x00001418   Section        0  hal_cm.o(i.dbg_task_switch)
    i.delay                                  0x00001428   Section        0  glcd_spi_lpc1700.o(i.delay)
    delay                                    0x00001429   Thumb Code    14  glcd_spi_lpc1700.o(i.delay)
    i.isrMessageGet                          0x00001436   Section        0  rt_cmsis.o(i.isrMessageGet)
    i.isrMessagePut                          0x00001460   Section        0  rt_cmsis.o(i.isrMessagePut)
    i.isrSignalSet                           0x0000148c   Section        0  rt_cmsis.o(i.isrSignalSet)
    i.isr_evt_set                            0x000014b0   Section        0  rt_event.o(i.isr_evt_set)
    i.isr_mbx_receive                        0x000014d8   Section        0  rt_mailbox.o(i.isr_mbx_receive)
    i.isr_mbx_send                           0x0000152e   Section        0  rt_mailbox.o(i.isr_mbx_send)
    i.main                                   0x0000153c   Section        0  main.o(i.main)
    i.osDelay                                0x000015cc   Section        0  rt_cmsis.o(i.osDelay)
    i.osKernelInitialize                     0x000015e4   Section        0  rt_cmsis.o(i.osKernelInitialize)
    i.osKernelStart                          0x00001608   Section        0  rt_cmsis.o(i.osKernelStart)
    i.osMessageGet                           0x00001674   Section        0  rt_cmsis.o(i.osMessageGet)
    i.osMutexCreate                          0x0000168c   Section        0  rt_cmsis.o(i.osMutexCreate)
    i.osMutexRelease                         0x000016b8   Section        0  rt_cmsis.o(i.osMutexRelease)
    i.osMutexWait                            0x000016d0   Section        0  rt_cmsis.o(i.osMutexWait)
    i.osSignalSet                            0x000016e8   Section        0  rt_cmsis.o(i.osSignalSet)
    i.osSignalWait                           0x00001700   Section        0  rt_cmsis.o(i.osSignalWait)
    i.osThreadCreate                         0x00001718   Section        0  rt_cmsis.o(i.osThreadCreate)
    i.osThreadExit                           0x00001744   Section        0  rt_cmsis.o(i.osThreadExit)
    i.osThreadTerminate                      0x0000175c   Section        0  rt_cmsis.o(i.osThreadTerminate)
    i.osTimerCall                            0x00001774   Section        0  rt_cmsis.o(i.osTimerCall)
    i.osTimerThread                          0x00001780   Section        0  rt_cmsis.o(i.osTimerThread)
    i.os_error                               0x000017ac   Section        0  rtx_conf_cm.o(i.os_error)
    i.os_idle_demon                          0x000017d0   Section        0  rtx_conf_cm.o(i.os_idle_demon)
    i.os_tick_init                           0x000017e4   Section        0  rt_system.o(i.os_tick_init)
    i.rd_id_man                              0x0000180c   Section        0  glcd_spi_lpc1700.o(i.rd_id_man)
    rd_id_man                                0x0000180d   Thumb Code   132  glcd_spi_lpc1700.o(i.rd_id_man)
    i.rd_reg                                 0x00001898   Section        0  glcd_spi_lpc1700.o(i.rd_reg)
    rd_reg                                   0x00001899   Thumb Code    66  glcd_spi_lpc1700.o(i.rd_reg)
    i.rt_alloc_box                           0x000018e0   Section        0  rt_membox.o(i.rt_alloc_box)
    i.rt_alloc_mem                           0x000018fa   Section        0  rt_memory.o(i.rt_alloc_mem)
    i.rt_block                               0x00001938   Section        0  rt_task.o(i.rt_block)
    i.rt_chk_robin                           0x00001970   Section        0  rt_robin.o(i.rt_chk_robin)
    i.rt_dec_dly                             0x000019b8   Section        0  rt_list.o(i.rt_dec_dly)
    i.rt_dispatch                            0x00001a28   Section        0  rt_task.o(i.rt_dispatch)
    i.rt_dly_wait                            0x00001a6c   Section        0  rt_time.o(i.rt_dly_wait)
    i.rt_evt_psh                             0x00001a74   Section        0  rt_event.o(i.rt_evt_psh)
    i.rt_evt_set                             0x00001ac4   Section        0  rt_event.o(i.rt_evt_set)
    i.rt_evt_wait                            0x00001b20   Section        0  rt_event.o(i.rt_evt_wait)
    i.rt_free_box                            0x00001b5c   Section        0  rt_membox.o(i.rt_free_box)
    i.rt_free_mem                            0x00001b88   Section        0  rt_memory.o(i.rt_free_mem)
    i.rt_get_first                           0x00001bb0   Section        0  rt_list.o(i.rt_get_first)
    i.rt_id2obj                              0x00001bd8   Section        0  rt_cmsis.o(i.rt_id2obj)
    rt_id2obj                                0x00001bd9   Thumb Code     8  rt_cmsis.o(i.rt_id2obj)
    i.rt_init_context                        0x00001be0   Section        0  rt_task.o(i.rt_init_context)
    rt_init_context                          0x00001be1   Thumb Code    66  rt_task.o(i.rt_init_context)
    i.rt_init_mem                            0x00001c28   Section        0  rt_memory.o(i.rt_init_mem)
    i.rt_init_robin                          0x00001c44   Section        0  rt_robin.o(i.rt_init_robin)
    i.rt_init_stack                          0x00001c5c   Section        0  hal_cm.o(i.rt_init_stack)
    i.rt_mbx_check                           0x00001cdc   Section        0  rt_mailbox.o(i.rt_mbx_check)
    i.rt_mbx_init                            0x00001ce4   Section        0  rt_mailbox.o(i.rt_mbx_init)
    i.rt_mbx_psh                             0x00001d00   Section        0  rt_mailbox.o(i.rt_mbx_psh)
    i.rt_mbx_wait                            0x00001df0   Section        0  rt_mailbox.o(i.rt_mbx_wait)
    i.rt_ms2tick                             0x00001ea4   Section        0  rt_cmsis.o(i.rt_ms2tick)
    rt_ms2tick                               0x00001ea5   Thumb Code    58  rt_cmsis.o(i.rt_ms2tick)
    i.rt_mut_init                            0x00001ee8   Section        0  rt_mutex.o(i.rt_mut_init)
    i.rt_mut_release                         0x00001ef8   Section        0  rt_mutex.o(i.rt_mut_release)
    i.rt_mut_wait                            0x00001fd0   Section        0  rt_mutex.o(i.rt_mut_wait)
    i.rt_pop_req                             0x00002048   Section        0  rt_system.o(i.rt_pop_req)
    i.rt_psh_req                             0x000020c4   Section        0  rt_system.o(i.rt_psh_req)
    i.rt_psq_enq                             0x000020e4   Section        0  rt_list.o(i.rt_psq_enq)
    i.rt_put_dly                             0x00002140   Section        0  rt_list.o(i.rt_put_dly)
    i.rt_put_prio                            0x00002188   Section        0  rt_list.o(i.rt_put_prio)
    i.rt_put_rdy_first                       0x000021c0   Section        0  rt_list.o(i.rt_put_rdy_first)
    i.rt_resort_prio                         0x000021d4   Section        0  rt_list.o(i.rt_resort_prio)
    i.rt_ret_val                             0x00002208   Section        0  hal_cm.o(i.rt_ret_val)
    i.rt_ret_val2                            0x0000220e   Section        0  hal_cm.o(i.rt_ret_val2)
    i.rt_rmv_dly                             0x00002216   Section        0  rt_list.o(i.rt_rmv_dly)
    i.rt_rmv_list                            0x00002240   Section        0  rt_list.o(i.rt_rmv_list)
    i.rt_sem_psh                             0x00002270   Section        0  rt_semaphore.o(i.rt_sem_psh)
    i.rt_stk_check                           0x000022a4   Section        0  rt_system.o(i.rt_stk_check)
    i.rt_switch_req                          0x000022c8   Section        0  rt_task.o(i.rt_switch_req)
    i.rt_sys_init                            0x000022f0   Section        0  rt_task.o(i.rt_sys_init)
    i.rt_sys_start                           0x000023bc   Section        0  rt_task.o(i.rt_sys_start)
    i.rt_systick                             0x00002434   Section        0  rt_system.o(i.rt_systick)
    i.rt_tid2ptcb                            0x00002474   Section        0  rt_cmsis.o(i.rt_tid2ptcb)
    rt_tid2ptcb                              0x00002475   Thumb Code    18  rt_cmsis.o(i.rt_tid2ptcb)
    i.rt_timer_insert                        0x00002488   Section        0  rt_cmsis.o(i.rt_timer_insert)
    rt_timer_insert                          0x00002489   Thumb Code    48  rt_cmsis.o(i.rt_timer_insert)
    i.rt_tsk_create                          0x000024bc   Section        0  rt_task.o(i.rt_tsk_create)
    i.rt_tsk_delete                          0x00002544   Section        0  rt_task.o(i.rt_tsk_delete)
    i.rt_tsk_prio                            0x000026c0   Section        0  rt_task.o(i.rt_tsk_prio)
    i.rt_tsk_self                            0x0000273c   Section        0  rt_task.o(i.rt_tsk_self)
    i.spi_tran                               0x0000274c   Section        0  glcd_spi_lpc1700.o(i.spi_tran)
    spi_tran                                 0x0000274d   Thumb Code    28  glcd_spi_lpc1700.o(i.spi_tran)
    i.spi_tran_man                           0x0000276c   Section        0  glcd_spi_lpc1700.o(i.spi_tran_man)
    spi_tran_man                             0x0000276d   Thumb Code   124  glcd_spi_lpc1700.o(i.spi_tran_man)
    i.svcDelay                               0x000027ec   Section        0  rt_cmsis.o(i.svcDelay)
    i.svcKernelInitialize                    0x00002800   Section        0  rt_cmsis.o(i.svcKernelInitialize)
    i.svcKernelStart                         0x00002870   Section        0  rt_cmsis.o(i.svcKernelStart)
    i.svcMessageCreate                       0x000028b8   Section        0  rt_cmsis.o(i.svcMessageCreate)
    i.svcMessageGet                          0x000028dc   Section        0  rt_cmsis.o(i.svcMessageGet)
    i.svcMutexCreate                         0x00002916   Section        0  rt_cmsis.o(i.svcMutexCreate)
    i.svcMutexRelease                        0x00002932   Section        0  rt_cmsis.o(i.svcMutexRelease)
    i.svcMutexWait                           0x00002954   Section        0  rt_cmsis.o(i.svcMutexWait)
    i.svcSignalSet                           0x0000298e   Section        0  rt_cmsis.o(i.svcSignalSet)
    i.svcSignalWait                          0x000029b4   Section        0  rt_cmsis.o(i.svcSignalWait)
    i.svcThreadCreate                        0x00002a08   Section        0  rt_cmsis.o(i.svcThreadCreate)
    i.svcThreadGetId                         0x00002a74   Section        0  rt_cmsis.o(i.svcThreadGetId)
    i.svcThreadTerminate                     0x00002a90   Section        0  rt_cmsis.o(i.svcThreadTerminate)
    i.svcTimerCall                           0x00002ac8   Section        0  rt_cmsis.o(i.svcTimerCall)
    i.sysTimerTick                           0x00002ae0   Section        0  rt_cmsis.o(i.sysTimerTick)
    i.wr_cmd                                 0x00002b3c   Section        0  glcd_spi_lpc1700.o(i.wr_cmd)
    wr_cmd                                   0x00002b3d   Thumb Code    36  glcd_spi_lpc1700.o(i.wr_cmd)
    i.wr_dat                                 0x00002b64   Section        0  glcd_spi_lpc1700.o(i.wr_dat)
    wr_dat                                   0x00002b65   Thumb Code    36  glcd_spi_lpc1700.o(i.wr_dat)
    i.wr_dat_only                            0x00002b8c   Section        0  glcd_spi_lpc1700.o(i.wr_dat_only)
    wr_dat_only                              0x00002b8d   Thumb Code    18  glcd_spi_lpc1700.o(i.wr_dat_only)
    i.wr_dat_start                           0x00002ba0   Section        0  glcd_spi_lpc1700.o(i.wr_dat_start)
    wr_dat_start                             0x00002ba1   Thumb Code    16  glcd_spi_lpc1700.o(i.wr_dat_start)
    i.wr_dat_stop                            0x00002bb4   Section        0  glcd_spi_lpc1700.o(i.wr_dat_stop)
    wr_dat_stop                              0x00002bb5   Thumb Code     8  glcd_spi_lpc1700.o(i.wr_dat_stop)
    i.wr_reg                                 0x00002bc0   Section        0  glcd_spi_lpc1700.o(i.wr_reg)
    wr_reg                                   0x00002bc1   Thumb Code    20  glcd_spi_lpc1700.o(i.wr_reg)
    .constdata                               0x00002bd4   Section       84  thread.o(.constdata)
    .constdata                               0x00002c28   Section     6272  glcd_spi_lpc1700.o(.constdata)
    .constdata                               0x000044a8   Section       16  led_mcb1700.o(.constdata)
    LED_PIN                                  0x000044a8   Data          16  led_mcb1700.o(.constdata)
    .constdata                               0x000044b8   Section      104  rtx_conf_cm.o(.constdata)
    __tagsym$$used                           0x000044d4   Number         0  rtx_conf_cm.o(.constdata)
    __tagsym$$used                           0x000044d8   Number         0  rtx_conf_cm.o(.constdata)
    __tagsym$$used                           0x000044dc   Number         0  rtx_conf_cm.o(.constdata)
    __tagsym$$used                           0x000044e0   Number         0  rtx_conf_cm.o(.constdata)
    .data                                    0x10000000   Section       68  thread.o(.data)
    .data                                    0x10000044   Section        5  glcd_spi_lpc1700.o(.data)
    Color                                    0x10000044   Data           4  glcd_spi_lpc1700.o(.data)
    Himax                                    0x10000048   Data           1  glcd_spi_lpc1700.o(.data)
    .data                                    0x1000004c   Section       20  rtx_conf_cm.o(.data)
    .data                                    0x10000060   Section        8  rt_cmsis.o(.data)
    .data                                    0x10000068   Section        8  rt_task.o(.data)
    .data                                    0x10000070   Section        8  rt_system.o(.data)
    os_lock                                  0x10000070   Data           1  rt_system.o(.data)
    os_psh_flag                              0x10000071   Data           1  rt_system.o(.data)
    pend_flags                               0x10000072   Data           1  rt_system.o(.data)
    .data                                    0x10000078   Section        4  rt_time.o(.data)
    .data                                    0x1000007c   Section        1  hal_cm.o(.data)
    .data                                    0x10000080   Section        8  rt_robin.o(.data)
    .bss                                     0x10000088   Section      144  thread.o(.bss)
    .bss                                     0x10000118   Section     6416  rtx_conf_cm.o(.bss)
    .bss                                     0x10001a28   Section       52  rt_task.o(.bss)
    .bss                                     0x10001a5c   Section       48  rt_list.o(.bss)
    STACK                                    0x10001a90   Section      512  startup_lpc17xx.o(STACK)

    Global Symbols

    Symbol Name                              Value     Ov Type        Size  Object(Section)

    BuildAttributes$$THM_ISAv4$P$D$K$B$S$PE$A:L22UL41UL21$X:L11$S22US41US21$IEEE1$IW$USESV6$~STKCKD$USESV7$~SHL$OSPACE$EBA8$MICROLIB$REQ8$PRES8$EABIv2 0x00000000   Number         0  anon$$obj.o ABSOLUTE
    __ARM_use_no_argv                        0x00000000   Number         0  main.o ABSOLUTE
    __Vectors                                0x00000000   Data           4  startup_lpc17xx.o(RESET)
    __cpp_initialize__aeabi_                  - Undefined Weak Reference
    __cxa_finalize                            - Undefined Weak Reference
    __decompress                              - Undefined Weak Reference
    _clock_init                               - Undefined Weak Reference
    _microlib_exit                            - Undefined Weak Reference
    __main                                   0x000000cd   Thumb Code     0  entry.o(.ARM.Collect$$$$00000000)
    _main_stk                                0x000000cd   Thumb Code     0  entry2.o(.ARM.Collect$$$$00000001)
    _main_scatterload                        0x000000d1   Thumb Code     0  entry5.o(.ARM.Collect$$$$00000004)
    __main_after_scatterload                 0x000000d5   Thumb Code     0  entry5.o(.ARM.Collect$$$$00000004)
    __rt_final_cpp                           0x000000d5   Thumb Code     0  entry10a.o(.ARM.Collect$$$$0000000D)
    __rt_final_exit                          0x000000d5   Thumb Code     0  entry11a.o(.ARM.Collect$$$$0000000F)
    _main_clock                              0x000000d5   Thumb Code     0  entry7b.o(.ARM.Collect$$$$00000008)
    _main_cpp_init                           0x000000d5   Thumb Code     0  entry8b.o(.ARM.Collect$$$$0000000A)
    _main_init                               0x000000d5   Thumb Code    18  rtx_conf_cm.o(.ARM.Collect$$$$000000FF)
    rt_set_PSP                               0x000000f1   Thumb Code     6  hal_cm3.o(.emb_text)
    rt_get_PSP                               0x000000f7   Thumb Code     6  hal_cm3.o(.emb_text)
    os_set_env                               0x000000fd   Thumb Code    24  hal_cm3.o(.emb_text)
    _alloc_box                               0x00000119   Thumb Code    28  hal_cm3.o(.emb_text)
    _free_box                                0x00000139   Thumb Code    28  hal_cm3.o(.emb_text)
    SVC_Handler                              0x00000159   Thumb Code   108  hal_cm3.o(.emb_text)
    PendSV_Handler                           0x000001d1   Thumb Code    56  hal_cm3.o(.emb_text)
    SysTick_Handler                          0x0000020d   Thumb Code     8  hal_cm3.o(.emb_text)
    OS_Tick_Handler                          0x00000215   Thumb Code    12  hal_cm3.o(.emb_text)
    Reset_Handler                            0x00000221   Thumb Code     8  startup_lpc17xx.o(.text)
    NMI_Handler                              0x00000229   Thumb Code     2  startup_lpc17xx.o(.text)
    HardFault_Handler                        0x0000022b   Thumb Code     2  startup_lpc17xx.o(.text)
    MemManage_Handler                        0x0000022d   Thumb Code     2  startup_lpc17xx.o(.text)
    BusFault_Handler                         0x0000022f   Thumb Code     2  startup_lpc17xx.o(.text)
    UsageFault_Handler                       0x00000231   Thumb Code     2  startup_lpc17xx.o(.text)
    DebugMon_Handler                         0x00000235   Thumb Code     2  startup_lpc17xx.o(.text)
    ADC_IRQHandler                           0x0000023b   Thumb Code     0  startup_lpc17xx.o(.text)
    BOD_IRQHandler                           0x0000023b   Thumb Code     0  startup_lpc17xx.o(.text)
    CANActivity_IRQHandler                   0x0000023b   Thumb Code     0  startup_lpc17xx.o(.text)
    CAN_IRQHandler                           0x0000023b   Thumb Code     0  startup_lpc17xx.o(.text)
    DMA_IRQHandler                           0x0000023b   Thumb Code     0  startup_lpc17xx.o(.text)
    EINT0_IRQHandler                         0x0000023b   Thumb Code     0  startup_lpc17xx.o(.text)
    EINT1_IRQHandler                         0x0000023b   Thumb Code     0  startup_lpc17xx.o(.text)
    EINT2_IRQHandler                         0x0000023b   Thumb Code     0  startup_lpc17xx.o(.text)
    EINT3_IRQHandler                         0x0000023b   Thumb Code     0  startup_lpc17xx.o(.text)
    ENET_IRQHandler                          0x0000023b   Thumb Code     0  startup_lpc17xx.o(.text)
    I2C0_IRQHandler                          0x0000023b   Thumb Code     0  startup_lpc17xx.o(.text)
    I2C1_IRQHandler                          0x0000023b   Thumb Code     0  startup_lpc17xx.o(.text)
    I2C2_IRQHandler                          0x0000023b   Thumb Code     0  startup_lpc17xx.o(.text)
    I2S_IRQHandler                           0x0000023b   Thumb Code     0  startup_lpc17xx.o(.text)
    MCPWM_IRQHandler                         0x0000023b   Thumb Code     0  startup_lpc17xx.o(.text)
    PLL0_IRQHandler                          0x0000023b   Thumb Code     0  startup_lpc17xx.o(.text)
    PLL1_IRQHandler                          0x0000023b   Thumb Code     0  startup_lpc17xx.o(.text)
    PWM1_IRQHandler                          0x0000023b   Thumb Code     0  startup_lpc17xx.o(.text)
    QEI_IRQHandler                           0x0000023b   Thumb Code     0  startup_lpc17xx.o(.text)
    RIT_IRQHandler                           0x0000023b   Thumb Code     0  startup_lpc17xx.o(.text)
    RTC_IRQHandler                           0x0000023b   Thumb Code     0  startup_lpc17xx.o(.text)
    SPI_IRQHandler                           0x0000023b   Thumb Code     0  startup_lpc17xx.o(.text)
    SSP0_IRQHandler                          0x0000023b   Thumb Code     0  startup_lpc17xx.o(.text)
    SSP1_IRQHandler                          0x0000023b   Thumb Code     0  startup_lpc17xx.o(.text)
    TIMER0_IRQHandler                        0x0000023b   Thumb Code     0  startup_lpc17xx.o(.text)
    TIMER1_IRQHandler                        0x0000023b   Thumb Code     0  startup_lpc17xx.o(.text)
    TIMER2_IRQHandler                        0x0000023b   Thumb Code     0  startup_lpc17xx.o(.text)
    TIMER3_IRQHandler                        0x0000023b   Thumb Code     0  startup_lpc17xx.o(.text)
    UART0_IRQHandler                         0x0000023b   Thumb Code     0  startup_lpc17xx.o(.text)
    UART1_IRQHandler                         0x0000023b   Thumb Code     0  startup_lpc17xx.o(.text)
    UART2_IRQHandler                         0x0000023b   Thumb Code     0  startup_lpc17xx.o(.text)
    UART3_IRQHandler                         0x0000023b   Thumb Code     0  startup_lpc17xx.o(.text)
    USBActivity_IRQHandler                   0x0000023b   Thumb Code     0  startup_lpc17xx.o(.text)
    USB_IRQHandler                           0x0000023b   Thumb Code     0  startup_lpc17xx.o(.text)
    WDT_IRQHandler                           0x0000023b   Thumb Code     0  startup_lpc17xx.o(.text)
    strncpy                                  0x00000245   Thumb Code    24  strncpy.o(.text)
    strlen                                   0x0000025d   Thumb Code    14  strlen.o(.text)
    strncat                                  0x0000026b   Thumb Code    40  strncat.o(.text)
    __scatterload                            0x00000295   Thumb Code    28  init.o(.text)
    __scatterload_rt2                        0x00000295   Thumb Code     0  init.o(.text)
    SVC_Count                                0x000002b8   Data           4  svc_table.o(SVC_TABLE)
    GLCD_Clear                               0x000002bd   Thumb Code    42  glcd_spi_lpc1700.o(i.GLCD_Clear)
    SVC_Table                                0x000002bc   Data           0  svc_table.o(SVC_TABLE)
    GLCD_SetBackColor                        0x000002e9   Thumb Code     6  glcd_spi_lpc1700.o(i.GLCD_SetBackColor)
    __scatterload_null                       0x000002f5   Thumb Code     2  handlers.o(i.__scatterload_null)
    os_tick_irqack                           0x000002f7   Thumb Code     2  rt_system.o(i.os_tick_irqack)
    App_Interface                            0x00000301   Thumb Code   198  thread.o(i.App_Interface)
    CPU_Management                           0x00000411   Thumb Code   196  thread.o(i.CPU_Management)
    __RL_RTX_VER                             0x00000482   Number         0  rt_system.o ABSOLUTE
    Device_Management                        0x00000515   Thumb Code   164  thread.o(i.Device_Management)
    GLCD_DisplayChar                         0x00000609   Thumb Code    84  glcd_spi_lpc1700.o(i.GLCD_DisplayChar)
    GLCD_DisplayString                       0x00000665   Thumb Code    40  glcd_spi_lpc1700.o(i.GLCD_DisplayString)
    GLCD_DrawChar                            0x0000068d   Thumb Code   150  glcd_spi_lpc1700.o(i.GLCD_DrawChar)
    GLCD_Init                                0x00000729   Thumb Code  1506  glcd_spi_lpc1700.o(i.GLCD_Init)
    GLCD_SetTextColor                        0x00000d11   Thumb Code     6  glcd_spi_lpc1700.o(i.GLCD_SetTextColor)
    GLCD_SetWindow                           0x00000d1d   Thumb Code   168  glcd_spi_lpc1700.o(i.GLCD_SetWindow)
    GLCD_WindowMax                           0x00000dc9   Thumb Code    18  glcd_spi_lpc1700.o(i.GLCD_WindowMax)
    GPIO_PinWrite                            0x00000ddd   Thumb Code    36  gpio_lpc17xx.o(i.GPIO_PinWrite)
    GPIO_PortClock                           0x00000e05   Thumb Code    38  gpio_lpc17xx.o(i.GPIO_PortClock)
    GPIO_SetDir                              0x00000e31   Thumb Code    52  gpio_lpc17xx.o(i.GPIO_SetDir)
    Init_Thread                              0x00000e69   Thumb Code    88  thread.o(i.Init_Thread)
    LED_Initialize                           0x00000ef1   Thumb Code    88  led_mcb1700.o(i.LED_Initialize)
    LED_Off                                  0x00000f4d   Thumb Code    40  led_mcb1700.o(i.LED_Off)
    LED_On                                   0x00000f79   Thumb Code    40  led_mcb1700.o(i.LED_On)
    Memory_Management                        0x00000fa5   Thumb Code   174  thread.o(i.Memory_Management)
    PIN_Configure                            0x0000109d   Thumb Code   246  pin_lpc17xx.o(i.PIN_Configure)
    SystemInit                               0x00001199   Thumb Code   302  system_lpc17xx.o(i.SystemInit)
    User_Interface                           0x000012d9   Thumb Code    92  thread.o(i.User_Interface)
    __scatterload_copy                       0x00001365   Thumb Code    14  handlers.o(i.__scatterload_copy)
    __scatterload_zeroinit                   0x00001373   Thumb Code    14  handlers.o(i.__scatterload_zeroinit)
    _init_box                                0x00001381   Thumb Code    70  rt_membox.o(i._init_box)
    dbg_init                                 0x000013c9   Thumb Code    34  hal_cm.o(i.dbg_init)
    dbg_task_notify                          0x000013f9   Thumb Code    32  hal_cm.o(i.dbg_task_notify)
    dbg_task_switch                          0x00001419   Thumb Code    16  hal_cm.o(i.dbg_task_switch)
    isrMessageGet                            0x00001437   Thumb Code    42  rt_cmsis.o(i.isrMessageGet)
    isrMessagePut                            0x00001461   Thumb Code    44  rt_cmsis.o(i.isrMessagePut)
    isrSignalSet                             0x0000148d   Thumb Code    36  rt_cmsis.o(i.isrSignalSet)
    isr_evt_set                              0x000014b1   Thumb Code    34  rt_event.o(i.isr_evt_set)
    isr_mbx_receive                          0x000014d9   Thumb Code    86  rt_mailbox.o(i.isr_mbx_receive)
    isr_mbx_send                             0x0000152f   Thumb Code    14  rt_mailbox.o(i.isr_mbx_send)
    main                                     0x0000153d   Thumb Code    94  main.o(i.main)
    osDelay                                  0x000015cd   Thumb Code    18  rt_cmsis.o(i.osDelay)
    osKernelInitialize                       0x000015e5   Thumb Code    30  rt_cmsis.o(i.osKernelInitialize)
    osKernelStart                            0x00001609   Thumb Code    98  rt_cmsis.o(i.osKernelStart)
    osMessageGet                             0x00001675   Thumb Code    18  rt_cmsis.o(i.osMessageGet)
    osMutexCreate                            0x0000168d   Thumb Code    36  rt_cmsis.o(i.osMutexCreate)
    osMutexRelease                           0x000016b9   Thumb Code    18  rt_cmsis.o(i.osMutexRelease)
    osMutexWait                              0x000016d1   Thumb Code    18  rt_cmsis.o(i.osMutexWait)
    osSignalSet                              0x000016e9   Thumb Code    18  rt_cmsis.o(i.osSignalSet)
    osSignalWait                             0x00001701   Thumb Code    18  rt_cmsis.o(i.osSignalWait)
    osThreadCreate                           0x00001719   Thumb Code    36  rt_cmsis.o(i.osThreadCreate)
    osThreadExit                             0x00001745   Thumb Code    14  rt_cmsis.o(i.osThreadExit)
    osThreadTerminate                        0x0000175d   Thumb Code    18  rt_cmsis.o(i.osThreadTerminate)
    osTimerCall                              0x00001775   Thumb Code     8  rt_cmsis.o(i.osTimerCall)
    osTimerThread                            0x00001781   Thumb Code    38  rt_cmsis.o(i.osTimerThread)
    os_error                                 0x000017ad   Thumb Code    34  rtx_conf_cm.o(i.os_error)
    os_idle_demon                            0x000017d1   Thumb Code    14  rtx_conf_cm.o(i.os_idle_demon)
    os_tick_init                             0x000017e5   Thumb Code    32  rt_system.o(i.os_tick_init)
    rt_alloc_box                             0x000018e1   Thumb Code    26  rt_membox.o(i.rt_alloc_box)
    rt_alloc_mem                             0x000018fb   Thumb Code    62  rt_memory.o(i.rt_alloc_mem)
    rt_block                                 0x00001939   Thumb Code    48  rt_task.o(i.rt_block)
    rt_chk_robin                             0x00001971   Thumb Code    60  rt_robin.o(i.rt_chk_robin)
    rt_dec_dly                               0x000019b9   Thumb Code   102  rt_list.o(i.rt_dec_dly)
    rt_dispatch                              0x00001a29   Thumb Code    60  rt_task.o(i.rt_dispatch)
    rt_dly_wait                              0x00001a6d   Thumb Code     6  rt_time.o(i.rt_dly_wait)
    rt_evt_psh                               0x00001a75   Thumb Code    76  rt_event.o(i.rt_evt_psh)
    rt_evt_set                               0x00001ac5   Thumb Code    88  rt_event.o(i.rt_evt_set)
    rt_evt_wait                              0x00001b21   Thumb Code    56  rt_event.o(i.rt_evt_wait)
    rt_free_box                              0x00001b5d   Thumb Code    44  rt_membox.o(i.rt_free_box)
    rt_free_mem                              0x00001b89   Thumb Code    40  rt_memory.o(i.rt_free_mem)
    rt_get_first                             0x00001bb1   Thumb Code    40  rt_list.o(i.rt_get_first)
    rt_init_mem                              0x00001c29   Thumb Code    26  rt_memory.o(i.rt_init_mem)
    rt_init_robin                            0x00001c45   Thumb Code    14  rt_robin.o(i.rt_init_robin)
    rt_init_stack                            0x00001c5d   Thumb Code   118  hal_cm.o(i.rt_init_stack)
    rt_mbx_check                             0x00001cdd   Thumb Code     8  rt_mailbox.o(i.rt_mbx_check)
    rt_mbx_init                              0x00001ce5   Thumb Code    26  rt_mailbox.o(i.rt_mbx_init)
    rt_mbx_psh                               0x00001d01   Thumb Code   236  rt_mailbox.o(i.rt_mbx_psh)
    rt_mbx_wait                              0x00001df1   Thumb Code   174  rt_mailbox.o(i.rt_mbx_wait)
    rt_mut_init                              0x00001ee9   Thumb Code    16  rt_mutex.o(i.rt_mut_init)
    rt_mut_release                           0x00001ef9   Thumb Code   208  rt_mutex.o(i.rt_mut_release)
    rt_mut_wait                              0x00001fd1   Thumb Code   114  rt_mutex.o(i.rt_mut_wait)
    rt_pop_req                               0x00002049   Thumb Code   112  rt_system.o(i.rt_pop_req)
    rt_psh_req                               0x000020c5   Thumb Code    22  rt_system.o(i.rt_psh_req)
    rt_psq_enq                               0x000020e5   Thumb Code    88  rt_list.o(i.rt_psq_enq)
    rt_put_dly                               0x00002141   Thumb Code    68  rt_list.o(i.rt_put_dly)
    rt_put_prio                              0x00002189   Thumb Code    54  rt_list.o(i.rt_put_prio)
    rt_put_rdy_first                         0x000021c1   Thumb Code    14  rt_list.o(i.rt_put_rdy_first)
    rt_resort_prio                           0x000021d5   Thumb Code    46  rt_list.o(i.rt_resort_prio)
    rt_ret_val                               0x00002209   Thumb Code     6  hal_cm.o(i.rt_ret_val)
    rt_ret_val2                              0x0000220f   Thumb Code     8  hal_cm.o(i.rt_ret_val2)
    rt_rmv_dly                               0x00002217   Thumb Code    40  rt_list.o(i.rt_rmv_dly)
    rt_rmv_list                              0x00002241   Thumb Code    44  rt_list.o(i.rt_rmv_list)
    rt_sem_psh                               0x00002271   Thumb Code    48  rt_semaphore.o(i.rt_sem_psh)
    rt_stk_check                             0x000022a5   Thumb Code    28  rt_system.o(i.rt_stk_check)
    rt_switch_req                            0x000022c9   Thumb Code    30  rt_task.o(i.rt_switch_req)
    rt_sys_init                              0x000022f1   Thumb Code   138  rt_task.o(i.rt_sys_init)
    rt_sys_start                             0x000023bd   Thumb Code   110  rt_task.o(i.rt_sys_start)
    rt_systick                               0x00002435   Thumb Code    50  rt_system.o(i.rt_systick)
    rt_tsk_create                            0x000024bd   Thumb Code   118  rt_task.o(i.rt_tsk_create)
    rt_tsk_delete                            0x00002545   Thumb Code   352  rt_task.o(i.rt_tsk_delete)
    rt_tsk_prio                              0x000026c1   Thumb Code   108  rt_task.o(i.rt_tsk_prio)
    rt_tsk_self                              0x0000273d   Thumb Code    12  rt_task.o(i.rt_tsk_self)
    svcDelay                                 0x000027ed   Thumb Code    18  rt_cmsis.o(i.svcDelay)
    svcKernelInitialize                      0x00002801   Thumb Code    80  rt_cmsis.o(i.svcKernelInitialize)
    svcKernelStart                           0x00002871   Thumb Code    62  rt_cmsis.o(i.svcKernelStart)
    svcMessageCreate                         0x000028b9   Thumb Code    36  rt_cmsis.o(i.svcMessageCreate)
    svcMessageGet                            0x000028dd   Thumb Code    58  rt_cmsis.o(i.svcMessageGet)
    svcMutexCreate                           0x00002917   Thumb Code    28  rt_cmsis.o(i.svcMutexCreate)
    svcMutexRelease                          0x00002933   Thumb Code    34  rt_cmsis.o(i.svcMutexRelease)
    svcMutexWait                             0x00002955   Thumb Code    58  rt_cmsis.o(i.svcMutexWait)
    svcSignalSet                             0x0000298f   Thumb Code    36  rt_cmsis.o(i.svcSignalSet)
    svcSignalWait                            0x000029b5   Thumb Code    80  rt_cmsis.o(i.svcSignalWait)
    svcThreadCreate                          0x00002a09   Thumb Code    96  rt_cmsis.o(i.svcThreadCreate)
    svcThreadGetId                           0x00002a75   Thumb Code    22  rt_cmsis.o(i.svcThreadGetId)
    svcThreadTerminate                       0x00002a91   Thumb Code    50  rt_cmsis.o(i.svcThreadTerminate)
    svcTimerCall                             0x00002ac9   Thumb Code    24  rt_cmsis.o(i.svcTimerCall)
    sysTimerTick                             0x00002ae1   Thumb Code    84  rt_cmsis.o(i.sysTimerTick)
    os_thread_def_Memory_Management          0x00002bd4   Data          16  thread.o(.constdata)
    os_thread_def_CPU_Management             0x00002be4   Data          16  thread.o(.constdata)
    os_thread_def_App_Interface              0x00002bf4   Data          16  thread.o(.constdata)
    os_thread_def_Device_Management          0x00002c04   Data          16  thread.o(.constdata)
    os_thread_def_User_Interface             0x00002c14   Data          16  thread.o(.constdata)
    os_mutex_def_log_lock                    0x00002c24   Data           4  thread.o(.constdata)
    Font_6x8_h                               0x00002c28   Data         896  glcd_spi_lpc1700.o(.constdata)
    Font_16x24_h                             0x00002fa8   Data        5376  glcd_spi_lpc1700.o(.constdata)
    os_maxtaskrun                            0x000044b8   Data           2  rtx_conf_cm.o(.constdata)
    os_stackinfo                             0x000044bc   Data           4  rtx_conf_cm.o(.constdata)
    os_rrobin                                0x000044c0   Data           4  rtx_conf_cm.o(.constdata)
    os_tickfreq                              0x000044c4   Data           4  rtx_conf_cm.o(.constdata)
    os_tickus_i                              0x000044c8   Data           2  rtx_conf_cm.o(.constdata)
    os_tickus_f                              0x000044ca   Data           2  rtx_conf_cm.o(.constdata)
    os_trv                                   0x000044cc   Data           4  rtx_conf_cm.o(.constdata)
    os_flags                                 0x000044d0   Data           1  rtx_conf_cm.o(.constdata)
    CMSIS_RTOS_API_Version                   0x000044d4   Data           4  rtx_conf_cm.o(.constdata)
    CMSIS_RTOS_RTX_Version                   0x000044d8   Data           4  rtx_conf_cm.o(.constdata)
    os_clockrate                             0x000044dc   Data           4  rtx_conf_cm.o(.constdata)
    os_timernum                              0x000044e0   Data           4  rtx_conf_cm.o(.constdata)
    mp_tcb_size                              0x000044e4   Data           2  rtx_conf_cm.o(.constdata)
    mp_stk_size                              0x000044e8   Data           4  rtx_conf_cm.o(.constdata)
    os_stack_sz                              0x000044ec   Data           4  rtx_conf_cm.o(.constdata)
    os_fifo_size                             0x000044f0   Data           1  rtx_conf_cm.o(.constdata)
    os_thread_def_osTimerThread              0x000044f4   Data          16  rtx_conf_cm.o(.constdata)
    os_messageQ_def_osTimerMessageQ          0x00004504   Data           8  rtx_conf_cm.o(.constdata)
    mp_tmr_size                              0x0000450c   Data           2  rtx_conf_cm.o(.constdata)
    os_thread_def_main                       0x00004510   Data          16  rtx_conf_cm.o(.constdata)
    Region$$Table$$Base                      0x00004520   Number         0  anon$$obj.o(Region$$Table)
    Region$$Table$$Limit                     0x00004540   Number         0  anon$$obj.o(Region$$Table)
    have                                     0x10000000   Data           4  thread.o(.data)
    r1                                       0x10000004   Data           4  thread.o(.data)
    r2                                       0x10000008   Data           4  thread.o(.data)
    r3                                       0x1000000c   Data           4  thread.o(.data)
    bit                                      0x10000010   Data           4  thread.o(.data)
    mm_access_cnt                            0x10000014   Data           4  thread.o(.data)
    cpu_access_cnt                           0x10000018   Data           4  thread.o(.data)
    app_cnt                                  0x1000001c   Data           4  thread.o(.data)
    dev_cnt                                  0x10000020   Data           4  thread.o(.data)
    ui_users                                 0x10000024   Data           4  thread.o(.data)
    current_led                              0x10000028   Data           4  thread.o(.data)
    tid_Thread                               0x1000002c   Data           4  thread.o(.data)
    tid2_Thread                              0x10000030   Data           4  thread.o(.data)
    tid3_Thread                              0x10000034   Data           4  thread.o(.data)
    tid4_Thread                              0x10000038   Data           4  thread.o(.data)
    tid5_Thread                              0x1000003c   Data           4  thread.o(.data)
    log_lock                                 0x10000040   Data           4  thread.o(.data)
    countIDLE                                0x1000004c   Data           4  rtx_conf_cm.o(.data)
    osThreadId_osTimerThread                 0x10000050   Data           4  rtx_conf_cm.o(.data)
    osMessageQId_osTimerMessageQ             0x10000054   Data           4  rtx_conf_cm.o(.data)
    os_tmr                                   0x10000058   Data           4  rtx_conf_cm.o(.data)
    m_tmr                                    0x1000005c   Data           4  rtx_conf_cm.o(.data)
    os_initialized                           0x10000060   Data           1  rt_cmsis.o(.data)
    os_running                               0x10000061   Data           1  rt_cmsis.o(.data)
    os_timer_head                            0x10000064   Data           4  rt_cmsis.o(.data)
    os_tsk                                   0x10000068   Data           8  rt_task.o(.data)
    os_tick_irqn                             0x10000074   Data           4  rt_system.o(.data)
    os_time                                  0x10000078   Data           4  rt_time.o(.data)
    dbg_msg                                  0x1000007c   Data           1  hal_cm.o(.data)
    os_robin                                 0x10000080   Data           8  rt_robin.o(.data)
    logger                                   0x10000088   Data         128  thread.o(.bss)
    os_mutex_cb_log_lock                     0x10000108   Data          16  thread.o(.bss)
    mp_tcb                                   0x10000118   Data         376  rtx_conf_cm.o(.bss)
    mp_stk                                   0x10000290   Data        4816  rtx_conf_cm.o(.bss)
    os_stack_mem                             0x10001560   Data        1032  rtx_conf_cm.o(.bss)
    os_fifo                                  0x10001968   Data         132  rtx_conf_cm.o(.bss)
    os_active_TCB                            0x100019ec   Data          28  rtx_conf_cm.o(.bss)
    os_messageQ_q_osTimerMessageQ            0x10001a08   Data          32  rtx_conf_cm.o(.bss)
    os_idle_TCB                              0x10001a28   Data          52  rt_task.o(.bss)
    os_rdy                                   0x10001a5c   Data          24  rt_list.o(.bss)
    os_dly                                   0x10001a74   Data          24  rt_list.o(.bss)
    __initial_sp                             0x10001c90   Data           0  startup_lpc17xx.o(STACK)



==============================================================================

Memory Map of the image

  Image Entry point : 0x00000221

  Load Region LR_1 (Base: 0x00000000, Size: 0x000045c8, Max: 0xffffffff, ABSOLUTE)

    Execution Region ER_RO (Exec base: 0x00000000, Load base: 0x00000000, Size: 0x00004540, Max: 0xffffffff, ABSOLUTE)

    Exec Addr    Load Addr    Size         Type   Attr      Idx    E Section Name        Object

    0x00000000   0x00000000   0x000000cc   Data   RO          501    RESET               startup_lpc17xx.o
    0x000000cc   0x000000cc   0x00000000   Code   RO         1756  * .ARM.Collect$$$$00000000  mc_w.l(entry.o)
    0x000000cc   0x000000cc   0x00000004   Code   RO         1767    .ARM.Collect$$$$00000001  mc_w.l(entry2.o)
    0x000000d0   0x000000d0   0x00000004   Code   RO         1770    .ARM.Collect$$$$00000004  mc_w.l(entry5.o)
    0x000000d4   0x000000d4   0x00000000   Code   RO         1772    .ARM.Collect$$$$00000008  mc_w.l(entry7b.o)
    0x000000d4   0x000000d4   0x00000000   Code   RO         1774    .ARM.Collect$$$$0000000A  mc_w.l(entry8b.o)
    0x000000d4   0x000000d4   0x00000000   Code   RO         1775    .ARM.Collect$$$$0000000D  mc_w.l(entry10a.o)
    0x000000d4   0x000000d4   0x00000000   Code   RO         1777    .ARM.Collect$$$$0000000F  mc_w.l(entry11a.o)
    0x000000d4   0x000000d4   0x00000018   Code   RO          374    .ARM.Collect$$$$000000FF  rtx_conf_cm.o
    0x000000ec   0x000000ec   0x00000004   Code   RO         1768    .ARM.Collect$$$$00002712  mc_w.l(entry2.o)
    0x000000f0   0x000000f0   0x00000130   Code   RO         1743    .emb_text           RTX_CM3.lib(hal_cm3.o)
    0x00000220   0x00000220   0x00000024   Code   RO          503  * .text               startup_lpc17xx.o
    0x00000244   0x00000244   0x00000018   Code   RO         1761    .text               mc_w.l(strncpy.o)
    0x0000025c   0x0000025c   0x0000000e   Code   RO         1763    .text               mc_w.l(strlen.o)
    0x0000026a   0x0000026a   0x00000028   Code   RO         1765    .text               mc_w.l(strncat.o)
    0x00000292   0x00000292   0x00000002   PAD
    0x00000294   0x00000294   0x00000024   Code   RO         1783    .text               mc_w.l(init.o)
    0x000002b8   0x000002b8   0x00000004   Code   RO         1753    SVC_TABLE           RTX_CM3.lib(svc_table.o)
    0x000002bc   0x000002bc   0x0000002a   Code   RO          125    i.GLCD_Clear        glcd_spi_lpc1700.o
    0x000002e6   0x000002e6   0x00000002   PAD
    0x000002e8   0x000002e8   0x0000000c   Code   RO          133    i.GLCD_SetBackColor  glcd_spi_lpc1700.o
    0x000002f4   0x000002f4   0x00000002   Code   RO         1788    i.__scatterload_null  mc_w.l(handlers.o)
    0x000002f6   0x000002f6   0x00000002   Code   RO         1256    i.os_tick_irqack    RTX_CM3.lib(rt_system.o)
    0x000002f8   0x000002f8   0x00000004   PAD
    0x000002fc   0x000002fc   0x00000004   Code   RO          502    .ARM.__at_0x02FC    startup_lpc17xx.o
    0x00000300   0x00000300   0x00000110   Code   RO            4    i.App_Interface     thread.o
    0x00000410   0x00000410   0x00000104   Code   RO            5    i.CPU_Management    thread.o
    0x00000514   0x00000514   0x000000f4   Code   RO            6    i.Device_Management  thread.o
    0x00000608   0x00000608   0x0000005c   Code   RO          127    i.GLCD_DisplayChar  glcd_spi_lpc1700.o
    0x00000664   0x00000664   0x00000028   Code   RO          128    i.GLCD_DisplayString  glcd_spi_lpc1700.o
    0x0000068c   0x0000068c   0x0000009c   Code   RO          129    i.GLCD_DrawChar     glcd_spi_lpc1700.o
    0x00000728   0x00000728   0x000005e8   Code   RO          130    i.GLCD_Init         glcd_spi_lpc1700.o
    0x00000d10   0x00000d10   0x0000000c   Code   RO          134    i.GLCD_SetTextColor  glcd_spi_lpc1700.o
    0x00000d1c   0x00000d1c   0x000000ac   Code   RO          135    i.GLCD_SetWindow    glcd_spi_lpc1700.o
    0x00000dc8   0x00000dc8   0x00000012   Code   RO          136    i.GLCD_WindowMax    glcd_spi_lpc1700.o
    0x00000dda   0x00000dda   0x00000002   PAD
    0x00000ddc   0x00000ddc   0x00000028   Code   RO          413    i.GPIO_PinWrite     gpio_lpc17xx.o
    0x00000e04   0x00000e04   0x0000002c   Code   RO          414    i.GPIO_PortClock    gpio_lpc17xx.o
    0x00000e30   0x00000e30   0x00000038   Code   RO          417    i.GPIO_SetDir       gpio_lpc17xx.o
    0x00000e68   0x00000e68   0x00000088   Code   RO            7    i.Init_Thread       thread.o
    0x00000ef0   0x00000ef0   0x0000005c   Code   RO          313    i.LED_Initialize    led_mcb1700.o
    0x00000f4c   0x00000f4c   0x0000002c   Code   RO          314    i.LED_Off           led_mcb1700.o
    0x00000f78   0x00000f78   0x0000002c   Code   RO          315    i.LED_On            led_mcb1700.o
    0x00000fa4   0x00000fa4   0x000000f8   Code   RO            8    i.Memory_Management  thread.o
    0x0000109c   0x0000109c   0x000000fc   Code   RO          466    i.PIN_Configure     pin_lpc17xx.o
    0x00001198   0x00001198   0x00000140   Code   RO          513    i.SystemInit        system_lpc17xx.o
    0x000012d8   0x000012d8   0x0000008c   Code   RO            9    i.User_Interface    thread.o
    0x00001364   0x00001364   0x0000000e   Code   RO         1787    i.__scatterload_copy  mc_w.l(handlers.o)
    0x00001372   0x00001372   0x0000000e   Code   RO         1789    i.__scatterload_zeroinit  mc_w.l(handlers.o)
    0x00001380   0x00001380   0x00000046   Code   RO         1621    i._init_box         RTX_CM3.lib(rt_membox.o)
    0x000013c6   0x000013c6   0x00000002   PAD
    0x000013c8   0x000013c8   0x00000030   Code   RO         1674    i.dbg_init          RTX_CM3.lib(hal_cm.o)
    0x000013f8   0x000013f8   0x00000020   Code   RO         1675    i.dbg_task_notify   RTX_CM3.lib(hal_cm.o)
    0x00001418   0x00001418   0x00000010   Code   RO         1676    i.dbg_task_switch   RTX_CM3.lib(hal_cm.o)
    0x00001428   0x00001428   0x0000000e   Code   RO          139    i.delay             glcd_spi_lpc1700.o
    0x00001436   0x00001436   0x0000002a   Code   RO          548    i.isrMessageGet     RTX_CM3.lib(rt_cmsis.o)
    0x00001460   0x00001460   0x0000002c   Code   RO          549    i.isrMessagePut     RTX_CM3.lib(rt_cmsis.o)
    0x0000148c   0x0000148c   0x00000024   Code   RO          551    i.isrSignalSet      RTX_CM3.lib(rt_cmsis.o)
    0x000014b0   0x000014b0   0x00000028   Code   RO         1345    i.isr_evt_set       RTX_CM3.lib(rt_event.o)
    0x000014d8   0x000014d8   0x00000056   Code   RO         1467    i.isr_mbx_receive   RTX_CM3.lib(rt_mailbox.o)
    0x0000152e   0x0000152e   0x0000000e   Code   RO         1468    i.isr_mbx_send      RTX_CM3.lib(rt_mailbox.o)
    0x0000153c   0x0000153c   0x00000090   Code   RO          105    i.main              main.o
    0x000015cc   0x000015cc   0x00000018   Code   RO          552    i.osDelay           RTX_CM3.lib(rt_cmsis.o)
    0x000015e4   0x000015e4   0x00000024   Code   RO          553    i.osKernelInitialize  RTX_CM3.lib(rt_cmsis.o)
    0x00001608   0x00001608   0x0000006c   Code   RO          555    i.osKernelStart     RTX_CM3.lib(rt_cmsis.o)
    0x00001674   0x00001674   0x00000018   Code   RO          564    i.osMessageGet      RTX_CM3.lib(rt_cmsis.o)
    0x0000168c   0x0000168c   0x0000002c   Code   RO          566    i.osMutexCreate     RTX_CM3.lib(rt_cmsis.o)
    0x000016b8   0x000016b8   0x00000018   Code   RO          568    i.osMutexRelease    RTX_CM3.lib(rt_cmsis.o)
    0x000016d0   0x000016d0   0x00000018   Code   RO          569    i.osMutexWait       RTX_CM3.lib(rt_cmsis.o)
    0x000016e8   0x000016e8   0x00000018   Code   RO          579    i.osSignalSet       RTX_CM3.lib(rt_cmsis.o)
    0x00001700   0x00001700   0x00000018   Code   RO          580    i.osSignalWait      RTX_CM3.lib(rt_cmsis.o)
    0x00001718   0x00001718   0x0000002c   Code   RO          581    i.osThreadCreate    RTX_CM3.lib(rt_cmsis.o)
    0x00001744   0x00001744   0x00000018   Code   RO          582    i.osThreadExit      RTX_CM3.lib(rt_cmsis.o)
    0x0000175c   0x0000175c   0x00000018   Code   RO          586    i.osThreadTerminate  RTX_CM3.lib(rt_cmsis.o)
    0x00001774   0x00001774   0x0000000c   Code   RO          588    i.osTimerCall       RTX_CM3.lib(rt_cmsis.o)
    0x00001780   0x00001780   0x0000002c   Code   RO          593    i.osTimerThread     RTX_CM3.lib(rt_cmsis.o)
    0x000017ac   0x000017ac   0x00000022   Code   RO          375    i.os_error          rtx_conf_cm.o
    0x000017ce   0x000017ce   0x00000002   PAD
    0x000017d0   0x000017d0   0x00000014   Code   RO          376    i.os_idle_demon     rtx_conf_cm.o
    0x000017e4   0x000017e4   0x00000028   Code   RO         1255    i.os_tick_init      RTX_CM3.lib(rt_system.o)
    0x0000180c   0x0000180c   0x0000008c   Code   RO          140    i.rd_id_man         glcd_spi_lpc1700.o
    0x00001898   0x00001898   0x00000048   Code   RO          141    i.rd_reg            glcd_spi_lpc1700.o
    0x000018e0   0x000018e0   0x0000001a   Code   RO         1622    i.rt_alloc_box      RTX_CM3.lib(rt_membox.o)
    0x000018fa   0x000018fa   0x0000003e   Code   RO         1650    i.rt_alloc_mem      RTX_CM3.lib(rt_memory.o)
    0x00001938   0x00001938   0x00000038   Code   RO         1170    i.rt_block          RTX_CM3.lib(rt_task.o)
    0x00001970   0x00001970   0x00000048   Code   RO         1722    i.rt_chk_robin      RTX_CM3.lib(rt_robin.o)
    0x000019b8   0x000019b8   0x00000070   Code   RO         1391    i.rt_dec_dly        RTX_CM3.lib(rt_list.o)
    0x00001a28   0x00001a28   0x00000044   Code   RO         1171    i.rt_dispatch       RTX_CM3.lib(rt_task.o)
    0x00001a6c   0x00001a6c   0x00000006   Code   RO         1557    i.rt_dly_wait       RTX_CM3.lib(rt_time.o)
    0x00001a72   0x00001a72   0x00000002   PAD
    0x00001a74   0x00001a74   0x00000050   Code   RO         1348    i.rt_evt_psh        RTX_CM3.lib(rt_event.o)
    0x00001ac4   0x00001ac4   0x0000005c   Code   RO         1349    i.rt_evt_set        RTX_CM3.lib(rt_event.o)
    0x00001b20   0x00001b20   0x0000003c   Code   RO         1350    i.rt_evt_wait       RTX_CM3.lib(rt_event.o)
    0x00001b5c   0x00001b5c   0x0000002c   Code   RO         1623    i.rt_free_box       RTX_CM3.lib(rt_membox.o)
    0x00001b88   0x00001b88   0x00000028   Code   RO         1651    i.rt_free_mem       RTX_CM3.lib(rt_memory.o)
    0x00001bb0   0x00001bb0   0x00000028   Code   RO         1392    i.rt_get_first      RTX_CM3.lib(rt_list.o)
    0x00001bd8   0x00001bd8   0x00000008   Code   RO          598    i.rt_id2obj         RTX_CM3.lib(rt_cmsis.o)
    0x00001be0   0x00001be0   0x00000048   Code   RO         1172    i.rt_init_context   RTX_CM3.lib(rt_task.o)
    0x00001c28   0x00001c28   0x0000001a   Code   RO         1652    i.rt_init_mem       RTX_CM3.lib(rt_memory.o)
    0x00001c42   0x00001c42   0x00000002   PAD
    0x00001c44   0x00001c44   0x00000018   Code   RO         1723    i.rt_init_robin     RTX_CM3.lib(rt_robin.o)
    0x00001c5c   0x00001c5c   0x00000080   Code   RO         1677    i.rt_init_stack     RTX_CM3.lib(hal_cm.o)
    0x00001cdc   0x00001cdc   0x00000008   Code   RO         1469    i.rt_mbx_check      RTX_CM3.lib(rt_mailbox.o)
    0x00001ce4   0x00001ce4   0x0000001a   Code   RO         1470    i.rt_mbx_init       RTX_CM3.lib(rt_mailbox.o)
    0x00001cfe   0x00001cfe   0x00000002   PAD
    0x00001d00   0x00001d00   0x000000f0   Code   RO         1471    i.rt_mbx_psh        RTX_CM3.lib(rt_mailbox.o)
    0x00001df0   0x00001df0   0x000000b4   Code   RO         1473    i.rt_mbx_wait       RTX_CM3.lib(rt_mailbox.o)
    0x00001ea4   0x00001ea4   0x00000044   Code   RO          599    i.rt_ms2tick        RTX_CM3.lib(rt_cmsis.o)
    0x00001ee8   0x00001ee8   0x00000010   Code   RO         1591    i.rt_mut_init       RTX_CM3.lib(rt_mutex.o)
    0x00001ef8   0x00001ef8   0x000000d8   Code   RO         1592    i.rt_mut_release    RTX_CM3.lib(rt_mutex.o)
    0x00001fd0   0x00001fd0   0x00000078   Code   RO         1593    i.rt_mut_wait       RTX_CM3.lib(rt_mutex.o)
    0x00002048   0x00002048   0x0000007c   Code   RO         1259    i.rt_pop_req        RTX_CM3.lib(rt_system.o)
    0x000020c4   0x000020c4   0x00000020   Code   RO         1260    i.rt_psh_req        RTX_CM3.lib(rt_system.o)
    0x000020e4   0x000020e4   0x0000005c   Code   RO         1394    i.rt_psq_enq        RTX_CM3.lib(rt_list.o)
    0x00002140   0x00002140   0x00000048   Code   RO         1395    i.rt_put_dly        RTX_CM3.lib(rt_list.o)
    0x00002188   0x00002188   0x00000036   Code   RO         1396    i.rt_put_prio       RTX_CM3.lib(rt_list.o)
    0x000021be   0x000021be   0x00000002   PAD
    0x000021c0   0x000021c0   0x00000014   Code   RO         1397    i.rt_put_rdy_first  RTX_CM3.lib(rt_list.o)
    0x000021d4   0x000021d4   0x00000034   Code   RO         1398    i.rt_resort_prio    RTX_CM3.lib(rt_list.o)
    0x00002208   0x00002208   0x00000006   Code   RO         1678    i.rt_ret_val        RTX_CM3.lib(hal_cm.o)
    0x0000220e   0x0000220e   0x00000008   Code   RO         1679    i.rt_ret_val2       RTX_CM3.lib(hal_cm.o)
    0x00002216   0x00002216   0x00000028   Code   RO         1399    i.rt_rmv_dly        RTX_CM3.lib(rt_list.o)
    0x0000223e   0x0000223e   0x00000002   PAD
    0x00002240   0x00002240   0x00000030   Code   RO         1400    i.rt_rmv_list       RTX_CM3.lib(rt_list.o)
    0x00002270   0x00002270   0x00000034   Code   RO         1518    i.rt_sem_psh        RTX_CM3.lib(rt_semaphore.o)
    0x000022a4   0x000022a4   0x00000024   Code   RO         1262    i.rt_stk_check      RTX_CM3.lib(rt_system.o)
    0x000022c8   0x000022c8   0x00000028   Code   RO         1173    i.rt_switch_req     RTX_CM3.lib(rt_task.o)
    0x000022f0   0x000022f0   0x000000cc   Code   RO         1174    i.rt_sys_init       RTX_CM3.lib(rt_task.o)
    0x000023bc   0x000023bc   0x00000078   Code   RO         1175    i.rt_sys_start      RTX_CM3.lib(rt_task.o)
    0x00002434   0x00002434   0x00000040   Code   RO         1264    i.rt_systick        RTX_CM3.lib(rt_system.o)
    0x00002474   0x00002474   0x00000012   Code   RO          600    i.rt_tid2ptcb       RTX_CM3.lib(rt_cmsis.o)
    0x00002486   0x00002486   0x00000002   PAD
    0x00002488   0x00002488   0x00000034   Code   RO          601    i.rt_timer_insert   RTX_CM3.lib(rt_cmsis.o)
    0x000024bc   0x000024bc   0x00000088   Code   RO         1176    i.rt_tsk_create     RTX_CM3.lib(rt_task.o)
    0x00002544   0x00002544   0x0000017c   Code   RO         1177    i.rt_tsk_delete     RTX_CM3.lib(rt_task.o)
    0x000026c0   0x000026c0   0x0000007c   Code   RO         1179    i.rt_tsk_prio       RTX_CM3.lib(rt_task.o)
    0x0000273c   0x0000273c   0x00000010   Code   RO         1180    i.rt_tsk_self       RTX_CM3.lib(rt_task.o)
    0x0000274c   0x0000274c   0x00000020   Code   RO          142    i.spi_tran          glcd_spi_lpc1700.o
    0x0000276c   0x0000276c   0x00000080   Code   RO          143    i.spi_tran_man      glcd_spi_lpc1700.o
    0x000027ec   0x000027ec   0x00000012   Code   RO          603    i.svcDelay          RTX_CM3.lib(rt_cmsis.o)
    0x000027fe   0x000027fe   0x00000002   PAD
    0x00002800   0x00002800   0x00000070   Code   RO          604    i.svcKernelInitialize  RTX_CM3.lib(rt_cmsis.o)
    0x00002870   0x00002870   0x00000048   Code   RO          606    i.svcKernelStart    RTX_CM3.lib(rt_cmsis.o)
    0x000028b8   0x000028b8   0x00000024   Code   RO          609    i.svcMessageCreate  RTX_CM3.lib(rt_cmsis.o)
    0x000028dc   0x000028dc   0x0000003a   Code   RO          610    i.svcMessageGet     RTX_CM3.lib(rt_cmsis.o)
    0x00002916   0x00002916   0x0000001c   Code   RO          612    i.svcMutexCreate    RTX_CM3.lib(rt_cmsis.o)
    0x00002932   0x00002932   0x00000022   Code   RO          614    i.svcMutexRelease   RTX_CM3.lib(rt_cmsis.o)
    0x00002954   0x00002954   0x0000003a   Code   RO          615    i.svcMutexWait      RTX_CM3.lib(rt_cmsis.o)
    0x0000298e   0x0000298e   0x00000024   Code   RO          622    i.svcSignalSet      RTX_CM3.lib(rt_cmsis.o)
    0x000029b2   0x000029b2   0x00000002   PAD
    0x000029b4   0x000029b4   0x00000054   Code   RO          623    i.svcSignalWait     RTX_CM3.lib(rt_cmsis.o)
    0x00002a08   0x00002a08   0x0000006c   Code   RO          624    i.svcThreadCreate   RTX_CM3.lib(rt_cmsis.o)
    0x00002a74   0x00002a74   0x0000001c   Code   RO          625    i.svcThreadGetId    RTX_CM3.lib(rt_cmsis.o)
    0x00002a90   0x00002a90   0x00000038   Code   RO          628    i.svcThreadTerminate  RTX_CM3.lib(rt_cmsis.o)
    0x00002ac8   0x00002ac8   0x00000018   Code   RO          630    i.svcTimerCall      RTX_CM3.lib(rt_cmsis.o)
    0x00002ae0   0x00002ae0   0x0000005c   Code   RO          639    i.sysTimerTick      RTX_CM3.lib(rt_cmsis.o)
    0x00002b3c   0x00002b3c   0x00000028   Code   RO          144    i.wr_cmd            glcd_spi_lpc1700.o
    0x00002b64   0x00002b64   0x00000028   Code   RO          145    i.wr_dat            glcd_spi_lpc1700.o
    0x00002b8c   0x00002b8c   0x00000012   Code   RO          146    i.wr_dat_only       glcd_spi_lpc1700.o
    0x00002b9e   0x00002b9e   0x00000002   PAD
    0x00002ba0   0x00002ba0   0x00000014   Code   RO          147    i.wr_dat_start      glcd_spi_lpc1700.o
    0x00002bb4   0x00002bb4   0x0000000c   Code   RO          148    i.wr_dat_stop       glcd_spi_lpc1700.o
    0x00002bc0   0x00002bc0   0x00000014   Code   RO          149    i.wr_reg            glcd_spi_lpc1700.o
    0x00002bd4   0x00002bd4   0x00000054   Data   RO           11    .constdata          thread.o
    0x00002c28   0x00002c28   0x00001880   Data   RO          150    .constdata          glcd_spi_lpc1700.o
    0x000044a8   0x000044a8   0x00000010   Data   RO          318    .constdata          led_mcb1700.o
    0x000044b8   0x000044b8   0x00000068   Data   RO          378    .constdata          rtx_conf_cm.o
    0x00004520   0x00004520   0x00000020   Data   RO         1785    Region$$Table       anon$$obj.o


    Execution Region ER_RW (Exec base: 0x10000000, Load base: 0x00004540, Size: 0x00000088, Max: 0xffffffff, ABSOLUTE)

    Exec Addr    Load Addr    Size         Type   Attr      Idx    E Section Name        Object

    0x10000000   0x00004540   0x00000044   Data   RW           12    .data               thread.o
    0x10000044   0x00004584   0x00000005   Data   RW          151    .data               glcd_spi_lpc1700.o
    0x10000049   0x00004589   0x00000003   PAD
    0x1000004c   0x0000458c   0x00000014   Data   RW          379    .data               rtx_conf_cm.o
    0x10000060   0x000045a0   0x00000008   Data   RW          642    .data               RTX_CM3.lib(rt_cmsis.o)
    0x10000068   0x000045a8   0x00000008   Data   RW         1182    .data               RTX_CM3.lib(rt_task.o)
    0x10000070   0x000045b0   0x00000008   Data   RW         1267    .data               RTX_CM3.lib(rt_system.o)
    0x10000078   0x000045b8   0x00000004   Data   RW         1561    .data               RTX_CM3.lib(rt_time.o)
    0x1000007c   0x000045bc   0x00000001   Data   RW         1680    .data               RTX_CM3.lib(hal_cm.o)
    0x1000007d   0x000045bd   0x00000003   PAD
    0x10000080   0x000045c0   0x00000008   Data   RW         1724    .data               RTX_CM3.lib(rt_robin.o)


    Execution Region ER_ZI (Exec base: 0x10000088, Load base: 0x000045c8, Size: 0x00001c08, Max: 0xffffffff, ABSOLUTE)

    Exec Addr    Load Addr    Size         Type   Attr      Idx    E Section Name        Object

    0x10000088        -       0x00000090   Zero   RW           10    .bss                thread.o
    0x10000118        -       0x00001910   Zero   RW          377    .bss                rtx_conf_cm.o
    0x10001a28        -       0x00000034   Zero   RW         1181    .bss                RTX_CM3.lib(rt_task.o)
    0x10001a5c        -       0x00000030   Zero   RW         1401    .bss                RTX_CM3.lib(rt_list.o)
    0x10001a8c   0x000045c8   0x00000004   PAD
    0x10001a90        -       0x00000200   Zero   RW          499    STACK               startup_lpc17xx.o


==============================================================================

Image component sizes


      Code (inc. data)   RO Data    RW Data    ZI Data      Debug   Object Name

      2592         94       6272          5          0      12745   glcd_spi_lpc1700.o
       140         14          0          0          0       1807   gpio_lpc17xx.o
       180         12         16          0          0       3628   led_mcb1700.o
       144         50          0          0          0        447   main.o
       252          6          0          0          0        844   pin_lpc17xx.o
        78         12        104         20       6416       7622   rtx_conf_cm.o
        40         12        204          0        512        960   startup_lpc17xx.o
       320         18          0          0          0        557   system_lpc17xx.o
      1300        388         84         68        144      14524   thread.o

    ----------------------------------------------------------------------
      5054        606       6712         96       7072      43134   Object Totals
         0          0         32          0          0          0   (incl. Generated)
         8          0          0          3          0          0   (incl. Padding)

    ----------------------------------------------------------------------

      Code (inc. data)   RO Data    RW Data    ZI Data      Debug   Library Member Name

       238         24          0          1          0       3244   hal_cm.o
       304         36          0          0          0        756   hal_cm3.o
      1592        186          0          8          0      40994   rt_cmsis.o
       272         18          0          0          0       2606   rt_event.o
       530         34          0          0         48       8157   rt_list.o
       554         10          0          0          0       3889   rt_mailbox.o
       140          0          0          0          0       1889   rt_membox.o
       128          0          0          0          0       2267   rt_memory.o
       352         14          0          0          0       2073   rt_mutex.o
        96         22          0          8          0       1134   rt_robin.o
        52          4          0          0          0        565   rt_semaphore.o
       298         52          0          8          0       6139   rt_system.o
      1216        174          0          8         52       9537   rt_task.o
         6          0          0          4          0        636   rt_time.o
         4          4          0          0          0        196   svc_table.o
         0          0          0          0          0          0   entry.o
         0          0          0          0          0          0   entry10a.o
         0          0          0          0          0          0   entry11a.o
         8          4          0          0          0          0   entry2.o
         4          0          0          0          0          0   entry5.o
         0          0          0          0          0          0   entry7b.o
         0          0          0          0          0          0   entry8b.o
        30          0          0          0          0          0   handlers.o
        36          8          0          0          0         68   init.o
        14          0          0          0          0         68   strlen.o
        40          0          0          0          0         76   strncat.o
        24          0          0          0          0         76   strncpy.o

    ----------------------------------------------------------------------
      5962        590          0         40        104      84370   Library Totals
        24          0          0          3          4          0   (incl. Padding)

    ----------------------------------------------------------------------

      Code (inc. data)   RO Data    RW Data    ZI Data      Debug   Library Name

      5782        578          0         37        100      84082   RTX_CM3.lib
       156         12          0          0          0        288   mc_w.l

    ----------------------------------------------------------------------
      5962        590          0         40        104      84370   Library Totals

    ----------------------------------------------------------------------

==============================================================================


      Code (inc. data)   RO Data    RW Data    ZI Data      Debug   

     11016       1196       6712        136       7176     121208   Grand Totals
     11016       1196       6712        136       7176     121208   ELF Image Totals
     11016       1196       6712        136          0          0   ROM Totals

==============================================================================

    Total RO  Size (Code + RO Data)                17728 (  17.31kB)
    Total RW  Size (RW Data + ZI Data)              7312 (   7.14kB)
    Total ROM Size (Code + RO Data + RW Data)      17864 (  17.45kB)

==============================================================================

