Component: ARM Compiler 6.16 Tool: armlink [5dfeaa00]

==============================================================================

Section Cross References

    blinky.o(.ARM.exidx.text.fputc) refers to blinky.o(.text.fputc) for [Anonymous Symbol]
    blinky.o(.text.handleJoystick) refers to led.o(.text.LED_Out) for LED_Out
    blinky.o(.text.handleJoystick) refers to puts.o(i.puts) for puts
    blinky.o(.ARM.exidx.text.handleJoystick) refers to blinky.o(.text.handleJoystick) for [Anonymous Symbol]
    blinky.o(.ARM.exidx.text.joystickName) refers to blinky.o(.text.joystickName) for [Anonymous Symbol]
    blinky.o(.text.main) refers to led.o(.text.LED_Init) for LED_Init
    blinky.o(.text.main) refers to adc_mcb1700.o(.text.ADC_Initialize) for ADC_Initialize
    blinky.o(.text.main) refers to kbd.o(.text.KBD_Init) for KBD_Init
    blinky.o(.text.main) refers to glcd_spi_lpc1700.o(.text.GLCD_Init) for GLCD_Init
    blinky.o(.text.main) refers to glcd_spi_lpc1700.o(.text.GLCD_Clear) for GLCD_Clear
    blinky.o(.text.main) refers to glcd_spi_lpc1700.o(.text.GLCD_SetBackColor) for GLCD_SetBackColor
    blinky.o(.text.main) refers to glcd_spi_lpc1700.o(.text.GLCD_SetTextColor) for GLCD_SetTextColor
    blinky.o(.text.main) refers to glcd_spi_lpc1700.o(.text.GLCD_DisplayString) for GLCD_DisplayString
    blinky.o(.text.main) refers to system_lpc17xx.o(.data.SystemCoreClock) for SystemCoreClock
    blinky.o(.text.main) refers to blinky.o(.text.SysTick_Config) for SysTick_Config
    blinky.o(.text.main) refers to irq.o(.bss.clock_ms) for clock_ms
    blinky.o(.text.main) refers to blinky.o(.bss.text) for text
    blinky.o(.text.main) refers to adc_mcb1700.o(.text.ADC_GetValue) for ADC_GetValue
    blinky.o(.text.main) refers to blinky.o(.bss.ADC_last) for ADC_last
    blinky.o(.text.main) refers to blinky.o(.bss.AD_dbg) for AD_dbg
    blinky.o(.text.main) refers to printf8.o(i.__0sprintf$8) for __2sprintf
    blinky.o(.text.main) refers to kbd.o(.text.get_button) for get_button
    blinky.o(.text.main) refers to blinky.o(.text.handleJoystick) for handleJoystick
    blinky.o(.text.main) refers to blinky.o(.text.joystickName) for joystickName
    blinky.o(.text.main) refers to printf8.o(i.__0printf$8) for __2printf
    blinky.o(.ARM.exidx.text.main) refers to blinky.o(.text.main) for [Anonymous Symbol]
    blinky.o(.text.SysTick_Config) refers to blinky.o(.text.__NVIC_SetPriority) for __NVIC_SetPriority
    blinky.o(.ARM.exidx.text.SysTick_Config) refers to blinky.o(.text.SysTick_Config) for [Anonymous Symbol]
    blinky.o(.ARM.exidx.text.__NVIC_SetPriority) refers to blinky.o(.text.__NVIC_SetPriority) for [Anonymous Symbol]
    glcd_spi_lpc1700.o(.text.GLCD_Init) refers to glcd_spi_lpc1700.o(.text.rd_id_man) for rd_id_man
    glcd_spi_lpc1700.o(.text.GLCD_Init) refers to glcd_spi_lpc1700.o(.text.rd_reg) for rd_reg
    glcd_spi_lpc1700.o(.text.GLCD_Init) refers to glcd_spi_lpc1700.o(.bss.Himax) for Himax
    glcd_spi_lpc1700.o(.text.GLCD_Init) refers to glcd_spi_lpc1700.o(.text.wr_reg) for wr_reg
    glcd_spi_lpc1700.o(.ARM.exidx.text.GLCD_Init) refers to glcd_spi_lpc1700.o(.text.GLCD_Init) for [Anonymous Symbol]
    glcd_spi_lpc1700.o(.text.rd_id_man) refers to glcd_spi_lpc1700.o(.text.spi_tran_man) for spi_tran_man
    glcd_spi_lpc1700.o(.ARM.exidx.text.rd_id_man) refers to glcd_spi_lpc1700.o(.text.rd_id_man) for [Anonymous Symbol]
    glcd_spi_lpc1700.o(.text.rd_reg) refers to glcd_spi_lpc1700.o(.text.wr_cmd) for wr_cmd
    glcd_spi_lpc1700.o(.text.rd_reg) refers to glcd_spi_lpc1700.o(.text.rd_dat) for rd_dat
    glcd_spi_lpc1700.o(.ARM.exidx.text.rd_reg) refers to glcd_spi_lpc1700.o(.text.rd_reg) for [Anonymous Symbol]
    glcd_spi_lpc1700.o(.text.wr_reg) refers to glcd_spi_lpc1700.o(.text.wr_cmd) for wr_cmd
    glcd_spi_lpc1700.o(.text.wr_reg) refers to glcd_spi_lpc1700.o(.text.wr_dat) for wr_dat
    glcd_spi_lpc1700.o(.ARM.exidx.text.wr_reg) refers to glcd_spi_lpc1700.o(.text.wr_reg) for [Anonymous Symbol]
    glcd_spi_lpc1700.o(.text.GLCD_SetWindow) refers to glcd_spi_lpc1700.o(.bss.Himax) for Himax
    glcd_spi_lpc1700.o(.text.GLCD_SetWindow) refers to glcd_spi_lpc1700.o(.text.wr_reg) for wr_reg
    glcd_spi_lpc1700.o(.ARM.exidx.text.GLCD_SetWindow) refers to glcd_spi_lpc1700.o(.text.GLCD_SetWindow) for [Anonymous Symbol]
    glcd_spi_lpc1700.o(.text.GLCD_WindowMax) refers to glcd_spi_lpc1700.o(.text.GLCD_SetWindow) for GLCD_SetWindow
    glcd_spi_lpc1700.o(.ARM.exidx.text.GLCD_WindowMax) refers to glcd_spi_lpc1700.o(.text.GLCD_WindowMax) for [Anonymous Symbol]
    glcd_spi_lpc1700.o(.text.GLCD_PutPixel) refers to glcd_spi_lpc1700.o(.bss.Himax) for Himax
    glcd_spi_lpc1700.o(.text.GLCD_PutPixel) refers to glcd_spi_lpc1700.o(.text.wr_reg) for wr_reg
    glcd_spi_lpc1700.o(.text.GLCD_PutPixel) refers to glcd_spi_lpc1700.o(.text.wr_cmd) for wr_cmd
    glcd_spi_lpc1700.o(.text.GLCD_PutPixel) refers to glcd_spi_lpc1700.o(.data.Color) for Color
    glcd_spi_lpc1700.o(.text.GLCD_PutPixel) refers to glcd_spi_lpc1700.o(.text.wr_dat) for wr_dat
    glcd_spi_lpc1700.o(.ARM.exidx.text.GLCD_PutPixel) refers to glcd_spi_lpc1700.o(.text.GLCD_PutPixel) for [Anonymous Symbol]
    glcd_spi_lpc1700.o(.text.wr_cmd) refers to glcd_spi_lpc1700.o(.text.spi_tran) for spi_tran
    glcd_spi_lpc1700.o(.ARM.exidx.text.wr_cmd) refers to glcd_spi_lpc1700.o(.text.wr_cmd) for [Anonymous Symbol]
    glcd_spi_lpc1700.o(.text.wr_dat) refers to glcd_spi_lpc1700.o(.text.spi_tran) for spi_tran
    glcd_spi_lpc1700.o(.ARM.exidx.text.wr_dat) refers to glcd_spi_lpc1700.o(.text.wr_dat) for [Anonymous Symbol]
    glcd_spi_lpc1700.o(.text.GLCD_SetTextColor) refers to glcd_spi_lpc1700.o(.data.Color) for Color
    glcd_spi_lpc1700.o(.ARM.exidx.text.GLCD_SetTextColor) refers to glcd_spi_lpc1700.o(.text.GLCD_SetTextColor) for [Anonymous Symbol]
    glcd_spi_lpc1700.o(.text.GLCD_SetBackColor) refers to glcd_spi_lpc1700.o(.data.Color) for Color
    glcd_spi_lpc1700.o(.ARM.exidx.text.GLCD_SetBackColor) refers to glcd_spi_lpc1700.o(.text.GLCD_SetBackColor) for [Anonymous Symbol]
    glcd_spi_lpc1700.o(.text.GLCD_Clear) refers to glcd_spi_lpc1700.o(.text.GLCD_WindowMax) for GLCD_WindowMax
    glcd_spi_lpc1700.o(.text.GLCD_Clear) refers to glcd_spi_lpc1700.o(.text.wr_cmd) for wr_cmd
    glcd_spi_lpc1700.o(.text.GLCD_Clear) refers to glcd_spi_lpc1700.o(.text.wr_dat_start) for wr_dat_start
    glcd_spi_lpc1700.o(.text.GLCD_Clear) refers to glcd_spi_lpc1700.o(.text.wr_dat_only) for wr_dat_only
    glcd_spi_lpc1700.o(.text.GLCD_Clear) refers to glcd_spi_lpc1700.o(.text.wr_dat_stop) for wr_dat_stop
    glcd_spi_lpc1700.o(.ARM.exidx.text.GLCD_Clear) refers to glcd_spi_lpc1700.o(.text.GLCD_Clear) for [Anonymous Symbol]
    glcd_spi_lpc1700.o(.text.wr_dat_start) refers to glcd_spi_lpc1700.o(.text.spi_tran) for spi_tran
    glcd_spi_lpc1700.o(.ARM.exidx.text.wr_dat_start) refers to glcd_spi_lpc1700.o(.text.wr_dat_start) for [Anonymous Symbol]
    glcd_spi_lpc1700.o(.text.wr_dat_only) refers to glcd_spi_lpc1700.o(.text.spi_tran) for spi_tran
    glcd_spi_lpc1700.o(.ARM.exidx.text.wr_dat_only) refers to glcd_spi_lpc1700.o(.text.wr_dat_only) for [Anonymous Symbol]
    glcd_spi_lpc1700.o(.ARM.exidx.text.wr_dat_stop) refers to glcd_spi_lpc1700.o(.text.wr_dat_stop) for [Anonymous Symbol]
    glcd_spi_lpc1700.o(.text.GLCD_DrawChar) refers to glcd_spi_lpc1700.o(.text.GLCD_SetWindow) for GLCD_SetWindow
    glcd_spi_lpc1700.o(.text.GLCD_DrawChar) refers to glcd_spi_lpc1700.o(.text.wr_cmd) for wr_cmd
    glcd_spi_lpc1700.o(.text.GLCD_DrawChar) refers to glcd_spi_lpc1700.o(.text.wr_dat_start) for wr_dat_start
    glcd_spi_lpc1700.o(.text.GLCD_DrawChar) refers to glcd_spi_lpc1700.o(.data.Color) for Color
    glcd_spi_lpc1700.o(.text.GLCD_DrawChar) refers to glcd_spi_lpc1700.o(.text.wr_dat_only) for wr_dat_only
    glcd_spi_lpc1700.o(.text.GLCD_DrawChar) refers to glcd_spi_lpc1700.o(.text.wr_dat_stop) for wr_dat_stop
    glcd_spi_lpc1700.o(.ARM.exidx.text.GLCD_DrawChar) refers to glcd_spi_lpc1700.o(.text.GLCD_DrawChar) for [Anonymous Symbol]
    glcd_spi_lpc1700.o(.text.GLCD_DisplayChar) refers to glcd_spi_lpc1700.o(.rodata.Font_6x8_h) for Font_6x8_h
    glcd_spi_lpc1700.o(.text.GLCD_DisplayChar) refers to glcd_spi_lpc1700.o(.text.GLCD_DrawChar) for GLCD_DrawChar
    glcd_spi_lpc1700.o(.text.GLCD_DisplayChar) refers to glcd_spi_lpc1700.o(.rodata.Font_16x24_h) for Font_16x24_h
    glcd_spi_lpc1700.o(.ARM.exidx.text.GLCD_DisplayChar) refers to glcd_spi_lpc1700.o(.text.GLCD_DisplayChar) for [Anonymous Symbol]
    glcd_spi_lpc1700.o(.text.GLCD_DisplayString) refers to glcd_spi_lpc1700.o(.text.GLCD_DisplayChar) for GLCD_DisplayChar
    glcd_spi_lpc1700.o(.ARM.exidx.text.GLCD_DisplayString) refers to glcd_spi_lpc1700.o(.text.GLCD_DisplayString) for [Anonymous Symbol]
    glcd_spi_lpc1700.o(.text.GLCD_ClearLn) refers to glcd_spi_lpc1700.o(.text.GLCD_WindowMax) for GLCD_WindowMax
    glcd_spi_lpc1700.o(.text.GLCD_ClearLn) refers to memseta.o(.text) for __aeabi_memset4
    glcd_spi_lpc1700.o(.text.GLCD_ClearLn) refers to glcd_spi_lpc1700.o(.text.GLCD_DisplayString) for GLCD_DisplayString
    glcd_spi_lpc1700.o(.ARM.exidx.text.GLCD_ClearLn) refers to glcd_spi_lpc1700.o(.text.GLCD_ClearLn) for [Anonymous Symbol]
    glcd_spi_lpc1700.o(.text.GLCD_Bargraph) refers to glcd_spi_lpc1700.o(.text.GLCD_SetWindow) for GLCD_SetWindow
    glcd_spi_lpc1700.o(.text.GLCD_Bargraph) refers to glcd_spi_lpc1700.o(.text.wr_cmd) for wr_cmd
    glcd_spi_lpc1700.o(.text.GLCD_Bargraph) refers to glcd_spi_lpc1700.o(.text.wr_dat_start) for wr_dat_start
    glcd_spi_lpc1700.o(.text.GLCD_Bargraph) refers to glcd_spi_lpc1700.o(.data.Color) for Color
    glcd_spi_lpc1700.o(.text.GLCD_Bargraph) refers to glcd_spi_lpc1700.o(.text.wr_dat_only) for wr_dat_only
    glcd_spi_lpc1700.o(.text.GLCD_Bargraph) refers to glcd_spi_lpc1700.o(.text.wr_dat_stop) for wr_dat_stop
    glcd_spi_lpc1700.o(.ARM.exidx.text.GLCD_Bargraph) refers to glcd_spi_lpc1700.o(.text.GLCD_Bargraph) for [Anonymous Symbol]
    glcd_spi_lpc1700.o(.text.GLCD_Bitmap) refers to glcd_spi_lpc1700.o(.text.GLCD_SetWindow) for GLCD_SetWindow
    glcd_spi_lpc1700.o(.text.GLCD_Bitmap) refers to glcd_spi_lpc1700.o(.text.wr_cmd) for wr_cmd
    glcd_spi_lpc1700.o(.text.GLCD_Bitmap) refers to glcd_spi_lpc1700.o(.text.wr_dat_start) for wr_dat_start
    glcd_spi_lpc1700.o(.text.GLCD_Bitmap) refers to glcd_spi_lpc1700.o(.text.wr_dat_only) for wr_dat_only
    glcd_spi_lpc1700.o(.text.GLCD_Bitmap) refers to glcd_spi_lpc1700.o(.text.wr_dat_stop) for wr_dat_stop
    glcd_spi_lpc1700.o(.ARM.exidx.text.GLCD_Bitmap) refers to glcd_spi_lpc1700.o(.text.GLCD_Bitmap) for [Anonymous Symbol]
    glcd_spi_lpc1700.o(.ARM.exidx.text.GLCD_ScrollVertical) refers to glcd_spi_lpc1700.o(.text.GLCD_ScrollVertical) for [Anonymous Symbol]
    glcd_spi_lpc1700.o(.text.GLCD_WrCmd) refers to glcd_spi_lpc1700.o(.text.wr_cmd) for wr_cmd
    glcd_spi_lpc1700.o(.ARM.exidx.text.GLCD_WrCmd) refers to glcd_spi_lpc1700.o(.text.GLCD_WrCmd) for [Anonymous Symbol]
    glcd_spi_lpc1700.o(.text.GLCD_WrReg) refers to glcd_spi_lpc1700.o(.text.wr_reg) for wr_reg
    glcd_spi_lpc1700.o(.ARM.exidx.text.GLCD_WrReg) refers to glcd_spi_lpc1700.o(.text.GLCD_WrReg) for [Anonymous Symbol]
    glcd_spi_lpc1700.o(.ARM.exidx.text.spi_tran_man) refers to glcd_spi_lpc1700.o(.text.spi_tran_man) for [Anonymous Symbol]
    glcd_spi_lpc1700.o(.text.rd_dat) refers to glcd_spi_lpc1700.o(.text.spi_tran) for spi_tran
    glcd_spi_lpc1700.o(.ARM.exidx.text.rd_dat) refers to glcd_spi_lpc1700.o(.text.rd_dat) for [Anonymous Symbol]
    glcd_spi_lpc1700.o(.ARM.exidx.text.spi_tran) refers to glcd_spi_lpc1700.o(.text.spi_tran) for [Anonymous Symbol]
    irq.o(.text.SysTick_Handler) refers to irq.o(.bss.SysTick_Handler.ticks) for SysTick_Handler.ticks
    irq.o(.text.SysTick_Handler) refers to irq.o(.bss.clock_ms) for clock_ms
    irq.o(.text.SysTick_Handler) refers to irq.o(.bss.SysTick_Handler.timetick) for SysTick_Handler.timetick
    irq.o(.text.SysTick_Handler) refers to blinky.o(.bss.ADC_last) for ADC_last
    irq.o(.text.SysTick_Handler) refers to irq.o(.data.SysTick_Handler.leds) for SysTick_Handler.leds
    irq.o(.text.SysTick_Handler) refers to adc_mcb1700.o(.text.ADC_StartConversion) for ADC_StartConversion
    irq.o(.ARM.exidx.text.SysTick_Handler) refers to irq.o(.text.SysTick_Handler) for [Anonymous Symbol]
    led.o(.ARM.exidx.text.LED_Init) refers to led.o(.text.LED_Init) for [Anonymous Symbol]
    led.o(.text.LED_On) refers to led.o(.rodata.led_mask) for led_mask
    led.o(.ARM.exidx.text.LED_On) refers to led.o(.text.LED_On) for [Anonymous Symbol]
    led.o(.text.LED_Off) refers to led.o(.rodata.led_mask) for led_mask
    led.o(.ARM.exidx.text.LED_Off) refers to led.o(.text.LED_Off) for [Anonymous Symbol]
    led.o(.text.LED_Out) refers to led.o(.text.LED_Off) for LED_Off
    led.o(.text.LED_Out) refers to led.o(.text.LED_On) for LED_On
    led.o(.ARM.exidx.text.LED_Out) refers to led.o(.text.LED_Out) for [Anonymous Symbol]
    kbd.o(.ARM.exidx.text.KBD_Init) refers to kbd.o(.text.KBD_Init) for [Anonymous Symbol]
    kbd.o(.ARM.exidx.text.KBD_get) refers to kbd.o(.text.KBD_get) for [Anonymous Symbol]
    kbd.o(.text.get_button) refers to kbd.o(.text.KBD_get) for KBD_get
    kbd.o(.ARM.exidx.text.get_button) refers to kbd.o(.text.get_button) for [Anonymous Symbol]
    adc_mcb1700.o(.text.ADC_Initialize) refers to pin_lpc17xx.o(.text.PIN_Configure) for PIN_Configure
    adc_mcb1700.o(.text.ADC_Initialize) refers to adc_mcb1700.o(.text.__NVIC_EnableIRQ) for __NVIC_EnableIRQ
    adc_mcb1700.o(.ARM.exidx.text.ADC_Initialize) refers to adc_mcb1700.o(.text.ADC_Initialize) for [Anonymous Symbol]
    adc_mcb1700.o(.ARM.exidx.text.__NVIC_EnableIRQ) refers to adc_mcb1700.o(.text.__NVIC_EnableIRQ) for [Anonymous Symbol]
    adc_mcb1700.o(.text.ADC_Uninitialize) refers to adc_mcb1700.o(.text.__NVIC_DisableIRQ) for __NVIC_DisableIRQ
    adc_mcb1700.o(.text.ADC_Uninitialize) refers to pin_lpc17xx.o(.text.PIN_Configure) for PIN_Configure
    adc_mcb1700.o(.ARM.exidx.text.ADC_Uninitialize) refers to adc_mcb1700.o(.text.ADC_Uninitialize) for [Anonymous Symbol]
    adc_mcb1700.o(.ARM.exidx.text.__NVIC_DisableIRQ) refers to adc_mcb1700.o(.text.__NVIC_DisableIRQ) for [Anonymous Symbol]
    adc_mcb1700.o(.ARM.exidx.text.ADC_StartConversion) refers to adc_mcb1700.o(.text.ADC_StartConversion) for [Anonymous Symbol]
    adc_mcb1700.o(.text.ADC_ConversionDone) refers to adc_mcb1700.o(.bss.AD_done) for AD_done
    adc_mcb1700.o(.ARM.exidx.text.ADC_ConversionDone) refers to adc_mcb1700.o(.text.ADC_ConversionDone) for [Anonymous Symbol]
    adc_mcb1700.o(.text.ADC_GetValue) refers to adc_mcb1700.o(.bss.AD_done) for AD_done
    adc_mcb1700.o(.text.ADC_GetValue) refers to adc_mcb1700.o(.bss.AD_last) for AD_last
    adc_mcb1700.o(.ARM.exidx.text.ADC_GetValue) refers to adc_mcb1700.o(.text.ADC_GetValue) for [Anonymous Symbol]
    adc_mcb1700.o(.ARM.exidx.text.ADC_GetResolution) refers to adc_mcb1700.o(.text.ADC_GetResolution) for [Anonymous Symbol]
    adc_mcb1700.o(.text.ADC_IRQHandler) refers to adc_mcb1700.o(.bss.AD_last) for AD_last
    adc_mcb1700.o(.text.ADC_IRQHandler) refers to adc_mcb1700.o(.bss.AD_done) for AD_done
    adc_mcb1700.o(.ARM.exidx.text.ADC_IRQHandler) refers to adc_mcb1700.o(.text.ADC_IRQHandler) for [Anonymous Symbol]
    retarget_io.o(.ARM.exidx.text.ITM_SendChar) refers to retarget_io.o(.text.ITM_SendChar) for [Anonymous Symbol]
    retarget_io.o(.text.ITM_ReceiveChar) refers to retarget_io.o(.data.ITM_RxBuffer) for ITM_RxBuffer
    retarget_io.o(.ARM.exidx.text.ITM_ReceiveChar) refers to retarget_io.o(.text.ITM_ReceiveChar) for [Anonymous Symbol]
    retarget_io.o(.text.fputc) refers to stdout.o(.data) for __stdout
    retarget_io.o(.text.fputc) refers to retarget_io.o(.text.stdout_putchar) for stdout_putchar
    retarget_io.o(.ARM.exidx.text.fputc) refers to retarget_io.o(.text.fputc) for [Anonymous Symbol]
    retarget_io.o(.text.stdout_putchar) refers to retarget_io.o(.text.ITM_SendChar) for ITM_SendChar
    retarget_io.o(.ARM.exidx.text.stdout_putchar) refers to retarget_io.o(.text.stdout_putchar) for [Anonymous Symbol]
    retarget_io.o(.ARM.exidx.text.fgetc) refers to retarget_io.o(.text.fgetc) for [Anonymous Symbol]
    retarget_io.o(.ARM.exidx.text.__backspace) refers to retarget_io.o(.text.__backspace) for [Anonymous Symbol]
    retarget_io.o(.text.__aeabi_assert) refers to stderr.o(.data) for __stderr
    retarget_io.o(.text.__aeabi_assert) refers to fwrite.o(i.fwrite) for fwrite
    retarget_io.o(.text.__aeabi_assert) refers to fputs.o(i.fputs) for fputs
    retarget_io.o(.text.__aeabi_assert) refers to retarget_io.o(.text.abort) for abort
    retarget_io.o(.ARM.exidx.text.__aeabi_assert) refers to retarget_io.o(.text.__aeabi_assert) for [Anonymous Symbol]
    retarget_io.o(.ARM.exidx.text.abort) refers to retarget_io.o(.text.abort) for [Anonymous Symbol]
    pin_lpc17xx.o(.ARM.exidx.text.PIN_Configure) refers to pin_lpc17xx.o(.text.PIN_Configure) for [Anonymous Symbol]
    pin_lpc17xx.o(.ARM.exidx.text.PIN_ConfigureTPIU) refers to pin_lpc17xx.o(.text.PIN_ConfigureTPIU) for [Anonymous Symbol]
    pin_lpc17xx.o(.ARM.exidx.text.PIN_ConfigureI2C0Pins) refers to pin_lpc17xx.o(.text.PIN_ConfigureI2C0Pins) for [Anonymous Symbol]
    startup_lpc17xx.o(RESET) refers to startup_lpc17xx.o(STACK) for __initial_sp
    startup_lpc17xx.o(RESET) refers to startup_lpc17xx.o(.text) for Reset_Handler
    startup_lpc17xx.o(RESET) refers to irq.o(.text.SysTick_Handler) for SysTick_Handler
    startup_lpc17xx.o(RESET) refers to adc_mcb1700.o(.text.ADC_IRQHandler) for ADC_IRQHandler
    startup_lpc17xx.o(.text) refers to system_lpc17xx.o(.text.SystemInit) for SystemInit
    startup_lpc17xx.o(.text) refers to entry.o(.ARM.Collect$$$$00000000) for __main
    system_lpc17xx.o(.text.SystemCoreClockUpdate) refers to uldiv.o(.text) for __aeabi_uldivmod
    system_lpc17xx.o(.text.SystemCoreClockUpdate) refers to system_lpc17xx.o(.data.SystemCoreClock) for SystemCoreClock
    system_lpc17xx.o(.ARM.exidx.text.SystemCoreClockUpdate) refers to system_lpc17xx.o(.text.SystemCoreClockUpdate) for [Anonymous Symbol]
    system_lpc17xx.o(.ARM.exidx.text.SystemInit) refers to system_lpc17xx.o(.text.SystemInit) for [Anonymous Symbol]
    entry.o(.ARM.Collect$$$$00000000) refers (Special) to entry10a.o(.ARM.Collect$$$$0000000D) for __rt_final_cpp
    entry.o(.ARM.Collect$$$$00000000) refers (Special) to entry11a.o(.ARM.Collect$$$$0000000F) for __rt_final_exit
    entry.o(.ARM.Collect$$$$00000000) refers (Special) to entry7b.o(.ARM.Collect$$$$00000008) for _main_clock
    entry.o(.ARM.Collect$$$$00000000) refers (Special) to entry8b.o(.ARM.Collect$$$$0000000A) for _main_cpp_init
    entry.o(.ARM.Collect$$$$00000000) refers (Special) to entry9a.o(.ARM.Collect$$$$0000000B) for _main_init
    entry.o(.ARM.Collect$$$$00000000) refers (Special) to entry5.o(.ARM.Collect$$$$00000004) for _main_scatterload
    entry.o(.ARM.Collect$$$$00000000) refers (Special) to entry2.o(.ARM.Collect$$$$00000001) for _main_stk
    fputs.o(i.fputs) refers to blinky.o(.text.fputc) for fputc
    puts.o(i.puts) refers to blinky.o(.text.fputc) for fputc
    puts.o(i.puts) refers to stdout.o(.data) for __stdout
    fwrite.o(i.fwrite) refers to blinky.o(.text.fputc) for fputc
    fputs_e.o(.text) refers to blinky.o(.text.fputc) for fputc
    puts_e.o(.text) refers to blinky.o(.text.fputc) for fputc
    puts_e.o(.text) refers to stdout.o(.data) for __stdout
    fwrite_e.o(.text) refers to blinky.o(.text.fputc) for fputc
    uldiv.o(.text) refers to llushr.o(.text) for __aeabi_llsr
    uldiv.o(.text) refers to llshl.o(.text) for __aeabi_llsl
    printfb.o(i.__0fprintf$bare) refers to printfb.o(i._printf_core) for _printf_core
    printfb.o(i.__0fprintf$bare) refers to blinky.o(.text.fputc) for fputc
    printfb.o(i.__0printf$bare) refers to printfb.o(i._printf_core) for _printf_core
    printfb.o(i.__0printf$bare) refers to blinky.o(.text.fputc) for fputc
    printfb.o(i.__0printf$bare) refers to stdout.o(.data) for __stdout
    printfb.o(i.__0snprintf$bare) refers to printfb.o(i._printf_core) for _printf_core
    printfb.o(i.__0snprintf$bare) refers to printfb.o(i._snputc) for _snputc
    printfb.o(i.__0sprintf$bare) refers to printfb.o(i._printf_core) for _printf_core
    printfb.o(i.__0sprintf$bare) refers to printfb.o(i._sputc) for _sputc
    printfb.o(i.__0vfprintf$bare) refers to printfb.o(i._printf_core) for _printf_core
    printfb.o(i.__0vfprintf$bare) refers to blinky.o(.text.fputc) for fputc
    printfb.o(i.__0vprintf$bare) refers to printfb.o(i._printf_core) for _printf_core
    printfb.o(i.__0vprintf$bare) refers to blinky.o(.text.fputc) for fputc
    printfb.o(i.__0vprintf$bare) refers to stdout.o(.data) for __stdout
    printfb.o(i.__0vsnprintf$bare) refers to printfb.o(i._printf_core) for _printf_core
    printfb.o(i.__0vsnprintf$bare) refers to printfb.o(i._snputc) for _snputc
    printfb.o(i.__0vsprintf$bare) refers to printfb.o(i._printf_core) for _printf_core
    printfb.o(i.__0vsprintf$bare) refers to printfb.o(i._sputc) for _sputc
    printf0.o(i.__0fprintf$0) refers to printf0.o(i._printf_core) for _printf_core
    printf0.o(i.__0fprintf$0) refers to blinky.o(.text.fputc) for fputc
    printf0.o(i.__0printf$0) refers to printf0.o(i._printf_core) for _printf_core
    printf0.o(i.__0printf$0) refers to blinky.o(.text.fputc) for fputc
    printf0.o(i.__0printf$0) refers to stdout.o(.data) for __stdout
    printf0.o(i.__0snprintf$0) refers to printf0.o(i._printf_core) for _printf_core
    printf0.o(i.__0snprintf$0) refers to printf0.o(i._snputc) for _snputc
    printf0.o(i.__0sprintf$0) refers to printf0.o(i._printf_core) for _printf_core
    printf0.o(i.__0sprintf$0) refers to printf0.o(i._sputc) for _sputc
    printf0.o(i.__0vfprintf$0) refers to printf0.o(i._printf_core) for _printf_core
    printf0.o(i.__0vfprintf$0) refers to blinky.o(.text.fputc) for fputc
    printf0.o(i.__0vprintf$0) refers to printf0.o(i._printf_core) for _printf_core
    printf0.o(i.__0vprintf$0) refers to blinky.o(.text.fputc) for fputc
    printf0.o(i.__0vprintf$0) refers to stdout.o(.data) for __stdout
    printf0.o(i.__0vsnprintf$0) refers to printf0.o(i._printf_core) for _printf_core
    printf0.o(i.__0vsnprintf$0) refers to printf0.o(i._snputc) for _snputc
    printf0.o(i.__0vsprintf$0) refers to printf0.o(i._printf_core) for _printf_core
    printf0.o(i.__0vsprintf$0) refers to printf0.o(i._sputc) for _sputc
    printf1.o(i.__0fprintf$1) refers to printf1.o(i._printf_core) for _printf_core
    printf1.o(i.__0fprintf$1) refers to blinky.o(.text.fputc) for fputc
    printf1.o(i.__0printf$1) refers to printf1.o(i._printf_core) for _printf_core
    printf1.o(i.__0printf$1) refers to blinky.o(.text.fputc) for fputc
    printf1.o(i.__0printf$1) refers to stdout.o(.data) for __stdout
    printf1.o(i.__0snprintf$1) refers to printf1.o(i._printf_core) for _printf_core
    printf1.o(i.__0snprintf$1) refers to printf1.o(i._snputc) for _snputc
    printf1.o(i.__0sprintf$1) refers to printf1.o(i._printf_core) for _printf_core
    printf1.o(i.__0sprintf$1) refers to printf1.o(i._sputc) for _sputc
    printf1.o(i.__0vfprintf$1) refers to printf1.o(i._printf_core) for _printf_core
    printf1.o(i.__0vfprintf$1) refers to blinky.o(.text.fputc) for fputc
    printf1.o(i.__0vprintf$1) refers to printf1.o(i._printf_core) for _printf_core
    printf1.o(i.__0vprintf$1) refers to blinky.o(.text.fputc) for fputc
    printf1.o(i.__0vprintf$1) refers to stdout.o(.data) for __stdout
    printf1.o(i.__0vsnprintf$1) refers to printf1.o(i._printf_core) for _printf_core
    printf1.o(i.__0vsnprintf$1) refers to printf1.o(i._snputc) for _snputc
    printf1.o(i.__0vsprintf$1) refers to printf1.o(i._printf_core) for _printf_core
    printf1.o(i.__0vsprintf$1) refers to printf1.o(i._sputc) for _sputc
    printf1.o(i._printf_core) refers to uidiv.o(.text) for __aeabi_uidivmod
    printf2.o(i.__0fprintf$2) refers to printf2.o(i._printf_core) for _printf_core
    printf2.o(i.__0fprintf$2) refers to blinky.o(.text.fputc) for fputc
    printf2.o(i.__0printf$2) refers to printf2.o(i._printf_core) for _printf_core
    printf2.o(i.__0printf$2) refers to blinky.o(.text.fputc) for fputc
    printf2.o(i.__0printf$2) refers to stdout.o(.data) for __stdout
    printf2.o(i.__0snprintf$2) refers to printf2.o(i._printf_core) for _printf_core
    printf2.o(i.__0snprintf$2) refers to printf2.o(i._snputc) for _snputc
    printf2.o(i.__0sprintf$2) refers to printf2.o(i._printf_core) for _printf_core
    printf2.o(i.__0sprintf$2) refers to printf2.o(i._sputc) for _sputc
    printf2.o(i.__0vfprintf$2) refers to printf2.o(i._printf_core) for _printf_core
    printf2.o(i.__0vfprintf$2) refers to blinky.o(.text.fputc) for fputc
    printf2.o(i.__0vprintf$2) refers to printf2.o(i._printf_core) for _printf_core
    printf2.o(i.__0vprintf$2) refers to blinky.o(.text.fputc) for fputc
    printf2.o(i.__0vprintf$2) refers to stdout.o(.data) for __stdout
    printf2.o(i.__0vsnprintf$2) refers to printf2.o(i._printf_core) for _printf_core
    printf2.o(i.__0vsnprintf$2) refers to printf2.o(i._snputc) for _snputc
    printf2.o(i.__0vsprintf$2) refers to printf2.o(i._printf_core) for _printf_core
    printf2.o(i.__0vsprintf$2) refers to printf2.o(i._sputc) for _sputc
    printf3.o(i.__0fprintf$3) refers to printf3.o(i._printf_core) for _printf_core
    printf3.o(i.__0fprintf$3) refers to blinky.o(.text.fputc) for fputc
    printf3.o(i.__0printf$3) refers to printf3.o(i._printf_core) for _printf_core
    printf3.o(i.__0printf$3) refers to blinky.o(.text.fputc) for fputc
    printf3.o(i.__0printf$3) refers to stdout.o(.data) for __stdout
    printf3.o(i.__0snprintf$3) refers to printf3.o(i._printf_core) for _printf_core
    printf3.o(i.__0snprintf$3) refers to printf3.o(i._snputc) for _snputc
    printf3.o(i.__0sprintf$3) refers to printf3.o(i._printf_core) for _printf_core
    printf3.o(i.__0sprintf$3) refers to printf3.o(i._sputc) for _sputc
    printf3.o(i.__0vfprintf$3) refers to printf3.o(i._printf_core) for _printf_core
    printf3.o(i.__0vfprintf$3) refers to blinky.o(.text.fputc) for fputc
    printf3.o(i.__0vprintf$3) refers to printf3.o(i._printf_core) for _printf_core
    printf3.o(i.__0vprintf$3) refers to blinky.o(.text.fputc) for fputc
    printf3.o(i.__0vprintf$3) refers to stdout.o(.data) for __stdout
    printf3.o(i.__0vsnprintf$3) refers to printf3.o(i._printf_core) for _printf_core
    printf3.o(i.__0vsnprintf$3) refers to printf3.o(i._snputc) for _snputc
    printf3.o(i.__0vsprintf$3) refers to printf3.o(i._printf_core) for _printf_core
    printf3.o(i.__0vsprintf$3) refers to printf3.o(i._sputc) for _sputc
    printf3.o(i._printf_core) refers to uidiv.o(.text) for __aeabi_uidivmod
    printf4.o(i.__0fprintf$4) refers to printf4.o(i._printf_core) for _printf_core
    printf4.o(i.__0fprintf$4) refers to blinky.o(.text.fputc) for fputc
    printf4.o(i.__0printf$4) refers to printf4.o(i._printf_core) for _printf_core
    printf4.o(i.__0printf$4) refers to blinky.o(.text.fputc) for fputc
    printf4.o(i.__0printf$4) refers to stdout.o(.data) for __stdout
    printf4.o(i.__0snprintf$4) refers to printf4.o(i._printf_core) for _printf_core
    printf4.o(i.__0snprintf$4) refers to printf4.o(i._snputc) for _snputc
    printf4.o(i.__0sprintf$4) refers to printf4.o(i._printf_core) for _printf_core
    printf4.o(i.__0sprintf$4) refers to printf4.o(i._sputc) for _sputc
    printf4.o(i.__0vfprintf$4) refers to printf4.o(i._printf_core) for _printf_core
    printf4.o(i.__0vfprintf$4) refers to blinky.o(.text.fputc) for fputc
    printf4.o(i.__0vprintf$4) refers to printf4.o(i._printf_core) for _printf_core
    printf4.o(i.__0vprintf$4) refers to blinky.o(.text.fputc) for fputc
    printf4.o(i.__0vprintf$4) refers to stdout.o(.data) for __stdout
    printf4.o(i.__0vsnprintf$4) refers to printf4.o(i._printf_core) for _printf_core
    printf4.o(i.__0vsnprintf$4) refers to printf4.o(i._snputc) for _snputc
    printf4.o(i.__0vsprintf$4) refers to printf4.o(i._printf_core) for _printf_core
    printf4.o(i.__0vsprintf$4) refers to printf4.o(i._sputc) for _sputc
    printf4.o(i._printf_core) refers to uldiv.o(.text) for __aeabi_uldivmod
    printf5.o(i.__0fprintf$5) refers to printf5.o(i._printf_core) for _printf_core
    printf5.o(i.__0fprintf$5) refers to blinky.o(.text.fputc) for fputc
    printf5.o(i.__0printf$5) refers to printf5.o(i._printf_core) for _printf_core
    printf5.o(i.__0printf$5) refers to blinky.o(.text.fputc) for fputc
    printf5.o(i.__0printf$5) refers to stdout.o(.data) for __stdout
    printf5.o(i.__0snprintf$5) refers to printf5.o(i._printf_core) for _printf_core
    printf5.o(i.__0snprintf$5) refers to printf5.o(i._snputc) for _snputc
    printf5.o(i.__0sprintf$5) refers to printf5.o(i._printf_core) for _printf_core
    printf5.o(i.__0sprintf$5) refers to printf5.o(i._sputc) for _sputc
    printf5.o(i.__0vfprintf$5) refers to printf5.o(i._printf_core) for _printf_core
    printf5.o(i.__0vfprintf$5) refers to blinky.o(.text.fputc) for fputc
    printf5.o(i.__0vprintf$5) refers to printf5.o(i._printf_core) for _printf_core
    printf5.o(i.__0vprintf$5) refers to blinky.o(.text.fputc) for fputc
    printf5.o(i.__0vprintf$5) refers to stdout.o(.data) for __stdout
    printf5.o(i.__0vsnprintf$5) refers to printf5.o(i._printf_core) for _printf_core
    printf5.o(i.__0vsnprintf$5) refers to printf5.o(i._snputc) for _snputc
    printf5.o(i.__0vsprintf$5) refers to printf5.o(i._printf_core) for _printf_core
    printf5.o(i.__0vsprintf$5) refers to printf5.o(i._sputc) for _sputc
    printf5.o(i._printf_core) refers to uldiv.o(.text) for __aeabi_uldivmod
    printf6.o(i.__0fprintf$6) refers to printf6.o(i._printf_core) for _printf_core
    printf6.o(i.__0fprintf$6) refers to blinky.o(.text.fputc) for fputc
    printf6.o(i.__0printf$6) refers to printf6.o(i._printf_core) for _printf_core
    printf6.o(i.__0printf$6) refers to blinky.o(.text.fputc) for fputc
    printf6.o(i.__0printf$6) refers to stdout.o(.data) for __stdout
    printf6.o(i.__0snprintf$6) refers to printf6.o(i._printf_core) for _printf_core
    printf6.o(i.__0snprintf$6) refers to printf6.o(i._snputc) for _snputc
    printf6.o(i.__0sprintf$6) refers to printf6.o(i._printf_core) for _printf_core
    printf6.o(i.__0sprintf$6) refers to printf6.o(i._sputc) for _sputc
    printf6.o(i.__0vfprintf$6) refers to printf6.o(i._printf_core) for _printf_core
    printf6.o(i.__0vfprintf$6) refers to blinky.o(.text.fputc) for fputc
    printf6.o(i.__0vprintf$6) refers to printf6.o(i._printf_core) for _printf_core
    printf6.o(i.__0vprintf$6) refers to blinky.o(.text.fputc) for fputc
    printf6.o(i.__0vprintf$6) refers to stdout.o(.data) for __stdout
    printf6.o(i.__0vsnprintf$6) refers to printf6.o(i._printf_core) for _printf_core
    printf6.o(i.__0vsnprintf$6) refers to printf6.o(i._snputc) for _snputc
    printf6.o(i.__0vsprintf$6) refers to printf6.o(i._printf_core) for _printf_core
    printf6.o(i.__0vsprintf$6) refers to printf6.o(i._sputc) for _sputc
    printf6.o(i._printf_core) refers to printf6.o(i._printf_pre_padding) for _printf_pre_padding
    printf6.o(i._printf_core) refers to uidiv.o(.text) for __aeabi_uidivmod
    printf6.o(i._printf_core) refers to printf6.o(i._printf_post_padding) for _printf_post_padding
    printf7.o(i.__0fprintf$7) refers to printf7.o(i._printf_core) for _printf_core
    printf7.o(i.__0fprintf$7) refers to blinky.o(.text.fputc) for fputc
    printf7.o(i.__0printf$7) refers to printf7.o(i._printf_core) for _printf_core
    printf7.o(i.__0printf$7) refers to blinky.o(.text.fputc) for fputc
    printf7.o(i.__0printf$7) refers to stdout.o(.data) for __stdout
    printf7.o(i.__0snprintf$7) refers to printf7.o(i._printf_core) for _printf_core
    printf7.o(i.__0snprintf$7) refers to printf7.o(i._snputc) for _snputc
    printf7.o(i.__0sprintf$7) refers to printf7.o(i._printf_core) for _printf_core
    printf7.o(i.__0sprintf$7) refers to printf7.o(i._sputc) for _sputc
    printf7.o(i.__0vfprintf$7) refers to printf7.o(i._printf_core) for _printf_core
    printf7.o(i.__0vfprintf$7) refers to blinky.o(.text.fputc) for fputc
    printf7.o(i.__0vprintf$7) refers to printf7.o(i._printf_core) for _printf_core
    printf7.o(i.__0vprintf$7) refers to blinky.o(.text.fputc) for fputc
    printf7.o(i.__0vprintf$7) refers to stdout.o(.data) for __stdout
    printf7.o(i.__0vsnprintf$7) refers to printf7.o(i._printf_core) for _printf_core
    printf7.o(i.__0vsnprintf$7) refers to printf7.o(i._snputc) for _snputc
    printf7.o(i.__0vsprintf$7) refers to printf7.o(i._printf_core) for _printf_core
    printf7.o(i.__0vsprintf$7) refers to printf7.o(i._sputc) for _sputc
    printf7.o(i._printf_core) refers to printf7.o(i._printf_pre_padding) for _printf_pre_padding
    printf7.o(i._printf_core) refers to uldiv.o(.text) for __aeabi_uldivmod
    printf7.o(i._printf_core) refers to printf7.o(i._printf_post_padding) for _printf_post_padding
    printf8.o(i.__0fprintf$8) refers to printf8.o(i._printf_core) for _printf_core
    printf8.o(i.__0fprintf$8) refers to blinky.o(.text.fputc) for fputc
    printf8.o(i.__0printf$8) refers to printf8.o(i._printf_core) for _printf_core
    printf8.o(i.__0printf$8) refers to blinky.o(.text.fputc) for fputc
    printf8.o(i.__0printf$8) refers to stdout.o(.data) for __stdout
    printf8.o(i.__0snprintf$8) refers to printf8.o(i._printf_core) for _printf_core
    printf8.o(i.__0snprintf$8) refers to printf8.o(i._snputc) for _snputc
    printf8.o(i.__0sprintf$8) refers to printf8.o(i._printf_core) for _printf_core
    printf8.o(i.__0sprintf$8) refers to printf8.o(i._sputc) for _sputc
    printf8.o(i.__0vfprintf$8) refers to printf8.o(i._printf_core) for _printf_core
    printf8.o(i.__0vfprintf$8) refers to blinky.o(.text.fputc) for fputc
    printf8.o(i.__0vprintf$8) refers to printf8.o(i._printf_core) for _printf_core
    printf8.o(i.__0vprintf$8) refers to blinky.o(.text.fputc) for fputc
    printf8.o(i.__0vprintf$8) refers to stdout.o(.data) for __stdout
    printf8.o(i.__0vsnprintf$8) refers to printf8.o(i._printf_core) for _printf_core
    printf8.o(i.__0vsnprintf$8) refers to printf8.o(i._snputc) for _snputc
    printf8.o(i.__0vsprintf$8) refers to printf8.o(i._printf_core) for _printf_core
    printf8.o(i.__0vsprintf$8) refers to printf8.o(i._sputc) for _sputc
    printf8.o(i._printf_core) refers to printf8.o(i._printf_pre_padding) for _printf_pre_padding
    printf8.o(i._printf_core) refers to uldiv.o(.text) for __aeabi_uldivmod
    printf8.o(i._printf_core) refers to printf8.o(i._printf_post_padding) for _printf_post_padding
    printfa.o(i.__0fprintf) refers (Special) to iusefp.o(.text) for __I$use$fp
    printfa.o(i.__0fprintf) refers to printfa.o(i._printf_core) for _printf_core
    printfa.o(i.__0fprintf) refers to blinky.o(.text.fputc) for fputc
    printfa.o(i.__0printf) refers (Special) to iusefp.o(.text) for __I$use$fp
    printfa.o(i.__0printf) refers to printfa.o(i._printf_core) for _printf_core
    printfa.o(i.__0printf) refers to blinky.o(.text.fputc) for fputc
    printfa.o(i.__0printf) refers to stdout.o(.data) for __stdout
    printfa.o(i.__0snprintf) refers (Special) to iusefp.o(.text) for __I$use$fp
    printfa.o(i.__0snprintf) refers to printfa.o(i._printf_core) for _printf_core
    printfa.o(i.__0snprintf) refers to printfa.o(i._snputc) for _snputc
    printfa.o(i.__0sprintf) refers (Special) to iusefp.o(.text) for __I$use$fp
    printfa.o(i.__0sprintf) refers to printfa.o(i._printf_core) for _printf_core
    printfa.o(i.__0sprintf) refers to printfa.o(i._sputc) for _sputc
    printfa.o(i.__0vfprintf) refers (Special) to iusefp.o(.text) for __I$use$fp
    printfa.o(i.__0vfprintf) refers to printfa.o(i._printf_core) for _printf_core
    printfa.o(i.__0vfprintf) refers to blinky.o(.text.fputc) for fputc
    printfa.o(i.__0vprintf) refers (Special) to iusefp.o(.text) for __I$use$fp
    printfa.o(i.__0vprintf) refers to printfa.o(i._printf_core) for _printf_core
    printfa.o(i.__0vprintf) refers to blinky.o(.text.fputc) for fputc
    printfa.o(i.__0vprintf) refers to stdout.o(.data) for __stdout
    printfa.o(i.__0vsnprintf) refers (Special) to iusefp.o(.text) for __I$use$fp
    printfa.o(i.__0vsnprintf) refers to printfa.o(i._printf_core) for _printf_core
    printfa.o(i.__0vsnprintf) refers to printfa.o(i._snputc) for _snputc
    printfa.o(i.__0vsprintf) refers (Special) to iusefp.o(.text) for __I$use$fp
    printfa.o(i.__0vsprintf) refers to printfa.o(i._printf_core) for _printf_core
    printfa.o(i.__0vsprintf) refers to printfa.o(i._sputc) for _sputc
    printfa.o(i._fp_digits) refers (Special) to iusefp.o(.text) for __I$use$fp
    printfa.o(i._fp_digits) refers to dmul.o(.text) for __aeabi_dmul
    printfa.o(i._fp_digits) refers to ddiv.o(.text) for __aeabi_ddiv
    printfa.o(i._fp_digits) refers to cdrcmple.o(.text) for __aeabi_cdrcmple
    printfa.o(i._fp_digits) refers to dadd.o(.text) for __aeabi_dadd
    printfa.o(i._fp_digits) refers to dfixul.o(.text) for __aeabi_d2ulz
    printfa.o(i._fp_digits) refers to uldiv.o(.text) for __aeabi_uldivmod
    printfa.o(i._printf_core) refers (Special) to iusefp.o(.text) for __I$use$fp
    printfa.o(i._printf_core) refers to printfa.o(i._printf_pre_padding) for _printf_pre_padding
    printfa.o(i._printf_core) refers to uldiv.o(.text) for __aeabi_uldivmod
    printfa.o(i._printf_core) refers to printfa.o(i._printf_post_padding) for _printf_post_padding
    printfa.o(i._printf_core) refers to printfa.o(i._fp_digits) for _fp_digits
    printfa.o(i._printf_core) refers to uidiv.o(.text) for __aeabi_uidivmod
    printfa.o(i._printf_post_padding) refers (Special) to iusefp.o(.text) for __I$use$fp
    printfa.o(i._printf_pre_padding) refers (Special) to iusefp.o(.text) for __I$use$fp
    printfa.o(i._snputc) refers (Special) to iusefp.o(.text) for __I$use$fp
    printfa.o(i._sputc) refers (Special) to iusefp.o(.text) for __I$use$fp
    entry2.o(.ARM.Collect$$$$00000001) refers to entry2.o(.ARM.Collect$$$$00002712) for __lit__00000000
    entry2.o(.ARM.Collect$$$$00002712) refers to startup_lpc17xx.o(STACK) for __initial_sp
    entry2.o(__vectab_stack_and_reset_area) refers to startup_lpc17xx.o(STACK) for __initial_sp
    entry2.o(__vectab_stack_and_reset_area) refers to entry.o(.ARM.Collect$$$$00000000) for __main
    entry5.o(.ARM.Collect$$$$00000004) refers to init.o(.text) for __scatterload
    entry9a.o(.ARM.Collect$$$$0000000B) refers to blinky.o(.text.main) for main
    entry9b.o(.ARM.Collect$$$$0000000C) refers to blinky.o(.text.main) for main
    dadd.o(.text) refers (Special) to iusefp.o(.text) for __I$use$fp
    dadd.o(.text) refers to llshl.o(.text) for __aeabi_llsl
    dadd.o(.text) refers to llsshr.o(.text) for __aeabi_lasr
    dadd.o(.text) refers to depilogue.o(.text) for _double_epilogue
    dmul.o(.text) refers (Special) to iusefp.o(.text) for __I$use$fp
    dmul.o(.text) refers to depilogue.o(.text) for _double_epilogue
    ddiv.o(.text) refers (Special) to iusefp.o(.text) for __I$use$fp
    ddiv.o(.text) refers to depilogue.o(.text) for _double_round
    dfixul.o(.text) refers (Special) to iusefp.o(.text) for __I$use$fp
    dfixul.o(.text) refers to llushr.o(.text) for __aeabi_llsr
    dfixul.o(.text) refers to llshl.o(.text) for __aeabi_llsl
    cdrcmple.o(.text) refers (Special) to iusefp.o(.text) for __I$use$fp
    init.o(.text) refers to entry5.o(.ARM.Collect$$$$00000004) for __main_after_scatterload
    depilogue.o(.text) refers (Special) to iusefp.o(.text) for __I$use$fp
    depilogue.o(.text) refers to llshl.o(.text) for __aeabi_llsl
    depilogue.o(.text) refers to llushr.o(.text) for __aeabi_llsr


==============================================================================

Removing Unused input sections from the image.

    Removing blinky.o(.text), (0 bytes).
    Removing blinky.o(.ARM.exidx.text.fputc), (8 bytes).
    Removing blinky.o(.ARM.exidx.text.handleJoystick), (8 bytes).
    Removing blinky.o(.ARM.exidx.text.joystickName), (8 bytes).
    Removing blinky.o(.ARM.exidx.text.main), (8 bytes).
    Removing blinky.o(.ARM.exidx.text.SysTick_Config), (8 bytes).
    Removing blinky.o(.ARM.exidx.text.__NVIC_SetPriority), (8 bytes).
    Removing blinky.o(.bss.text_l), (10 bytes).
    Removing blinky.o(.ARM.use_no_argv), (4 bytes).
    Removing glcd_spi_lpc1700.o(.text), (0 bytes).
    Removing glcd_spi_lpc1700.o(.ARM.exidx.text.GLCD_Init), (8 bytes).
    Removing glcd_spi_lpc1700.o(.ARM.exidx.text.rd_id_man), (8 bytes).
    Removing glcd_spi_lpc1700.o(.ARM.exidx.text.rd_reg), (8 bytes).
    Removing glcd_spi_lpc1700.o(.ARM.exidx.text.wr_reg), (8 bytes).
    Removing glcd_spi_lpc1700.o(.ARM.exidx.text.GLCD_SetWindow), (8 bytes).
    Removing glcd_spi_lpc1700.o(.ARM.exidx.text.GLCD_WindowMax), (8 bytes).
    Removing glcd_spi_lpc1700.o(.text.GLCD_PutPixel), (136 bytes).
    Removing glcd_spi_lpc1700.o(.ARM.exidx.text.GLCD_PutPixel), (8 bytes).
    Removing glcd_spi_lpc1700.o(.ARM.exidx.text.wr_cmd), (8 bytes).
    Removing glcd_spi_lpc1700.o(.ARM.exidx.text.wr_dat), (8 bytes).
    Removing glcd_spi_lpc1700.o(.ARM.exidx.text.GLCD_SetTextColor), (8 bytes).
    Removing glcd_spi_lpc1700.o(.ARM.exidx.text.GLCD_SetBackColor), (8 bytes).
    Removing glcd_spi_lpc1700.o(.ARM.exidx.text.GLCD_Clear), (8 bytes).
    Removing glcd_spi_lpc1700.o(.ARM.exidx.text.wr_dat_start), (8 bytes).
    Removing glcd_spi_lpc1700.o(.ARM.exidx.text.wr_dat_only), (8 bytes).
    Removing glcd_spi_lpc1700.o(.ARM.exidx.text.wr_dat_stop), (8 bytes).
    Removing glcd_spi_lpc1700.o(.ARM.exidx.text.GLCD_DrawChar), (8 bytes).
    Removing glcd_spi_lpc1700.o(.ARM.exidx.text.GLCD_DisplayChar), (8 bytes).
    Removing glcd_spi_lpc1700.o(.ARM.exidx.text.GLCD_DisplayString), (8 bytes).
    Removing glcd_spi_lpc1700.o(.text.GLCD_ClearLn), (70 bytes).
    Removing glcd_spi_lpc1700.o(.ARM.exidx.text.GLCD_ClearLn), (8 bytes).
    Removing glcd_spi_lpc1700.o(.text.GLCD_Bargraph), (90 bytes).
    Removing glcd_spi_lpc1700.o(.ARM.exidx.text.GLCD_Bargraph), (8 bytes).
    Removing glcd_spi_lpc1700.o(.text.GLCD_Bitmap), (100 bytes).
    Removing glcd_spi_lpc1700.o(.ARM.exidx.text.GLCD_Bitmap), (8 bytes).
    Removing glcd_spi_lpc1700.o(.text.GLCD_ScrollVertical), (2 bytes).
    Removing glcd_spi_lpc1700.o(.ARM.exidx.text.GLCD_ScrollVertical), (8 bytes).
    Removing glcd_spi_lpc1700.o(.text.GLCD_WrCmd), (8 bytes).
    Removing glcd_spi_lpc1700.o(.ARM.exidx.text.GLCD_WrCmd), (8 bytes).
    Removing glcd_spi_lpc1700.o(.text.GLCD_WrReg), (8 bytes).
    Removing glcd_spi_lpc1700.o(.ARM.exidx.text.GLCD_WrReg), (8 bytes).
    Removing glcd_spi_lpc1700.o(.ARM.exidx.text.spi_tran_man), (8 bytes).
    Removing glcd_spi_lpc1700.o(.ARM.exidx.text.rd_dat), (8 bytes).
    Removing glcd_spi_lpc1700.o(.ARM.exidx.text.spi_tran), (8 bytes).
    Removing irq.o(.text), (0 bytes).
    Removing irq.o(.ARM.exidx.text.SysTick_Handler), (8 bytes).
    Removing led.o(.text), (0 bytes).
    Removing led.o(.ARM.exidx.text.LED_Init), (8 bytes).
    Removing led.o(.ARM.exidx.text.LED_On), (8 bytes).
    Removing led.o(.ARM.exidx.text.LED_Off), (8 bytes).
    Removing led.o(.ARM.exidx.text.LED_Out), (8 bytes).
    Removing kbd.o(.text), (0 bytes).
    Removing kbd.o(.ARM.exidx.text.KBD_Init), (8 bytes).
    Removing kbd.o(.ARM.exidx.text.KBD_get), (8 bytes).
    Removing kbd.o(.ARM.exidx.text.get_button), (8 bytes).
    Removing kbd.o(.bss.KBD_val), (4 bytes).
    Removing adc_mcb1700.o(.text), (0 bytes).
    Removing adc_mcb1700.o(.ARM.exidx.text.ADC_Initialize), (8 bytes).
    Removing adc_mcb1700.o(.ARM.exidx.text.__NVIC_EnableIRQ), (8 bytes).
    Removing adc_mcb1700.o(.text.ADC_Uninitialize), (66 bytes).
    Removing adc_mcb1700.o(.ARM.exidx.text.ADC_Uninitialize), (8 bytes).
    Removing adc_mcb1700.o(.text.__NVIC_DisableIRQ), (24 bytes).
    Removing adc_mcb1700.o(.ARM.exidx.text.__NVIC_DisableIRQ), (8 bytes).
    Removing adc_mcb1700.o(.ARM.exidx.text.ADC_StartConversion), (8 bytes).
    Removing adc_mcb1700.o(.text.ADC_ConversionDone), (22 bytes).
    Removing adc_mcb1700.o(.ARM.exidx.text.ADC_ConversionDone), (8 bytes).
    Removing adc_mcb1700.o(.ARM.exidx.text.ADC_GetValue), (8 bytes).
    Removing adc_mcb1700.o(.text.ADC_GetResolution), (4 bytes).
    Removing adc_mcb1700.o(.ARM.exidx.text.ADC_GetResolution), (8 bytes).
    Removing adc_mcb1700.o(.ARM.exidx.text.ADC_IRQHandler), (8 bytes).
    Removing retarget_io.o(.text), (0 bytes).
    Removing retarget_io.o(.text.ITM_SendChar), (46 bytes).
    Removing retarget_io.o(.ARM.exidx.text.ITM_SendChar), (8 bytes).
    Removing retarget_io.o(.text.ITM_ReceiveChar), (32 bytes).
    Removing retarget_io.o(.ARM.exidx.text.ITM_ReceiveChar), (8 bytes).
    Removing retarget_io.o(.text.fputc), (26 bytes).
    Removing retarget_io.o(.ARM.exidx.text.fputc), (8 bytes).
    Removing retarget_io.o(.text.stdout_putchar), (8 bytes).
    Removing retarget_io.o(.ARM.exidx.text.stdout_putchar), (8 bytes).
    Removing retarget_io.o(.text.fgetc), (6 bytes).
    Removing retarget_io.o(.ARM.exidx.text.fgetc), (8 bytes).
    Removing retarget_io.o(.text.__backspace), (6 bytes).
    Removing retarget_io.o(.ARM.exidx.text.__backspace), (8 bytes).
    Removing retarget_io.o(.text.__aeabi_assert), (180 bytes).
    Removing retarget_io.o(.ARM.exidx.text.__aeabi_assert), (8 bytes).
    Removing retarget_io.o(.text.abort), (2 bytes).
    Removing retarget_io.o(.ARM.exidx.text.abort), (8 bytes).
    Removing retarget_io.o(.data.ITM_RxBuffer), (4 bytes).
    Removing pin_lpc17xx.o(.text), (0 bytes).
    Removing pin_lpc17xx.o(.ARM.exidx.text.PIN_Configure), (8 bytes).
    Removing pin_lpc17xx.o(.text.PIN_ConfigureTPIU), (24 bytes).
    Removing pin_lpc17xx.o(.ARM.exidx.text.PIN_ConfigureTPIU), (8 bytes).
    Removing pin_lpc17xx.o(.text.PIN_ConfigureI2C0Pins), (30 bytes).
    Removing pin_lpc17xx.o(.ARM.exidx.text.PIN_ConfigureI2C0Pins), (8 bytes).
    Removing startup_lpc17xx.o(HEAP), (0 bytes).
    Removing system_lpc17xx.o(.text), (0 bytes).
    Removing system_lpc17xx.o(.text.SystemCoreClockUpdate), (248 bytes).
    Removing system_lpc17xx.o(.ARM.exidx.text.SystemCoreClockUpdate), (8 bytes).
    Removing system_lpc17xx.o(.ARM.exidx.text.SystemInit), (8 bytes).
    Removing dadd.o(.text), (334 bytes).
    Removing dmul.o(.text), (228 bytes).
    Removing ddiv.o(.text), (222 bytes).
    Removing dfixul.o(.text), (48 bytes).
    Removing cdrcmple.o(.text), (48 bytes).
    Removing depilogue.o(.text), (186 bytes).

105 unused section(s) (total 2730 bytes) removed from the image.

==============================================================================

Image Symbol Table

    Local Symbols

    Symbol Name                              Value     Ov Type        Size  Object(Section)

    ../clib/division.s                       0x00000000   Number         0  aeabi_sdiv.o ABSOLUTE
    ../clib/microlib/division.c              0x00000000   Number         0  uldiv.o ABSOLUTE
    ../clib/microlib/division.c              0x00000000   Number         0  uidiv.o ABSOLUTE
    ../clib/microlib/init/entry.s            0x00000000   Number         0  entry.o ABSOLUTE
    ../clib/microlib/init/entry.s            0x00000000   Number         0  entry2.o ABSOLUTE
    ../clib/microlib/init/entry.s            0x00000000   Number         0  entry5.o ABSOLUTE
    ../clib/microlib/init/entry.s            0x00000000   Number         0  entry7a.o ABSOLUTE
    ../clib/microlib/init/entry.s            0x00000000   Number         0  entry7b.o ABSOLUTE
    ../clib/microlib/init/entry.s            0x00000000   Number         0  entry8a.o ABSOLUTE
    ../clib/microlib/init/entry.s            0x00000000   Number         0  entry8b.o ABSOLUTE
    ../clib/microlib/init/entry.s            0x00000000   Number         0  entry9a.o ABSOLUTE
    ../clib/microlib/init/entry.s            0x00000000   Number         0  entry9b.o ABSOLUTE
    ../clib/microlib/init/entry.s            0x00000000   Number         0  entry10a.o ABSOLUTE
    ../clib/microlib/init/entry.s            0x00000000   Number         0  entry10b.o ABSOLUTE
    ../clib/microlib/init/entry.s            0x00000000   Number         0  entry11a.o ABSOLUTE
    ../clib/microlib/init/entry.s            0x00000000   Number         0  entry11b.o ABSOLUTE
    ../clib/microlib/longlong.c              0x00000000   Number         0  llshl.o ABSOLUTE
    ../clib/microlib/longlong.c              0x00000000   Number         0  llushr.o ABSOLUTE
    ../clib/microlib/longlong.c              0x00000000   Number         0  llsshr.o ABSOLUTE
    ../clib/microlib/printf/printf.c         0x00000000   Number         0  printfb.o ABSOLUTE
    ../clib/microlib/printf/printf.c         0x00000000   Number         0  printf0.o ABSOLUTE
    ../clib/microlib/printf/printf.c         0x00000000   Number         0  printf1.o ABSOLUTE
    ../clib/microlib/printf/printf.c         0x00000000   Number         0  printf2.o ABSOLUTE
    ../clib/microlib/printf/printf.c         0x00000000   Number         0  printf3.o ABSOLUTE
    ../clib/microlib/printf/printf.c         0x00000000   Number         0  printf4.o ABSOLUTE
    ../clib/microlib/printf/printf.c         0x00000000   Number         0  printf5.o ABSOLUTE
    ../clib/microlib/printf/printf.c         0x00000000   Number         0  printf6.o ABSOLUTE
    ../clib/microlib/printf/printf.c         0x00000000   Number         0  printf7.o ABSOLUTE
    ../clib/microlib/printf/printf.c         0x00000000   Number         0  printf8.o ABSOLUTE
    ../clib/microlib/printf/printf.c         0x00000000   Number         0  printfa.o ABSOLUTE
    ../clib/microlib/printf/stubs.s          0x00000000   Number         0  printfstubs.o ABSOLUTE
    ../clib/microlib/stdio/fputs.c           0x00000000   Number         0  fputs.o ABSOLUTE
    ../clib/microlib/stdio/fputs.c           0x00000000   Number         0  fputs_e.o ABSOLUTE
    ../clib/microlib/stdio/fwrite.c          0x00000000   Number         0  fwrite.o ABSOLUTE
    ../clib/microlib/stdio/fwrite.c          0x00000000   Number         0  fwrite_e.o ABSOLUTE
    ../clib/microlib/stdio/puts.c            0x00000000   Number         0  puts.o ABSOLUTE
    ../clib/microlib/stdio/puts.c            0x00000000   Number         0  puts_e.o ABSOLUTE
    ../clib/microlib/stdio/streams.c         0x00000000   Number         0  stdout.o ABSOLUTE
    ../clib/microlib/stdio/streams.c         0x00000000   Number         0  stderr.o ABSOLUTE
    ../clib/microlib/string/memset.c         0x00000000   Number         0  memseta.o ABSOLUTE
    ../clib/microlib/stubs.s                 0x00000000   Number         0  iusefp.o ABSOLUTE
    ../fplib/microlib/fpadd.c                0x00000000   Number         0  dadd.o ABSOLUTE
    ../fplib/microlib/fpdiv.c                0x00000000   Number         0  ddiv.o ABSOLUTE
    ../fplib/microlib/fpepilogue.c           0x00000000   Number         0  depilogue.o ABSOLUTE
    ../fplib/microlib/fpfix.c                0x00000000   Number         0  dfixul.o ABSOLUTE
    ../fplib/microlib/fpmul.c                0x00000000   Number         0  dmul.o ABSOLUTE
    ADC_MCB1700.c                            0x00000000   Number         0  adc_mcb1700.o ABSOLUTE
    Blinky.c                                 0x00000000   Number         0  blinky.o ABSOLUTE
    GLCD_SPI_LPC1700.c                       0x00000000   Number         0  glcd_spi_lpc1700.o ABSOLUTE
    IRQ.c                                    0x00000000   Number         0  irq.o ABSOLUTE
    KBD.c                                    0x00000000   Number         0  kbd.o ABSOLUTE
    LED.c                                    0x00000000   Number         0  led.o ABSOLUTE
    PIN_LPC17xx.c                            0x00000000   Number         0  pin_lpc17xx.o ABSOLUTE
    RTE/Device/LPC1768/startup_LPC17xx.s     0x00000000   Number         0  startup_lpc17xx.o ABSOLUTE
    cdrcmple.s                               0x00000000   Number         0  cdrcmple.o ABSOLUTE
    dc.s                                     0x00000000   Number         0  dc.o ABSOLUTE
    handlers.s                               0x00000000   Number         0  handlers.o ABSOLUTE
    init.s                                   0x00000000   Number         0  init.o ABSOLUTE
    retarget_io.c                            0x00000000   Number         0  retarget_io.o ABSOLUTE
    system_LPC17xx.c                         0x00000000   Number         0  system_lpc17xx.o ABSOLUTE
    RESET                                    0x00000000   Section      204  startup_lpc17xx.o(RESET)
    .ARM.Collect$$$$00000000                 0x000000cc   Section        0  entry.o(.ARM.Collect$$$$00000000)
    .ARM.Collect$$$$00000001                 0x000000cc   Section        4  entry2.o(.ARM.Collect$$$$00000001)
    .ARM.Collect$$$$00000004                 0x000000d0   Section        4  entry5.o(.ARM.Collect$$$$00000004)
    .ARM.Collect$$$$00000008                 0x000000d4   Section        0  entry7b.o(.ARM.Collect$$$$00000008)
    .ARM.Collect$$$$0000000A                 0x000000d4   Section        0  entry8b.o(.ARM.Collect$$$$0000000A)
    .ARM.Collect$$$$0000000B                 0x000000d4   Section        8  entry9a.o(.ARM.Collect$$$$0000000B)
    __lit__00000000                          0x000000dc   Data           4  entry2.o(.ARM.Collect$$$$00002712)
    .ARM.Collect$$$$0000000D                 0x000000dc   Section        0  entry10a.o(.ARM.Collect$$$$0000000D)
    .ARM.Collect$$$$0000000F                 0x000000dc   Section        0  entry11a.o(.ARM.Collect$$$$0000000F)
    .ARM.Collect$$$$00002712                 0x000000dc   Section        4  entry2.o(.ARM.Collect$$$$00002712)
    .text                                    0x000000e0   Section       36  startup_lpc17xx.o(.text)
    .text                                    0x00000104   Section        0  uldiv.o(.text)
    .text                                    0x00000166   Section        0  llshl.o(.text)
    .text                                    0x00000184   Section        0  llushr.o(.text)
    .text                                    0x000001a4   Section       36  init.o(.text)
    [Anonymous Symbol]                       0x000001c8   Section        0  adc_mcb1700.o(.text.ADC_GetValue)
    [Anonymous Symbol]                       0x000001ec   Section        0  adc_mcb1700.o(.text.ADC_IRQHandler)
    [Anonymous Symbol]                       0x0000021c   Section        0  adc_mcb1700.o(.text.ADC_Initialize)
    [Anonymous Symbol]                       0x00000268   Section        0  adc_mcb1700.o(.text.ADC_StartConversion)
    [Anonymous Symbol]                       0x00000284   Section        0  glcd_spi_lpc1700.o(.text.GLCD_Clear)
    [Anonymous Symbol]                       0x000002ac   Section        0  glcd_spi_lpc1700.o(.text.GLCD_DisplayString)
    [Anonymous Symbol]                       0x000002d8   Section        0  glcd_spi_lpc1700.o(.text.GLCD_SetBackColor)
    [Anonymous Symbol]                       0x000002e4   Section        0  glcd_spi_lpc1700.o(.text.GLCD_SetTextColor)
    i.__scatterload_null                     0x000002f0   Section        2  handlers.o(i.__scatterload_null)
    _sputc                                   0x000002f3   Thumb Code    10  printf8.o(i._sputc)
    i._sputc                                 0x000002f2   Section        0  printf8.o(i._sputc)
    .ARM.__at_0x02FC                         0x000002fc   Section        4  startup_lpc17xx.o(.ARM.__at_0x02FC)
    [Anonymous Symbol]                       0x00000300   Section        0  glcd_spi_lpc1700.o(.text.GLCD_DisplayChar)
    [Anonymous Symbol]                       0x00000364   Section        0  glcd_spi_lpc1700.o(.text.GLCD_DrawChar)
    [Anonymous Symbol]                       0x00000418   Section        0  glcd_spi_lpc1700.o(.text.GLCD_Init)
    [Anonymous Symbol]                       0x00000980   Section        0  glcd_spi_lpc1700.o(.text.GLCD_SetWindow)
    [Anonymous Symbol]                       0x00000a30   Section        0  glcd_spi_lpc1700.o(.text.GLCD_WindowMax)
    [Anonymous Symbol]                       0x00000a44   Section        0  kbd.o(.text.KBD_Init)
    [Anonymous Symbol]                       0x00000a7c   Section        0  kbd.o(.text.KBD_get)
    [Anonymous Symbol]                       0x00000a90   Section        0  led.o(.text.LED_Init)
    [Anonymous Symbol]                       0x00000abc   Section        0  led.o(.text.LED_Off)
    [Anonymous Symbol]                       0x00000ae8   Section        0  led.o(.text.LED_On)
    [Anonymous Symbol]                       0x00000b14   Section        0  led.o(.text.LED_Out)
    [Anonymous Symbol]                       0x00000b3c   Section        0  pin_lpc17xx.o(.text.PIN_Configure)
    SysTick_Config                           0x00000bb1   Thumb Code    36  blinky.o(.text.SysTick_Config)
    [Anonymous Symbol]                       0x00000bb0   Section        0  blinky.o(.text.SysTick_Config)
    [Anonymous Symbol]                       0x00000bd4   Section        0  irq.o(.text.SysTick_Handler)
    [Anonymous Symbol]                       0x00000c2c   Section        0  system_lpc17xx.o(.text.SystemInit)
    __NVIC_EnableIRQ                         0x00000cf9   Thumb Code    16  adc_mcb1700.o(.text.__NVIC_EnableIRQ)
    [Anonymous Symbol]                       0x00000cf8   Section        0  adc_mcb1700.o(.text.__NVIC_EnableIRQ)
    __NVIC_SetPriority                       0x00000d09   Thumb Code    14  blinky.o(.text.__NVIC_SetPriority)
    [Anonymous Symbol]                       0x00000d08   Section        0  blinky.o(.text.__NVIC_SetPriority)
    [Anonymous Symbol]                       0x00000d18   Section        0  blinky.o(.text.fputc)
    [Anonymous Symbol]                       0x00000d3c   Section        0  kbd.o(.text.get_button)
    [Anonymous Symbol]                       0x00000d4c   Section        0  blinky.o(.text.handleJoystick)
    [Anonymous Symbol]                       0x00000d78   Section        0  blinky.o(.text.joystickName)
    [Anonymous Symbol]                       0x00000df0   Section        0  blinky.o(.text.main)
    rd_dat                                   0x00000fe5   Thumb Code    48  glcd_spi_lpc1700.o(.text.rd_dat)
    [Anonymous Symbol]                       0x00000fe4   Section        0  glcd_spi_lpc1700.o(.text.rd_dat)
    rd_id_man                                0x00001015   Thumb Code   116  glcd_spi_lpc1700.o(.text.rd_id_man)
    [Anonymous Symbol]                       0x00001014   Section        0  glcd_spi_lpc1700.o(.text.rd_id_man)
    rd_reg                                   0x00001089   Thumb Code    14  glcd_spi_lpc1700.o(.text.rd_reg)
    [Anonymous Symbol]                       0x00001088   Section        0  glcd_spi_lpc1700.o(.text.rd_reg)
    spi_tran                                 0x00001099   Thumb Code    20  glcd_spi_lpc1700.o(.text.spi_tran)
    [Anonymous Symbol]                       0x00001098   Section        0  glcd_spi_lpc1700.o(.text.spi_tran)
    spi_tran_man                             0x000010ad   Thumb Code    94  glcd_spi_lpc1700.o(.text.spi_tran_man)
    [Anonymous Symbol]                       0x000010ac   Section        0  glcd_spi_lpc1700.o(.text.spi_tran_man)
    wr_cmd                                   0x0000110d   Thumb Code    38  glcd_spi_lpc1700.o(.text.wr_cmd)
    [Anonymous Symbol]                       0x0000110c   Section        0  glcd_spi_lpc1700.o(.text.wr_cmd)
    wr_dat                                   0x00001135   Thumb Code    38  glcd_spi_lpc1700.o(.text.wr_dat)
    [Anonymous Symbol]                       0x00001134   Section        0  glcd_spi_lpc1700.o(.text.wr_dat)
    wr_dat_only                              0x0000115d   Thumb Code    18  glcd_spi_lpc1700.o(.text.wr_dat_only)
    [Anonymous Symbol]                       0x0000115c   Section        0  glcd_spi_lpc1700.o(.text.wr_dat_only)
    wr_dat_start                             0x00001171   Thumb Code    22  glcd_spi_lpc1700.o(.text.wr_dat_start)
    [Anonymous Symbol]                       0x00001170   Section        0  glcd_spi_lpc1700.o(.text.wr_dat_start)
    wr_dat_stop                              0x00001189   Thumb Code    14  glcd_spi_lpc1700.o(.text.wr_dat_stop)
    [Anonymous Symbol]                       0x00001188   Section        0  glcd_spi_lpc1700.o(.text.wr_dat_stop)
    wr_reg                                   0x00001199   Thumb Code    16  glcd_spi_lpc1700.o(.text.wr_reg)
    [Anonymous Symbol]                       0x00001198   Section        0  glcd_spi_lpc1700.o(.text.wr_reg)
    i.__0printf$8                            0x000011a8   Section        0  printf8.o(i.__0printf$8)
    i.__0sprintf$8                           0x000011c8   Section        0  printf8.o(i.__0sprintf$8)
    i.__scatterload_copy                     0x000011f0   Section       14  handlers.o(i.__scatterload_copy)
    i.__scatterload_zeroinit                 0x000011fe   Section       14  handlers.o(i.__scatterload_zeroinit)
    _printf_core                             0x0000120d   Thumb Code   996  printf8.o(i._printf_core)
    i._printf_core                           0x0000120c   Section        0  printf8.o(i._printf_core)
    _printf_post_padding                     0x0000161d   Thumb Code    36  printf8.o(i._printf_post_padding)
    i._printf_post_padding                   0x0000161c   Section        0  printf8.o(i._printf_post_padding)
    _printf_pre_padding                      0x00001641   Thumb Code    46  printf8.o(i._printf_pre_padding)
    i._printf_pre_padding                    0x00001640   Section        0  printf8.o(i._printf_pre_padding)
    i.puts                                   0x00001670   Section        0  puts.o(i.puts)
    .data                                    0x10000000   Section        4  stdout.o(.data)
    Color                                    0x10000004   Data           4  glcd_spi_lpc1700.o(.data.Color)
    [Anonymous Symbol]                       0x10000004   Section        0  glcd_spi_lpc1700.o(.data.Color)
    SysTick_Handler.leds                     0x10000008   Data           4  irq.o(.data.SysTick_Handler.leds)
    [Anonymous Symbol]                       0x10000008   Section        0  irq.o(.data.SysTick_Handler.leds)
    AD_dbg                                   0x10000012   Data           2  blinky.o(.bss.AD_dbg)
    [Anonymous Symbol]                       0x10000012   Section        0  blinky.o(.bss.AD_dbg)
    AD_done                                  0x10000014   Data           1  adc_mcb1700.o(.bss.AD_done)
    [Anonymous Symbol]                       0x10000014   Section        0  adc_mcb1700.o(.bss.AD_done)
    AD_last                                  0x10000016   Data           2  adc_mcb1700.o(.bss.AD_last)
    [Anonymous Symbol]                       0x10000016   Section        0  adc_mcb1700.o(.bss.AD_last)
    Himax                                    0x10000018   Data           1  glcd_spi_lpc1700.o(.bss.Himax)
    [Anonymous Symbol]                       0x10000018   Section        0  glcd_spi_lpc1700.o(.bss.Himax)
    SysTick_Handler.ticks                    0x1000001c   Data           4  irq.o(.bss.SysTick_Handler.ticks)
    [Anonymous Symbol]                       0x1000001c   Section        0  irq.o(.bss.SysTick_Handler.ticks)
    SysTick_Handler.timetick                 0x10000020   Data           4  irq.o(.bss.SysTick_Handler.timetick)
    [Anonymous Symbol]                       0x10000020   Section        0  irq.o(.bss.SysTick_Handler.timetick)
    STACK                                    0x10000030   Section      512  startup_lpc17xx.o(STACK)

    Global Symbols

    Symbol Name                              Value     Ov Type        Size  Object(Section)

    BuildAttributes$$THM_ISAv4$P$D$K$B$S$PE$A:L22UL41UL21$X:L11$S22US41US21$IEEE1$IW$~IW$USESV6$~STKCKD$USESV7$~SHL$OTIME$ROPI$EBA8$MICROLIB$REQ8$PRES8$EABIv2 0x00000000   Number         0  anon$$obj.o ABSOLUTE
    __Vectors                                0x00000000   Data           4  startup_lpc17xx.o(RESET)
    _printf_a                                0x00000000   Number         0  printfstubs.o ABSOLUTE
    _printf_c                                0x00000000   Number         0  printfstubs.o ABSOLUTE
    _printf_charcount                        0x00000000   Number         0  printfstubs.o ABSOLUTE
    _printf_d                                0x00000000   Number         0  printfstubs.o ABSOLUTE
    _printf_e                                0x00000000   Number         0  printfstubs.o ABSOLUTE
    _printf_f                                0x00000000   Number         0  printfstubs.o ABSOLUTE
    _printf_flags                            0x00000000   Number         0  printfstubs.o ABSOLUTE
    _printf_fp_dec                           0x00000000   Number         0  printfstubs.o ABSOLUTE
    _printf_fp_hex                           0x00000000   Number         0  printfstubs.o ABSOLUTE
    _printf_g                                0x00000000   Number         0  printfstubs.o ABSOLUTE
    _printf_i                                0x00000000   Number         0  printfstubs.o ABSOLUTE
    _printf_int_dec                          0x00000000   Number         0  printfstubs.o ABSOLUTE
    _printf_l                                0x00000000   Number         0  printfstubs.o ABSOLUTE
    _printf_lc                               0x00000000   Number         0  printfstubs.o ABSOLUTE
    _printf_ll                               0x00000000   Number         0  printfstubs.o ABSOLUTE
    _printf_lld                              0x00000000   Number         0  printfstubs.o ABSOLUTE
    _printf_lli                              0x00000000   Number         0  printfstubs.o ABSOLUTE
    _printf_llo                              0x00000000   Number         0  printfstubs.o ABSOLUTE
    _printf_llu                              0x00000000   Number         0  printfstubs.o ABSOLUTE
    _printf_llx                              0x00000000   Number         0  printfstubs.o ABSOLUTE
    _printf_longlong_dec                     0x00000000   Number         0  printfstubs.o ABSOLUTE
    _printf_longlong_hex                     0x00000000   Number         0  printfstubs.o ABSOLUTE
    _printf_longlong_oct                     0x00000000   Number         0  printfstubs.o ABSOLUTE
    _printf_ls                               0x00000000   Number         0  printfstubs.o ABSOLUTE
    _printf_mbtowc                           0x00000000   Number         0  printfstubs.o ABSOLUTE
    _printf_n                                0x00000000   Number         0  printfstubs.o ABSOLUTE
    _printf_o                                0x00000000   Number         0  printfstubs.o ABSOLUTE
    _printf_p                                0x00000000   Number         0  printfstubs.o ABSOLUTE
    _printf_percent                          0x00000000   Number         0  printfstubs.o ABSOLUTE
    _printf_pre_padding                      0x00000000   Number         0  printfstubs.o ABSOLUTE
    _printf_return_value                     0x00000000   Number         0  printfstubs.o ABSOLUTE
    _printf_s                                0x00000000   Number         0  printfstubs.o ABSOLUTE
    _printf_sizespec                         0x00000000   Number         0  printfstubs.o ABSOLUTE
    _printf_str                              0x00000000   Number         0  printfstubs.o ABSOLUTE
    _printf_truncate_signed                  0x00000000   Number         0  printfstubs.o ABSOLUTE
    _printf_truncate_unsigned                0x00000000   Number         0  printfstubs.o ABSOLUTE
    _printf_u                                0x00000000   Number         0  printfstubs.o ABSOLUTE
    _printf_wc                               0x00000000   Number         0  printfstubs.o ABSOLUTE
    _printf_wctomb                           0x00000000   Number         0  printfstubs.o ABSOLUTE
    _printf_widthprec                        0x00000000   Number         0  printfstubs.o ABSOLUTE
    _printf_x                                0x00000000   Number         0  printfstubs.o ABSOLUTE
    __cpp_initialize__aeabi_                  - Undefined Weak Reference
    __cxa_finalize                            - Undefined Weak Reference
    __decompress                              - Undefined Weak Reference
    _clock_init                               - Undefined Weak Reference
    _microlib_exit                            - Undefined Weak Reference
    __main                                   0x000000cd   Thumb Code     0  entry.o(.ARM.Collect$$$$00000000)
    _main_stk                                0x000000cd   Thumb Code     0  entry2.o(.ARM.Collect$$$$00000001)
    _main_scatterload                        0x000000d1   Thumb Code     0  entry5.o(.ARM.Collect$$$$00000004)
    __main_after_scatterload                 0x000000d5   Thumb Code     0  entry5.o(.ARM.Collect$$$$00000004)
    _main_clock                              0x000000d5   Thumb Code     0  entry7b.o(.ARM.Collect$$$$00000008)
    _main_cpp_init                           0x000000d5   Thumb Code     0  entry8b.o(.ARM.Collect$$$$0000000A)
    _main_init                               0x000000d5   Thumb Code     0  entry9a.o(.ARM.Collect$$$$0000000B)
    __rt_final_cpp                           0x000000dd   Thumb Code     0  entry10a.o(.ARM.Collect$$$$0000000D)
    __rt_final_exit                          0x000000dd   Thumb Code     0  entry11a.o(.ARM.Collect$$$$0000000F)
    Reset_Handler                            0x000000e1   Thumb Code     8  startup_lpc17xx.o(.text)
    NMI_Handler                              0x000000e9   Thumb Code     2  startup_lpc17xx.o(.text)
    HardFault_Handler                        0x000000eb   Thumb Code     2  startup_lpc17xx.o(.text)
    MemManage_Handler                        0x000000ed   Thumb Code     2  startup_lpc17xx.o(.text)
    BusFault_Handler                         0x000000ef   Thumb Code     2  startup_lpc17xx.o(.text)
    UsageFault_Handler                       0x000000f1   Thumb Code     2  startup_lpc17xx.o(.text)
    SVC_Handler                              0x000000f3   Thumb Code     2  startup_lpc17xx.o(.text)
    DebugMon_Handler                         0x000000f5   Thumb Code     2  startup_lpc17xx.o(.text)
    PendSV_Handler                           0x000000f7   Thumb Code     2  startup_lpc17xx.o(.text)
    BOD_IRQHandler                           0x000000fb   Thumb Code     0  startup_lpc17xx.o(.text)
    CANActivity_IRQHandler                   0x000000fb   Thumb Code     0  startup_lpc17xx.o(.text)
    CAN_IRQHandler                           0x000000fb   Thumb Code     0  startup_lpc17xx.o(.text)
    DMA_IRQHandler                           0x000000fb   Thumb Code     0  startup_lpc17xx.o(.text)
    EINT0_IRQHandler                         0x000000fb   Thumb Code     0  startup_lpc17xx.o(.text)
    EINT1_IRQHandler                         0x000000fb   Thumb Code     0  startup_lpc17xx.o(.text)
    EINT2_IRQHandler                         0x000000fb   Thumb Code     0  startup_lpc17xx.o(.text)
    EINT3_IRQHandler                         0x000000fb   Thumb Code     0  startup_lpc17xx.o(.text)
    ENET_IRQHandler                          0x000000fb   Thumb Code     0  startup_lpc17xx.o(.text)
    I2C0_IRQHandler                          0x000000fb   Thumb Code     0  startup_lpc17xx.o(.text)
    I2C1_IRQHandler                          0x000000fb   Thumb Code     0  startup_lpc17xx.o(.text)
    I2C2_IRQHandler                          0x000000fb   Thumb Code     0  startup_lpc17xx.o(.text)
    I2S_IRQHandler                           0x000000fb   Thumb Code     0  startup_lpc17xx.o(.text)
    MCPWM_IRQHandler                         0x000000fb   Thumb Code     0  startup_lpc17xx.o(.text)
    PLL0_IRQHandler                          0x000000fb   Thumb Code     0  startup_lpc17xx.o(.text)
    PLL1_IRQHandler                          0x000000fb   Thumb Code     0  startup_lpc17xx.o(.text)
    PWM1_IRQHandler                          0x000000fb   Thumb Code     0  startup_lpc17xx.o(.text)
    QEI_IRQHandler                           0x000000fb   Thumb Code     0  startup_lpc17xx.o(.text)
    RIT_IRQHandler                           0x000000fb   Thumb Code     0  startup_lpc17xx.o(.text)
    RTC_IRQHandler                           0x000000fb   Thumb Code     0  startup_lpc17xx.o(.text)
    SPI_IRQHandler                           0x000000fb   Thumb Code     0  startup_lpc17xx.o(.text)
    SSP0_IRQHandler                          0x000000fb   Thumb Code     0  startup_lpc17xx.o(.text)
    SSP1_IRQHandler                          0x000000fb   Thumb Code     0  startup_lpc17xx.o(.text)
    TIMER0_IRQHandler                        0x000000fb   Thumb Code     0  startup_lpc17xx.o(.text)
    TIMER1_IRQHandler                        0x000000fb   Thumb Code     0  startup_lpc17xx.o(.text)
    TIMER2_IRQHandler                        0x000000fb   Thumb Code     0  startup_lpc17xx.o(.text)
    TIMER3_IRQHandler                        0x000000fb   Thumb Code     0  startup_lpc17xx.o(.text)
    UART0_IRQHandler                         0x000000fb   Thumb Code     0  startup_lpc17xx.o(.text)
    UART1_IRQHandler                         0x000000fb   Thumb Code     0  startup_lpc17xx.o(.text)
    UART2_IRQHandler                         0x000000fb   Thumb Code     0  startup_lpc17xx.o(.text)
    UART3_IRQHandler                         0x000000fb   Thumb Code     0  startup_lpc17xx.o(.text)
    USBActivity_IRQHandler                   0x000000fb   Thumb Code     0  startup_lpc17xx.o(.text)
    USB_IRQHandler                           0x000000fb   Thumb Code     0  startup_lpc17xx.o(.text)
    WDT_IRQHandler                           0x000000fb   Thumb Code     0  startup_lpc17xx.o(.text)
    __aeabi_uldivmod                         0x00000105   Thumb Code    98  uldiv.o(.text)
    __aeabi_llsl                             0x00000167   Thumb Code    30  llshl.o(.text)
    _ll_shift_l                              0x00000167   Thumb Code     0  llshl.o(.text)
    __aeabi_llsr                             0x00000185   Thumb Code    32  llushr.o(.text)
    _ll_ushift_r                             0x00000185   Thumb Code     0  llushr.o(.text)
    __scatterload                            0x000001a5   Thumb Code    28  init.o(.text)
    __scatterload_rt2                        0x000001a5   Thumb Code     0  init.o(.text)
    ADC_GetValue                             0x000001c9   Thumb Code    36  adc_mcb1700.o(.text.ADC_GetValue)
    ADC_IRQHandler                           0x000001ed   Thumb Code    46  adc_mcb1700.o(.text.ADC_IRQHandler)
    ADC_Initialize                           0x0000021d   Thumb Code    74  adc_mcb1700.o(.text.ADC_Initialize)
    ADC_StartConversion                      0x00000269   Thumb Code    28  adc_mcb1700.o(.text.ADC_StartConversion)
    GLCD_Clear                               0x00000285   Thumb Code    40  glcd_spi_lpc1700.o(.text.GLCD_Clear)
    GLCD_DisplayString                       0x000002ad   Thumb Code    42  glcd_spi_lpc1700.o(.text.GLCD_DisplayString)
    GLCD_SetBackColor                        0x000002d9   Thumb Code    12  glcd_spi_lpc1700.o(.text.GLCD_SetBackColor)
    GLCD_SetTextColor                        0x000002e5   Thumb Code    12  glcd_spi_lpc1700.o(.text.GLCD_SetTextColor)
    __scatterload_null                       0x000002f1   Thumb Code     2  handlers.o(i.__scatterload_null)
    GLCD_DisplayChar                         0x00000301   Thumb Code    98  glcd_spi_lpc1700.o(.text.GLCD_DisplayChar)
    GLCD_DrawChar                            0x00000365   Thumb Code   180  glcd_spi_lpc1700.o(.text.GLCD_DrawChar)
    GLCD_Init                                0x00000419   Thumb Code  1382  glcd_spi_lpc1700.o(.text.GLCD_Init)
    GLCD_SetWindow                           0x00000981   Thumb Code   176  glcd_spi_lpc1700.o(.text.GLCD_SetWindow)
    GLCD_WindowMax                           0x00000a31   Thumb Code    18  glcd_spi_lpc1700.o(.text.GLCD_WindowMax)
    KBD_Init                                 0x00000a45   Thumb Code    56  kbd.o(.text.KBD_Init)
    KBD_get                                  0x00000a7d   Thumb Code    18  kbd.o(.text.KBD_get)
    LED_Init                                 0x00000a91   Thumb Code    42  led.o(.text.LED_Init)
    LED_Off                                  0x00000abd   Thumb Code    42  led.o(.text.LED_Off)
    LED_On                                   0x00000ae9   Thumb Code    42  led.o(.text.LED_On)
    LED_Out                                  0x00000b15   Thumb Code    38  led.o(.text.LED_Out)
    PIN_Configure                            0x00000b3d   Thumb Code   116  pin_lpc17xx.o(.text.PIN_Configure)
    SysTick_Handler                          0x00000bd5   Thumb Code    88  irq.o(.text.SysTick_Handler)
    SystemInit                               0x00000c2d   Thumb Code   204  system_lpc17xx.o(.text.SystemInit)
    fputc                                    0x00000d19   Thumb Code    34  blinky.o(.text.fputc)
    get_button                               0x00000d3d   Thumb Code    14  kbd.o(.text.get_button)
    handleJoystick                           0x00000d4d   Thumb Code    28  blinky.o(.text.handleJoystick)
    joystickName                             0x00000d79   Thumb Code    76  blinky.o(.text.joystickName)
    main                                     0x00000df1   Thumb Code   344  blinky.o(.text.main)
    __0printf$8                              0x000011a9   Thumb Code    22  printf8.o(i.__0printf$8)
    __1printf$8                              0x000011a9   Thumb Code     0  printf8.o(i.__0printf$8)
    __2printf                                0x000011a9   Thumb Code     0  printf8.o(i.__0printf$8)
    __0sprintf$8                             0x000011c9   Thumb Code    34  printf8.o(i.__0sprintf$8)
    __1sprintf$8                             0x000011c9   Thumb Code     0  printf8.o(i.__0sprintf$8)
    __2sprintf                               0x000011c9   Thumb Code     0  printf8.o(i.__0sprintf$8)
    __scatterload_copy                       0x000011f1   Thumb Code    14  handlers.o(i.__scatterload_copy)
    __scatterload_zeroinit                   0x000011ff   Thumb Code    14  handlers.o(i.__scatterload_zeroinit)
    puts                                     0x00001671   Thumb Code    30  puts.o(i.puts)
    Font_16x24_h                             0x00001694   Data        5376  glcd_spi_lpc1700.o(.rodata.Font_16x24_h)
    Font_6x8_h                               0x00002b94   Data         896  glcd_spi_lpc1700.o(.rodata.Font_6x8_h)
    led_mask                                 0x00002f14   Data          32  led.o(.rodata.led_mask)
    Region$$Table$$Base                      0x00002f34   Number         0  anon$$obj.o(Region$$Table)
    Region$$Table$$Limit                     0x00002f54   Number         0  anon$$obj.o(Region$$Table)
    __stdout                                 0x10000000   Data           4  stdout.o(.data)
    SystemCoreClock                          0x1000000c   Data           4  system_lpc17xx.o(.data.SystemCoreClock)
    ADC_last                                 0x10000010   Data           2  blinky.o(.bss.ADC_last)
    clock_ms                                 0x10000024   Data           1  irq.o(.bss.clock_ms)
    text                                     0x10000025   Data          10  blinky.o(.bss.text)
    __initial_sp                             0x10000230   Data           0  startup_lpc17xx.o(STACK)



==============================================================================

Memory Map of the image

  Image Entry point : 0x000000cd

  Load Region LR_IROM1 (Base: 0x00000000, Size: 0x00002f68, Max: 0x00080000, ABSOLUTE)

    Execution Region ER_IROM1 (Exec base: 0x00000000, Load base: 0x00000000, Size: 0x00002f54, Max: 0x00080000, ABSOLUTE)

    Exec Addr    Load Addr    Size         Type   Attr      Idx    E Section Name        Object

    0x00000000   0x00000000   0x000000cc   Data   RO          204    RESET               startup_lpc17xx.o
    0x000000cc   0x000000cc   0x00000000   Code   RO          226  * .ARM.Collect$$$$00000000  mc_w.l(entry.o)
    0x000000cc   0x000000cc   0x00000004   Code   RO          508    .ARM.Collect$$$$00000001  mc_w.l(entry2.o)
    0x000000d0   0x000000d0   0x00000004   Code   RO          511    .ARM.Collect$$$$00000004  mc_w.l(entry5.o)
    0x000000d4   0x000000d4   0x00000000   Code   RO          513    .ARM.Collect$$$$00000008  mc_w.l(entry7b.o)
    0x000000d4   0x000000d4   0x00000000   Code   RO          515    .ARM.Collect$$$$0000000A  mc_w.l(entry8b.o)
    0x000000d4   0x000000d4   0x00000008   Code   RO          516    .ARM.Collect$$$$0000000B  mc_w.l(entry9a.o)
    0x000000dc   0x000000dc   0x00000000   Code   RO          518    .ARM.Collect$$$$0000000D  mc_w.l(entry10a.o)
    0x000000dc   0x000000dc   0x00000000   Code   RO          520    .ARM.Collect$$$$0000000F  mc_w.l(entry11a.o)
    0x000000dc   0x000000dc   0x00000004   Code   RO          509    .ARM.Collect$$$$00002712  mc_w.l(entry2.o)
    0x000000e0   0x000000e0   0x00000024   Code   RO          206    .text               startup_lpc17xx.o
    0x00000104   0x00000104   0x00000062   Code   RO          243    .text               mc_w.l(uldiv.o)
    0x00000166   0x00000166   0x0000001e   Code   RO          533    .text               mc_w.l(llshl.o)
    0x00000184   0x00000184   0x00000020   Code   RO          535    .text               mc_w.l(llushr.o)
    0x000001a4   0x000001a4   0x00000024   Code   RO          548    .text               mc_w.l(init.o)
    0x000001c8   0x000001c8   0x00000024   Code   RO          149    .text.ADC_GetValue  adc_mcb1700.o
    0x000001ec   0x000001ec   0x0000002e   Code   RO          153    .text.ADC_IRQHandler  adc_mcb1700.o
    0x0000021a   0x0000021a   0x00000002   PAD
    0x0000021c   0x0000021c   0x0000004a   Code   RO          137    .text.ADC_Initialize  adc_mcb1700.o
    0x00000266   0x00000266   0x00000002   PAD
    0x00000268   0x00000268   0x0000001c   Code   RO          145    .text.ADC_StartConversion  adc_mcb1700.o
    0x00000284   0x00000284   0x00000028   Code   RO           49    .text.GLCD_Clear    glcd_spi_lpc1700.o
    0x000002ac   0x000002ac   0x0000002a   Code   RO           61    .text.GLCD_DisplayString  glcd_spi_lpc1700.o
    0x000002d6   0x000002d6   0x00000002   PAD
    0x000002d8   0x000002d8   0x0000000c   Code   RO           47    .text.GLCD_SetBackColor  glcd_spi_lpc1700.o
    0x000002e4   0x000002e4   0x0000000c   Code   RO           45    .text.GLCD_SetTextColor  glcd_spi_lpc1700.o
    0x000002f0   0x000002f0   0x00000002   Code   RO          557    i.__scatterload_null  mc_w.l(handlers.o)
    0x000002f2   0x000002f2   0x0000000a   Code   RO          465    i._sputc            mc_w.l(printf8.o)
    0x000002fc   0x000002fc   0x00000004   Code   RO          205    .ARM.__at_0x02FC    startup_lpc17xx.o
    0x00000300   0x00000300   0x00000062   Code   RO           59    .text.GLCD_DisplayChar  glcd_spi_lpc1700.o
    0x00000362   0x00000362   0x00000002   PAD
    0x00000364   0x00000364   0x000000b4   Code   RO           57    .text.GLCD_DrawChar  glcd_spi_lpc1700.o
    0x00000418   0x00000418   0x00000566   Code   RO           27    .text.GLCD_Init     glcd_spi_lpc1700.o
    0x0000097e   0x0000097e   0x00000002   PAD
    0x00000980   0x00000980   0x000000b0   Code   RO           35    .text.GLCD_SetWindow  glcd_spi_lpc1700.o
    0x00000a30   0x00000a30   0x00000012   Code   RO           37    .text.GLCD_WindowMax  glcd_spi_lpc1700.o
    0x00000a42   0x00000a42   0x00000002   PAD
    0x00000a44   0x00000a44   0x00000038   Code   RO          122    .text.KBD_Init      kbd.o
    0x00000a7c   0x00000a7c   0x00000012   Code   RO          124    .text.KBD_get       kbd.o
    0x00000a8e   0x00000a8e   0x00000002   PAD
    0x00000a90   0x00000a90   0x0000002a   Code   RO          105    .text.LED_Init      led.o
    0x00000aba   0x00000aba   0x00000002   PAD
    0x00000abc   0x00000abc   0x0000002a   Code   RO          109    .text.LED_Off       led.o
    0x00000ae6   0x00000ae6   0x00000002   PAD
    0x00000ae8   0x00000ae8   0x0000002a   Code   RO          107    .text.LED_On        led.o
    0x00000b12   0x00000b12   0x00000002   PAD
    0x00000b14   0x00000b14   0x00000026   Code   RO          111    .text.LED_Out       led.o
    0x00000b3a   0x00000b3a   0x00000002   PAD
    0x00000b3c   0x00000b3c   0x00000074   Code   RO          189    .text.PIN_Configure  pin_lpc17xx.o
    0x00000bb0   0x00000bb0   0x00000024   Code   RO           10    .text.SysTick_Config  blinky.o
    0x00000bd4   0x00000bd4   0x00000058   Code   RO           93    .text.SysTick_Handler  irq.o
    0x00000c2c   0x00000c2c   0x000000cc   Code   RO          217    .text.SystemInit    system_lpc17xx.o
    0x00000cf8   0x00000cf8   0x00000010   Code   RO          139    .text.__NVIC_EnableIRQ  adc_mcb1700.o
    0x00000d08   0x00000d08   0x0000000e   Code   RO           12    .text.__NVIC_SetPriority  blinky.o
    0x00000d16   0x00000d16   0x00000002   PAD
    0x00000d18   0x00000d18   0x00000022   Code   RO            2    .text.fputc         blinky.o
    0x00000d3a   0x00000d3a   0x00000002   PAD
    0x00000d3c   0x00000d3c   0x0000000e   Code   RO          126    .text.get_button    kbd.o
    0x00000d4a   0x00000d4a   0x00000002   PAD
    0x00000d4c   0x00000d4c   0x0000002c   Code   RO            4    .text.handleJoystick  blinky.o
    0x00000d78   0x00000d78   0x00000078   Code   RO            6    .text.joystickName  blinky.o
    0x00000df0   0x00000df0   0x000001f4   Code   RO            8    .text.main          blinky.o
    0x00000fe4   0x00000fe4   0x00000030   Code   RO           77    .text.rd_dat        glcd_spi_lpc1700.o
    0x00001014   0x00001014   0x00000074   Code   RO           29    .text.rd_id_man     glcd_spi_lpc1700.o
    0x00001088   0x00001088   0x0000000e   Code   RO           31    .text.rd_reg        glcd_spi_lpc1700.o
    0x00001096   0x00001096   0x00000002   PAD
    0x00001098   0x00001098   0x00000014   Code   RO           79    .text.spi_tran      glcd_spi_lpc1700.o
    0x000010ac   0x000010ac   0x0000005e   Code   RO           75    .text.spi_tran_man  glcd_spi_lpc1700.o
    0x0000110a   0x0000110a   0x00000002   PAD
    0x0000110c   0x0000110c   0x00000026   Code   RO           41    .text.wr_cmd        glcd_spi_lpc1700.o
    0x00001132   0x00001132   0x00000002   PAD
    0x00001134   0x00001134   0x00000026   Code   RO           43    .text.wr_dat        glcd_spi_lpc1700.o
    0x0000115a   0x0000115a   0x00000002   PAD
    0x0000115c   0x0000115c   0x00000012   Code   RO           53    .text.wr_dat_only   glcd_spi_lpc1700.o
    0x0000116e   0x0000116e   0x00000002   PAD
    0x00001170   0x00001170   0x00000016   Code   RO           51    .text.wr_dat_start  glcd_spi_lpc1700.o
    0x00001186   0x00001186   0x00000002   PAD
    0x00001188   0x00001188   0x0000000e   Code   RO           55    .text.wr_dat_stop   glcd_spi_lpc1700.o
    0x00001196   0x00001196   0x00000002   PAD
    0x00001198   0x00001198   0x00000010   Code   RO           33    .text.wr_reg        glcd_spi_lpc1700.o
    0x000011a8   0x000011a8   0x00000020   Code   RO          454    i.__0printf$8       mc_w.l(printf8.o)
    0x000011c8   0x000011c8   0x00000028   Code   RO          456    i.__0sprintf$8      mc_w.l(printf8.o)
    0x000011f0   0x000011f0   0x0000000e   Code   RO          556    i.__scatterload_copy  mc_w.l(handlers.o)
    0x000011fe   0x000011fe   0x0000000e   Code   RO          558    i.__scatterload_zeroinit  mc_w.l(handlers.o)
    0x0000120c   0x0000120c   0x00000410   Code   RO          461    i._printf_core      mc_w.l(printf8.o)
    0x0000161c   0x0000161c   0x00000024   Code   RO          462    i._printf_post_padding  mc_w.l(printf8.o)
    0x00001640   0x00001640   0x0000002e   Code   RO          463    i._printf_pre_padding  mc_w.l(printf8.o)
    0x0000166e   0x0000166e   0x00000002   PAD
    0x00001670   0x00001670   0x00000024   Code   RO          231    i.puts              mc_w.l(puts.o)
    0x00001694   0x00001694   0x00001500   Data   RO           82    .rodata.Font_16x24_h  glcd_spi_lpc1700.o
    0x00002b94   0x00002b94   0x00000380   Data   RO           81    .rodata.Font_6x8_h  glcd_spi_lpc1700.o
    0x00002f14   0x00002f14   0x00000020   Data   RO          113    .rodata.led_mask    led.o
    0x00002f34   0x00002f34   0x00000020   Data   RO          555    Region$$Table       anon$$obj.o


    Execution Region RW_IRAM1 (Exec base: 0x10000000, Load base: 0x00002f58, Size: 0x00000230, Max: 0x00008000, ABSOLUTE)

    Exec Addr    Load Addr    Size         Type   Attr      Idx    E Section Name        Object

    0x10000000   0x00002f58   0x00000004   Data   RW          241    .data               mc_w.l(stdout.o)
    0x10000004   0x00002f5c   0x00000004   Data   RW           84    .data.Color         glcd_spi_lpc1700.o
    0x10000008   0x00002f60   0x00000004   Data   RW           97    .data.SysTick_Handler.leds  irq.o
    0x1000000c   0x00002f64   0x00000004   Data   RW          219    .data.SystemCoreClock  system_lpc17xx.o
    0x10000010        -       0x00000002   Zero   RW           14    .bss.ADC_last       blinky.o
    0x10000012        -       0x00000002   Zero   RW           15    .bss.AD_dbg         blinky.o
    0x10000014        -       0x00000001   Zero   RW          155    .bss.AD_done        adc_mcb1700.o
    0x10000015   0x00002f68   0x00000001   PAD
    0x10000016        -       0x00000002   Zero   RW          156    .bss.AD_last        adc_mcb1700.o
    0x10000018        -       0x00000001   Zero   RW           83    .bss.Himax          glcd_spi_lpc1700.o
    0x10000019   0x00002f68   0x00000003   PAD
    0x1000001c        -       0x00000004   Zero   RW           95    .bss.SysTick_Handler.ticks  irq.o
    0x10000020        -       0x00000004   Zero   RW           96    .bss.SysTick_Handler.timetick  irq.o
    0x10000024        -       0x00000001   Zero   RW           98    .bss.clock_ms       irq.o
    0x10000025        -       0x0000000a   Zero   RW           16    .bss.text           blinky.o
    0x1000002f   0x00002f68   0x00000001   PAD
    0x10000030        -       0x00000200   Zero   RW          202    STACK               startup_lpc17xx.o


==============================================================================

Image component sizes


      Code (inc. data)   RO Data    RW Data    ZI Data      Debug   Object Name

       200          0          0          0          3       4776   adc_mcb1700.o
       748        248          0          0         14       4953   blinky.o
      2398          0       6272          4          1      10925   glcd_spi_lpc1700.o
        88          0          0          4          9        710   irq.o
        88          0          0          0          0       3734   kbd.o
       164          0         32          0          0       3393   led.o
       116          0          0          0          0       2533   pin_lpc17xx.o
        40         12        204          0        512       1052   startup_lpc17xx.o
       204          0          0          4          0       2145   system_lpc17xx.o

    ----------------------------------------------------------------------
      4088        260       6540         12        544      34221   Object Totals
         0          0         32          0          0          0   (incl. Generated)
        42          0          0          0          5          0   (incl. Padding)

    ----------------------------------------------------------------------

      Code (inc. data)   RO Data    RW Data    ZI Data      Debug   Library Member Name

         0          0          0          0          0          0   entry.o
         0          0          0          0          0          0   entry10a.o
         0          0          0          0          0          0   entry11a.o
         8          4          0          0          0          0   entry2.o
         4          0          0          0          0          0   entry5.o
         0          0          0          0          0          0   entry7b.o
         0          0          0          0          0          0   entry8b.o
         8          4          0          0          0          0   entry9a.o
        30          0          0          0          0          0   handlers.o
        36          8          0          0          0         68   init.o
        30          0          0          0          0         68   llshl.o
        32          0          0          0          0         68   llushr.o
      1204         60          0          0          0        504   printf8.o
        36          6          0          0          0         80   puts.o
         0          0          0          4          0          0   stdout.o
        98          0          0          0          0         92   uldiv.o

    ----------------------------------------------------------------------
      1488         82          0          4          0        880   Library Totals
         2          0          0          0          0          0   (incl. Padding)

    ----------------------------------------------------------------------

      Code (inc. data)   RO Data    RW Data    ZI Data      Debug   Library Name

      1486         82          0          4          0        880   mc_w.l

    ----------------------------------------------------------------------
      1488         82          0          4          0        880   Library Totals

    ----------------------------------------------------------------------

==============================================================================


      Code (inc. data)   RO Data    RW Data    ZI Data      Debug   

      5576        342       6540         16        544      34697   Grand Totals
      5576        342       6540         16        544      34697   ELF Image Totals
      5576        342       6540         16          0          0   ROM Totals

==============================================================================

    Total RO  Size (Code + RO Data)                12116 (  11.83kB)
    Total RW  Size (RW Data + ZI Data)               560 (   0.55kB)
    Total ROM Size (Code + RO Data + RW Data)      12132 (  11.85kB)

==============================================================================

