Component: ARM Compiler 5.06 update 7 (build 960) Tool: armlink [4d3601]

==============================================================================

Section Cross References

    thread.o(i.App_Interface) refers to rt_cmsis.o(i.osMutexWait) for osMutexWait
    thread.o(i.App_Interface) refers to led_mcb1700.o(i.LED_Off) for LED_Off
    thread.o(i.App_Interface) refers to led_mcb1700.o(i.LED_On) for LED_On
    thread.o(i.App_Interface) refers to glcd_spi_lpc1700.o(i.GLCD_SetTextColor) for GLCD_SetTextColor
    thread.o(i.App_Interface) refers to glcd_spi_lpc1700.o(i.GLCD_DisplayString) for GLCD_DisplayString
    thread.o(i.App_Interface) refers to strncpy.o(.text) for strncpy
    thread.o(i.App_Interface) refers to rt_cmsis.o(i.osMutexRelease) for osMutexRelease
    thread.o(i.App_Interface) refers to rt_cmsis.o(i.osSignalSet) for osSignalSet
    thread.o(i.App_Interface) refers to rt_cmsis.o(i.osSignalWait) for osSignalWait
    thread.o(i.App_Interface) refers to rt_cmsis.o(i.osDelay) for osDelay
    thread.o(i.App_Interface) refers to rt_cmsis.o(i.osThreadTerminate) for osThreadTerminate
    thread.o(i.App_Interface) refers to thread.o(.data) for log_lock
    thread.o(i.App_Interface) refers to thread.o(.bss) for logger
    thread.o(i.CPU_Management) refers to rt_cmsis.o(i.osSignalWait) for osSignalWait
    thread.o(i.CPU_Management) refers to led_mcb1700.o(i.LED_Off) for LED_Off
    thread.o(i.CPU_Management) refers to glcd_spi_lpc1700.o(i.GLCD_SetTextColor) for GLCD_SetTextColor
    thread.o(i.CPU_Management) refers to glcd_spi_lpc1700.o(i.GLCD_DisplayString) for GLCD_DisplayString
    thread.o(i.CPU_Management) refers to led_mcb1700.o(i.LED_On) for LED_On
    thread.o(i.CPU_Management) refers to rt_cmsis.o(i.osSignalSet) for osSignalSet
    thread.o(i.CPU_Management) refers to rt_cmsis.o(i.osThreadTerminate) for osThreadTerminate
    thread.o(i.CPU_Management) refers to thread.o(.data) for current_led
    thread.o(i.Device_Management) refers to rt_cmsis.o(i.osSignalWait) for osSignalWait
    thread.o(i.Device_Management) refers to rt_cmsis.o(i.osMutexWait) for osMutexWait
    thread.o(i.Device_Management) refers to led_mcb1700.o(i.LED_Off) for LED_Off
    thread.o(i.Device_Management) refers to led_mcb1700.o(i.LED_On) for LED_On
    thread.o(i.Device_Management) refers to glcd_spi_lpc1700.o(i.GLCD_SetTextColor) for GLCD_SetTextColor
    thread.o(i.Device_Management) refers to glcd_spi_lpc1700.o(i.GLCD_DisplayString) for GLCD_DisplayString
    thread.o(i.Device_Management) refers to strlen.o(.text) for strlen
    thread.o(i.Device_Management) refers to strncat.o(.text) for strncat
    thread.o(i.Device_Management) refers to rt_cmsis.o(i.osMutexRelease) for osMutexRelease
    thread.o(i.Device_Management) refers to rt_cmsis.o(i.osSignalSet) for osSignalSet
    thread.o(i.Device_Management) refers to rt_cmsis.o(i.osDelay) for osDelay
    thread.o(i.Device_Management) refers to rt_cmsis.o(i.osThreadTerminate) for osThreadTerminate
    thread.o(i.Device_Management) refers to thread.o(.data) for log_lock
    thread.o(i.Device_Management) refers to thread.o(.bss) for logger
    thread.o(i.Init_Thread) refers to rt_cmsis.o(i.osMutexCreate) for osMutexCreate
    thread.o(i.Init_Thread) refers to rt_cmsis.o(i.osThreadCreate) for osThreadCreate
    thread.o(i.Init_Thread) refers to thread.o(.constdata) for os_mutex_def_log_lock
    thread.o(i.Init_Thread) refers to thread.o(.data) for log_lock
    thread.o(i.Memory_Management) refers to led_mcb1700.o(i.LED_Off) for LED_Off
    thread.o(i.Memory_Management) refers to led_mcb1700.o(i.LED_On) for LED_On
    thread.o(i.Memory_Management) refers to glcd_spi_lpc1700.o(i.GLCD_SetTextColor) for GLCD_SetTextColor
    thread.o(i.Memory_Management) refers to glcd_spi_lpc1700.o(i.GLCD_DisplayString) for GLCD_DisplayString
    thread.o(i.Memory_Management) refers to rt_cmsis.o(i.osSignalSet) for osSignalSet
    thread.o(i.Memory_Management) refers to rt_cmsis.o(i.osSignalWait) for osSignalWait
    thread.o(i.Memory_Management) refers to rt_cmsis.o(i.osDelay) for osDelay
    thread.o(i.Memory_Management) refers to rt_cmsis.o(i.osThreadTerminate) for osThreadTerminate
    thread.o(i.Memory_Management) refers to thread.o(.data) for current_led
    thread.o(i.User_Interface) refers to led_mcb1700.o(i.LED_Off) for LED_Off
    thread.o(i.User_Interface) refers to led_mcb1700.o(i.LED_On) for LED_On
    thread.o(i.User_Interface) refers to glcd_spi_lpc1700.o(i.GLCD_SetTextColor) for GLCD_SetTextColor
    thread.o(i.User_Interface) refers to glcd_spi_lpc1700.o(i.GLCD_DisplayString) for GLCD_DisplayString
    thread.o(i.User_Interface) refers to rt_cmsis.o(i.osDelay) for osDelay
    thread.o(i.User_Interface) refers to rt_cmsis.o(i.osThreadTerminate) for osThreadTerminate
    thread.o(i.User_Interface) refers to thread.o(.data) for current_led
[...]
    rt_list.o(i.rt_put_rdy_first) refers to rt_list.o(.bss) for .bss
    rt_list.o(i.rt_resort_prio) refers to rt_list.o(i.rt_rmv_list) for rt_rmv_list
    rt_list.o(i.rt_resort_prio) refers to rt_list.o(i.rt_put_prio) for rt_put_prio
    rt_list.o(i.rt_resort_prio) refers to rt_list.o(.bss) for .bss
    rt_list.o(i.rt_rmv_list) refers to rt_list.o(.bss) for .bss
    rt_mailbox.o(i.isr_mbx_receive) refers to rt_list.o(i.rt_psq_enq) for rt_psq_enq
    rt_mailbox.o(i.isr_mbx_receive) refers to rt_system.o(i.rt_psh_req) for rt_psh_req
    rt_mailbox.o(i.isr_mbx_send) refers to rt_list.o(i.rt_psq_enq) for rt_psq_enq
    rt_mailbox.o(i.isr_mbx_send) refers to rt_system.o(i.rt_psh_req) for rt_psh_req
    rt_mailbox.o(i.rt_mbx_psh) refers to rt_membox.o(i.rt_alloc_box) for rt_alloc_box
    rt_mailbox.o(i.rt_mbx_psh) refers to rt_list.o(i.rt_get_first) for rt_get_first
    rt_mailbox.o(i.rt_mbx_psh) refers to hal_cm.o(i.rt_ret_val) for rt_ret_val
    rt_mailbox.o(i.rt_mbx_psh) refers to rt_list.o(i.rt_rmv_dly) for rt_rmv_dly
    rt_mailbox.o(i.rt_mbx_psh) refers to rt_list.o(i.rt_put_prio) for rt_put_prio
    rt_mailbox.o(i.rt_mbx_psh) refers to hal_cm.o(i.rt_ret_val2) for rt_ret_val2
    rt_mailbox.o(i.rt_mbx_psh) refers to rtx_conf_cm.o(i.os_error) for os_error
    rt_mailbox.o(i.rt_mbx_psh) refers to rt_list.o(.bss) for os_rdy
    rt_mailbox.o(i.rt_mbx_send) refers to rt_list.o(i.rt_put_prio) for rt_put_prio
    rt_mailbox.o(i.rt_mbx_send) refers to rt_list.o(i.rt_get_first) for rt_get_first
    rt_mailbox.o(i.rt_mbx_send) refers to hal_cm.o(i.rt_ret_val2) for rt_ret_val2
    rt_mailbox.o(i.rt_mbx_send) refers to rt_list.o(i.rt_rmv_dly) for rt_rmv_dly
    rt_mailbox.o(i.rt_mbx_send) refers to rt_task.o(i.rt_dispatch) for rt_dispatch
    rt_mailbox.o(i.rt_mbx_send) refers to rt_task.o(i.rt_block) for rt_block
    rt_mailbox.o(i.rt_mbx_send) refers to rt_task.o(.data) for os_tsk
    rt_mailbox.o(i.rt_mbx_wait) refers to rt_list.o(i.rt_get_first) for rt_get_first
    rt_mailbox.o(i.rt_mbx_wait) refers to hal_cm.o(i.rt_ret_val) for rt_ret_val
    rt_mailbox.o(i.rt_mbx_wait) refers to rt_list.o(i.rt_rmv_dly) for rt_rmv_dly
    rt_mailbox.o(i.rt_mbx_wait) refers to rt_task.o(i.rt_dispatch) for rt_dispatch
    rt_mailbox.o(i.rt_mbx_wait) refers to rt_list.o(i.rt_put_prio) for rt_put_prio
    rt_mailbox.o(i.rt_mbx_wait) refers to rt_task.o(i.rt_block) for rt_block
    rt_mailbox.o(i.rt_mbx_wait) refers to rt_task.o(.data) for os_tsk
    rt_semaphore.o(i.isr_sem_send) refers to rt_list.o(i.rt_psq_enq) for rt_psq_enq
    rt_semaphore.o(i.isr_sem_send) refers to rt_system.o(i.rt_psh_req) for rt_psh_req
    rt_semaphore.o(i.rt_sem_delete) refers to rt_list.o(i.rt_get_first) for rt_get_first
    rt_semaphore.o(i.rt_sem_delete) refers to hal_cm.o(i.rt_ret_val) for rt_ret_val
    rt_semaphore.o(i.rt_sem_delete) refers to rt_list.o(i.rt_rmv_dly) for rt_rmv_dly
    rt_semaphore.o(i.rt_sem_delete) refers to rt_list.o(i.rt_put_prio) for rt_put_prio
    rt_semaphore.o(i.rt_sem_delete) refers to rt_task.o(i.rt_dispatch) for rt_dispatch
    rt_semaphore.o(i.rt_sem_delete) refers to rt_list.o(.bss) for os_rdy
    rt_semaphore.o(i.rt_sem_delete) refers to rt_task.o(.data) for os_tsk
    rt_semaphore.o(i.rt_sem_psh) refers to rt_list.o(i.rt_get_first) for rt_get_first
    rt_semaphore.o(i.rt_sem_psh) refers to rt_list.o(i.rt_rmv_dly) for rt_rmv_dly
    rt_semaphore.o(i.rt_sem_psh) refers to hal_cm.o(i.rt_ret_val) for rt_ret_val
    rt_semaphore.o(i.rt_sem_psh) refers to rt_list.o(i.rt_put_prio) for rt_put_prio
    rt_semaphore.o(i.rt_sem_psh) refers to rt_list.o(.bss) for os_rdy
    rt_semaphore.o(i.rt_sem_send) refers to rt_list.o(i.rt_get_first) for rt_get_first
    rt_semaphore.o(i.rt_sem_send) refers to hal_cm.o(i.rt_ret_val) for rt_ret_val
    rt_semaphore.o(i.rt_sem_send) refers to rt_list.o(i.rt_rmv_dly) for rt_rmv_dly
    rt_semaphore.o(i.rt_sem_send) refers to rt_task.o(i.rt_dispatch) for rt_dispatch
    rt_semaphore.o(i.rt_sem_wait) refers to rt_list.o(i.rt_put_prio) for rt_put_prio
    rt_semaphore.o(i.rt_sem_wait) refers to rt_task.o(i.rt_block) for rt_block
    rt_semaphore.o(i.rt_sem_wait) refers to rt_task.o(.data) for os_tsk
    rt_time.o(i.rt_dly_wait) refers to rt_task.o(i.rt_block) for rt_block
    rt_time.o(i.rt_itv_set) refers to rt_task.o(.data) for os_tsk
    rt_time.o(i.rt_itv_set) refers to rt_time.o(.data) for .data
    rt_time.o(i.rt_itv_wait) refers to rt_task.o(i.rt_block) for rt_block
    rt_time.o(i.rt_itv_wait) refers to rt_task.o(.data) for os_tsk
    rt_time.o(i.rt_itv_wait) refers to rt_time.o(.data) for .data
    rt_time.o(i.rt_time_get) refers to rt_time.o(.data) for .data
    rt_mutex.o(i.rt_mut_delete) refers to rt_list.o(i.rt_resort_prio) for rt_resort_prio
    rt_mutex.o(i.rt_mut_delete) refers to rt_list.o(i.rt_get_first) for rt_get_first
    rt_mutex.o(i.rt_mut_delete) refers to hal_cm.o(i.rt_ret_val) for rt_ret_val
    rt_mutex.o(i.rt_mut_delete) refers to rt_list.o(i.rt_rmv_dly) for rt_rmv_dly
    rt_mutex.o(i.rt_mut_delete) refers to rt_list.o(i.rt_put_prio) for rt_put_prio
    rt_mutex.o(i.rt_mut_delete) refers to rt_task.o(i.rt_dispatch) for rt_dispatch
    rt_mutex.o(i.rt_mut_delete) refers to rt_task.o(.data) for os_tsk
    rt_mutex.o(i.rt_mut_delete) refers to rt_list.o(.bss) for os_rdy
    rt_mutex.o(i.rt_mut_release) refers to rt_list.o(i.rt_get_first) for rt_get_first
    rt_mutex.o(i.rt_mut_release) refers to hal_cm.o(i.rt_ret_val) for rt_ret_val
    rt_mutex.o(i.rt_mut_release) refers to rt_list.o(i.rt_rmv_dly) for rt_rmv_dly
    rt_mutex.o(i.rt_mut_release) refers to rt_list.o(i.rt_put_prio) for rt_put_prio
    rt_mutex.o(i.rt_mut_release) refers to rt_task.o(i.rt_dispatch) for rt_dispatch
    rt_mutex.o(i.rt_mut_release) refers to rt_task.o(.data) for os_tsk
    rt_mutex.o(i.rt_mut_release) refers to rt_list.o(.bss) for os_rdy
    rt_mutex.o(i.rt_mut_wait) refers to rt_list.o(i.rt_resort_prio) for rt_resort_prio
    rt_mutex.o(i.rt_mut_wait) refers to rt_list.o(i.rt_put_prio) for rt_put_prio
    rt_mutex.o(i.rt_mut_wait) refers to rt_task.o(i.rt_block) for rt_block
    rt_mutex.o(i.rt_mut_wait) refers to rt_task.o(.data) for os_tsk
    rt_membox.o(i._calloc_box) refers to hal_cm3.o(.emb_text) for _alloc_box
    hal_cm.o(i.dbg_init) refers to hal_cm.o(.data) for .data
    hal_cm.o(i.rt_init_stack) refers to rtx_conf_cm.o(.constdata) for os_stackinfo
    rt_robin.o(i.rt_chk_robin) refers to rt_list.o(i.rt_get_first) for rt_get_first
    rt_robin.o(i.rt_chk_robin) refers to rt_list.o(i.rt_put_prio) for rt_put_prio
    rt_robin.o(i.rt_chk_robin) refers to rt_robin.o(.data) for .data
    rt_robin.o(i.rt_chk_robin) refers to rt_list.o(.bss) for os_rdy
    rt_robin.o(i.rt_chk_robin) refers to rt_time.o(.data) for os_time
    rt_robin.o(i.rt_init_robin) refers to rt_robin.o(.data) for .data
    rt_robin.o(i.rt_init_robin) refers to rtx_conf_cm.o(.constdata) for os_rrobin
    hal_cm3.o(.emb_text) refers to rtx_conf_cm.o(.constdata) for os_flags
    hal_cm3.o(.emb_text) refers to rt_membox.o(i.rt_alloc_box) for rt_alloc_box
    hal_cm3.o(.emb_text) refers to rt_membox.o(i.rt_free_box) for rt_free_box
    hal_cm3.o(.emb_text) refers to rt_system.o(i.rt_stk_check) for rt_stk_check
    hal_cm3.o(.emb_text) refers to rt_task.o(.data) for os_tsk
    hal_cm3.o(.emb_text) refers to svc_table.o(SVC_TABLE) for SVC_Count
    hal_cm3.o(.emb_text) refers to rt_system.o(i.rt_pop_req) for rt_pop_req
    hal_cm3.o(.emb_text) refers to rt_system.o(i.rt_systick) for rt_systick
    hal_cm3.o(.emb_text) refers to rt_system.o(i.os_tick_irqack) for os_tick_irqack
    entry.o(.ARM.Collect$$$$00000000) refers (Special) to entry10a.o(.ARM.Collect$$$$0000000F) for __rt_final_cpp
    entry.o(.ARM.Collect$$$$00000000) refers (Special) to entry11a.o(.ARM.Collect$$$$00000011) for __rt_final_exit
    entry.o(.ARM.Collect$$$$00000000) refers (Special) to entry12b.o(.ARM.Collect$$$$0000000E) for __rt_lib_shutdown_fini
    entry.o(.ARM.Collect$$$$00000000) refers (Special) to entry7b.o(.ARM.Collect$$$$00000008) for _main_clock
    entry.o(.ARM.Collect$$$$00000000) refers (Special) to entry8b.o(.ARM.Collect$$$$0000000A) for _main_cpp_init
    entry.o(.ARM.Collect$$$$00000000) refers (Special) to rtx_conf_cm.o(.ARM.Collect$$$$000000FF) for _main_init
    entry.o(.ARM.Collect$$$$00000000) refers (Special) to entry5.o(.ARM.Collect$$$$00000004) for _main_scatterload
    entry.o(.ARM.Collect$$$$00000000) refers (Special) to entry2.o(.ARM.Collect$$$$00000001) for _main_stk
    uldiv.o(.text) refers to llushr.o(.text) for __aeabi_llsr
    uldiv.o(.text) refers to llshl.o(.text) for __aeabi_llsl
    entry2.o(.ARM.Collect$$$$00000001) refers to entry2.o(.ARM.Collect$$$$00002712) for __lit__00000000
    entry2.o(.ARM.Collect$$$$00002712) refers to startup_lpc17xx.o(STACK) for __initial_sp
    entry2.o(__vectab_stack_and_reset_area) refers to startup_lpc17xx.o(STACK) for __initial_sp
    entry2.o(__vectab_stack_and_reset_area) refers to entry.o(.ARM.Collect$$$$00000000) for __main
    entry5.o(.ARM.Collect$$$$00000004) refers to init.o(.text) for __scatterload
    init.o(.text) refers to entry5.o(.ARM.Collect$$$$00000004) for __main_after_scatterload


==============================================================================

Removing Unused input sections from the image.

    Removing thread.o(.rev16_text), (4 bytes).
    Removing thread.o(.revsh_text), (4 bytes).
    Removing thread.o(.rrx_text), (6 bytes).
    Removing glcd_spi_lpc1700.o(.rev16_text), (4 bytes).
    Removing glcd_spi_lpc1700.o(.revsh_text), (4 bytes).
    Removing glcd_spi_lpc1700.o(.rrx_text), (6 bytes).
    Removing glcd_spi_lpc1700.o(i.GLCD_Bargraph), (104 bytes).
    Removing glcd_spi_lpc1700.o(i.GLCD_Bitmap), (82 bytes).
    Removing glcd_spi_lpc1700.o(i.GLCD_ClearLn), (94 bytes).
    Removing glcd_spi_lpc1700.o(i.GLCD_PutPixel), (128 bytes).
    Removing glcd_spi_lpc1700.o(i.GLCD_ScrollVertical), (2 bytes).
    Removing glcd_spi_lpc1700.o(i.GLCD_WrCmd), (12 bytes).
    Removing glcd_spi_lpc1700.o(i.GLCD_WrReg), (16 bytes).
    Removing led_mcb1700.o(.rev16_text), (4 bytes).
    Removing led_mcb1700.o(.revsh_text), (4 bytes).
    Removing led_mcb1700.o(.rrx_text), (6 bytes).
    Removing led_mcb1700.o(i.LED_GetCount), (4 bytes).
    Removing led_mcb1700.o(i.LED_SetOut), (40 bytes).
    Removing led_mcb1700.o(i.LED_Uninitialize), (48 bytes).
    Removing gpio_lpc17xx.o(.rev16_text), (4 bytes).
    Removing gpio_lpc17xx.o(.revsh_text), (4 bytes).
    Removing gpio_lpc17xx.o(.rrx_text), (6 bytes).
    Removing gpio_lpc17xx.o(i.GPIO_PinRead), (32 bytes).
    Removing gpio_lpc17xx.o(i.GPIO_PortRead), (20 bytes).
    Removing gpio_lpc17xx.o(i.GPIO_PortWrite), (32 bytes).
    Removing pin_lpc17xx.o(.rev16_text), (4 bytes).
    Removing pin_lpc17xx.o(.revsh_text), (4 bytes).
    Removing pin_lpc17xx.o(.rrx_text), (6 bytes).
    Removing pin_lpc17xx.o(i.PIN_ConfigureI2C0Pins), (32 bytes).
    Removing pin_lpc17xx.o(i.PIN_ConfigureTPIU), (40 bytes).
    Removing startup_lpc17xx.o(HEAP), (0 bytes).
    Removing system_lpc17xx.o(.rev16_text), (4 bytes).
    Removing system_lpc17xx.o(.revsh_text), (4 bytes).
    Removing system_lpc17xx.o(.rrx_text), (6 bytes).
    Removing system_lpc17xx.o(i.SystemCoreClockUpdate), (424 bytes).
    Removing system_lpc17xx.o(.data), (4 bytes).
    Removing rt_cmsis.o(.rev16_text), (4 bytes).
    Removing rt_cmsis.o(.revsh_text), (4 bytes).
    Removing rt_cmsis.o(.rrx_text), (6 bytes).
    Removing rt_cmsis.o(i.isrSemaphoreRelease), (40 bytes).
    Removing rt_cmsis.o(i.osKernelRunning), (36 bytes).
    Removing rt_cmsis.o(i.osKernelSysTick), (24 bytes).
    Removing rt_cmsis.o(i.osMailAlloc), (28 bytes).
    Removing rt_cmsis.o(i.osMailCAlloc), (48 bytes).
    Removing rt_cmsis.o(i.osMailCreate), (44 bytes).
    Removing rt_cmsis.o(i.osMailFree), (28 bytes).
    Removing rt_cmsis.o(i.osMailGet), (22 bytes).
    Removing rt_cmsis.o(i.osMailPut), (20 bytes).
    Removing rt_cmsis.o(i.osMessageCreate), (44 bytes).
    Removing rt_cmsis.o(i.osMessagePut), (24 bytes).
    Removing rt_cmsis.o(i.osMutexDelete), (24 bytes).
    Removing rt_cmsis.o(i.osPoolAlloc), (32 bytes).
    Removing rt_cmsis.o(i.osPoolCAlloc), (52 bytes).
    Removing rt_cmsis.o(i.osPoolCreate), (44 bytes).
    Removing rt_cmsis.o(i.osPoolFree), (32 bytes).
    Removing rt_cmsis.o(i.osSemaphoreCreate), (44 bytes).
    Removing rt_cmsis.o(i.osSemaphoreDelete), (24 bytes).
    Removing rt_cmsis.o(i.osSemaphoreRelease), (24 bytes).
    Removing rt_cmsis.o(i.osSemaphoreWait), (24 bytes).
    Removing rt_cmsis.o(i.osSignalClear), (24 bytes).
    Removing rt_cmsis.o(i.osThreadGetId), (24 bytes).
    Removing rt_cmsis.o(i.osThreadGetPriority), (24 bytes).
    Removing rt_cmsis.o(i.osThreadSetPriority), (24 bytes).
    Removing rt_cmsis.o(i.osThreadYield), (24 bytes).
    Removing rt_cmsis.o(i.osTimerCreate), (44 bytes).
    Removing rt_cmsis.o(i.osTimerDelete), (24 bytes).
    Removing rt_cmsis.o(i.osTimerStart), (24 bytes).
    Removing rt_cmsis.o(i.osTimerStop), (24 bytes).
    Removing rt_cmsis.o(i.osWait), (4 bytes).
    Removing rt_cmsis.o(i.os_resume), (12 bytes).
    Removing rt_cmsis.o(i.os_suspend), (12 bytes).
    Removing rt_cmsis.o(i.rt_clr_box), (24 bytes).
    Removing rt_cmsis.o(i.rt_timer_remove), (60 bytes).
    Removing rt_cmsis.o(i.svcKernelRunning), (12 bytes).
    Removing rt_cmsis.o(i.svcKernelSysTick), (56 bytes).
    Removing rt_cmsis.o(i.svcMailCreate), (66 bytes).
    Removing rt_cmsis.o(i.svcMessagePut), (54 bytes).
    Removing rt_cmsis.o(i.svcMutexDelete), (26 bytes).
    Removing rt_cmsis.o(i.svcPoolCreate), (40 bytes).
    Removing rt_cmsis.o(i.svcSemaphoreCreate), (36 bytes).
    Removing rt_cmsis.o(i.svcSemaphoreDelete), (26 bytes).
    Removing rt_cmsis.o(i.svcSemaphoreRelease), (40 bytes).
    Removing rt_cmsis.o(i.svcSemaphoreWait), (50 bytes).
    Removing rt_cmsis.o(i.svcSignalClear), (36 bytes).
    Removing rt_cmsis.o(i.svcThreadGetPriority), (18 bytes).
    Removing rt_cmsis.o(i.svcThreadSetPriority), (46 bytes).
    Removing rt_cmsis.o(i.svcThreadYield), (10 bytes).
    Removing rt_cmsis.o(i.svcTimerCreate), (56 bytes).
    Removing rt_cmsis.o(i.svcTimerDelete), (40 bytes).
    Removing rt_cmsis.o(i.svcTimerStart), (100 bytes).
    Removing rt_cmsis.o(i.svcTimerStop), (36 bytes).
    Removing rt_cmsis.o(i.sysMailAlloc), (88 bytes).
    Removing rt_cmsis.o(i.sysMailFree), (96 bytes).
    Removing rt_cmsis.o(i.sysPoolAlloc), (10 bytes).
    Removing rt_cmsis.o(i.sysPoolFree), (20 bytes).
    Removing rt_cmsis.o(i.sysUserTimerUpdate), (48 bytes).
    Removing rt_cmsis.o(i.sysUserTimerWakeupTime), (20 bytes).
    Removing rt_task.o(i.rt_tsk_pass), (48 bytes).
    Removing rt_system.o(.emb_text), (0 bytes).
    Removing rt_system.o(i.os_tick_ovf), (16 bytes).
    Removing rt_system.o(i.os_tick_val), (20 bytes).
    Removing rt_system.o(i.rt_resume), (136 bytes).
    Removing rt_system.o(i.rt_suspend), (36 bytes).
    Removing rt_system.o(i.rt_tsk_lock), (80 bytes).
    Removing rt_system.o(i.rt_tsk_unlock), (80 bytes).
    Removing rt_event.o(i.rt_evt_clr), (28 bytes).
    Removing rt_event.o(i.rt_evt_get), (12 bytes).
    Removing rt_list.o(i.rt_get_same_rdy_prio), (36 bytes).
    Removing rt_mailbox.o(i.rt_mbx_send), (152 bytes).
    Removing rt_semaphore.o(i.isr_sem_send), (16 bytes).
    Removing rt_semaphore.o(i.rt_sem_delete), (92 bytes).
    Removing rt_semaphore.o(i.rt_sem_init), (12 bytes).
    Removing rt_semaphore.o(i.rt_sem_send), (42 bytes).
    Removing rt_semaphore.o(i.rt_sem_wait), (64 bytes).
    Removing rt_time.o(i.rt_itv_set), (24 bytes).
    Removing rt_time.o(i.rt_itv_wait), (40 bytes).
    Removing rt_time.o(i.rt_time_get), (12 bytes).
    Removing rt_mutex.o(i.rt_mut_delete), (176 bytes).
    Removing rt_membox.o(i._calloc_box), (30 bytes).
    Removing rt_robin.o(i.rt_chk_robin), (72 bytes).
    Removing rt_robin.o(i.rt_init_robin), (24 bytes).
    Removing rt_robin.o(.data), (8 bytes).

122 unused section(s) (total 4504 bytes) removed from the image.

==============================================================================

Image Symbol Table

    Local Symbols

    Symbol Name                              Value     Ov Type        Size  Object(Section)

    RESET                                    0x00000000   Section      204  startup_lpc17xx.o(RESET)
    ../clib/microlib/division.c              0x00000000   Number         0  uldiv.o ABSOLUTE
    ../clib/microlib/init/entry.s            0x00000000   Number         0  entry10b.o ABSOLUTE
    ../clib/microlib/init/entry.s            0x00000000   Number         0  entry2.o ABSOLUTE
    ../clib/microlib/init/entry.s            0x00000000   Number         0  entry11a.o ABSOLUTE
    ../clib/microlib/init/entry.s            0x00000000   Number         0  entry11b.o ABSOLUTE
    ../clib/microlib/init/entry.s            0x00000000   Number         0  entry.o ABSOLUTE
    ../clib/microlib/init/entry.s            0x00000000   Number         0  entry12b.o ABSOLUTE
    ../clib/microlib/init/entry.s            0x00000000   Number         0  entry12a.o ABSOLUTE
    ../clib/microlib/init/entry.s            0x00000000   Number         0  entry7b.o ABSOLUTE
    ../clib/microlib/init/entry.s            0x00000000   Number         0  entry7a.o ABSOLUTE
    ../clib/microlib/init/entry.s            0x00000000   Number         0  entry5.o ABSOLUTE
    ../clib/microlib/init/entry.s            0x00000000   Number         0  entry8a.o ABSOLUTE
    ../clib/microlib/init/entry.s            0x00000000   Number         0  entry8b.o ABSOLUTE
    ../clib/microlib/init/entry.s            0x00000000   Number         0  entry10a.o ABSOLUTE
    ../clib/microlib/longlong.c              0x00000000   Number         0  llshl.o ABSOLUTE
    ../clib/microlib/longlong.c              0x00000000   Number         0  llushr.o ABSOLUTE
    ../clib/microlib/string/strlen.c         0x00000000   Number         0  strlen.o ABSOLUTE
    ../clib/microlib/string/strncat.c        0x00000000   Number         0  strncat.o ABSOLUTE
    ../clib/microlib/string/strncpy.c        0x00000000   Number         0  strncpy.o ABSOLUTE
    ..\HAL_CM.c                              0x00000000   Number         0  hal_cm.o ABSOLUTE
    ..\\rt_CMSIS.c                           0x00000000   Number         0  rt_cmsis.o ABSOLUTE
    ..\\rt_System.c                          0x00000000   Number         0  rt_system.o ABSOLUTE
    ..\rt_CMSIS.c                            0x00000000   Number         0  rt_cmsis.o ABSOLUTE
    ..\rt_Event.c                            0x00000000   Number         0  rt_event.o ABSOLUTE
    ..\rt_List.c                             0x00000000   Number         0  rt_list.o ABSOLUTE
    ..\rt_Mailbox.c                          0x00000000   Number         0  rt_mailbox.o ABSOLUTE
    ..\rt_MemBox.c                           0x00000000   Number         0  rt_membox.o ABSOLUTE
    ..\rt_Memory.c                           0x00000000   Number         0  rt_memory.o ABSOLUTE
    ..\rt_Mutex.c                            0x00000000   Number         0  rt_mutex.o ABSOLUTE
    ..\rt_Robin.c                            0x00000000   Number         0  rt_robin.o ABSOLUTE
    ..\rt_Semaphore.c                        0x00000000   Number         0  rt_semaphore.o ABSOLUTE
    ..\rt_System.c                           0x00000000   Number         0  rt_system.o ABSOLUTE
    ..\rt_Task.c                             0x00000000   Number         0  rt_task.o ABSOLUTE
    ..\rt_Time.c                             0x00000000   Number         0  rt_time.o ABSOLUTE
    C:\Users\arman\AppData\Local\Arm\Packs\Keil\LPC1700_DFP\2.7.2\Boards\Keil\MCB1700\Common\LED_MCB1700.c 0x00000000   Number         0  led_mcb1700.o ABSOLUTE
    C:\Users\arman\AppData\Local\Arm\Packs\Keil\LPC1700_DFP\2.7.2\RTE_Driver\GPIO_LPC17xx.c 0x00000000   Number         0  gpio_lpc17xx.o ABSOLUTE
    C:\Users\arman\AppData\Local\Arm\Packs\Keil\LPC1700_DFP\2.7.2\RTE_Driver\PIN_LPC17xx.c 0x00000000   Number         0  pin_lpc17xx.o ABSOLUTE
    C:\\Users\\arman\\AppData\\Local\\Arm\\Packs\\Keil\\LPC1700_DFP\\2.7.2\\Boards\\Keil\\MCB1700\\Common\\LED_MCB1700.c 0x00000000   Number         0  led_mcb1700.o ABSOLUTE
    C:\\Users\\arman\\AppData\\Local\\Arm\\Packs\\Keil\\LPC1700_DFP\\2.7.2\\RTE_Driver\\GPIO_LPC17xx.c 0x00000000   Number         0  gpio_lpc17xx.o ABSOLUTE
    C:\\Users\\arman\\AppData\\Local\\Arm\\Packs\\Keil\\LPC1700_DFP\\2.7.2\\RTE_Driver\\PIN_LPC17xx.c 0x00000000   Number         0  pin_lpc17xx.o ABSOLUTE
    GLCD_SPI_LPC1700.c                       0x00000000   Number         0  glcd_spi_lpc1700.o ABSOLUTE
    GLCD_SPI_LPC1700.c                       0x00000000   Number         0  glcd_spi_lpc1700.o ABSOLUTE
    HAL_CM3.c                                0x00000000   Number         0  hal_cm3.o ABSOLUTE
    HAL_CM3.c                                0x00000000   Number         0  hal_cm3.o ABSOLUTE
    RTE\CMSIS\RTX_Conf_CM.c                  0x00000000   Number         0  rtx_conf_cm.o ABSOLUTE
    RTE\Device\LPC1768\startup_LPC17xx.s     0x00000000   Number         0  startup_lpc17xx.o ABSOLUTE
    RTE\Device\LPC1768\system_LPC17xx.c      0x00000000   Number         0  system_lpc17xx.o ABSOLUTE
    RTE\\Device\\LPC1768\\system_LPC17xx.c   0x00000000   Number         0  system_lpc17xx.o ABSOLUTE
    SVC_Table.s                              0x00000000   Number         0  svc_table.o ABSOLUTE
    Thread.c                                 0x00000000   Number         0  thread.o ABSOLUTE
    Thread.c                                 0x00000000   Number         0  thread.o ABSOLUTE
    dc.s                                     0x00000000   Number         0  dc.o ABSOLUTE
    handlers.s                               0x00000000   Number         0  handlers.o ABSOLUTE
    init.s                                   0x00000000   Number         0  init.o ABSOLUTE
    main.c                                   0x00000000   Number         0  main.o ABSOLUTE
    .ARM.Collect$$$$00000000                 0x000000cc   Section        0  entry.o(.ARM.Collect$$$$00000000)
    .ARM.Collect$$$$00000001                 0x000000cc   Section        4  entry2.o(.ARM.Collect$$$$00000001)
    .ARM.Collect$$$$00000004                 0x000000d0   Section        4  entry5.o(.ARM.Collect$$$$00000004)
    .ARM.Collect$$$$00000008                 0x000000d4   Section        0  entry7b.o(.ARM.Collect$$$$00000008)
    .ARM.Collect$$$$0000000A                 0x000000d4   Section        0  entry8b.o(.ARM.Collect$$$$0000000A)
    .ARM.Collect$$$$0000000E                 0x000000d4   Section        4  entry12b.o(.ARM.Collect$$$$0000000E)
    .ARM.Collect$$$$0000000F                 0x000000d8   Section        0  entry10a.o(.ARM.Collect$$$$0000000F)
    .ARM.Collect$$$$00000011                 0x000000d8   Section        0  entry11a.o(.ARM.Collect$$$$00000011)
    .ARM.Collect$$$$000000FF                 0x000000d8   Section        0  rtx_conf_cm.o(.ARM.Collect$$$$000000FF)
    .ARM.Collect$$$$00002712                 0x000000f0   Section        4  entry2.o(.ARM.Collect$$$$00002712)
    __lit__00000000                          0x000000f0   Data           4  entry2.o(.ARM.Collect$$$$00002712)
    .emb_text                                0x000000f4   Section      304  hal_cm3.o(.emb_text)
    .text                                    0x00000224   Section       36  startup_lpc17xx.o(.text)
    .text                                    0x00000248   Section        0  strncpy.o(.text)
    .text                                    0x00000260   Section        0  strlen.o(.text)
    .text                                    0x0000026e   Section        0  strncat.o(.text)
    .text                                    0x00000298   Section       36  init.o(.text)
    SVC_TABLE                                0x000002bc   Section        4  svc_table.o(SVC_TABLE)
    i.GLCD_Clear                             0x000002c0   Section        0  glcd_spi_lpc1700.o(i.GLCD_Clear)
    i.GLCD_SetBackColor                      0x000002ec   Section        0  glcd_spi_lpc1700.o(i.GLCD_SetBackColor)
    i.__scatterload_null                     0x000002f8   Section        2  handlers.o(i.__scatterload_null)
    i.os_tick_irqack                         0x000002fa   Section        0  rt_system.o(i.os_tick_irqack)
    .ARM.__at_0x02FC                         0x000002fc   Section        4  startup_lpc17xx.o(.ARM.__at_0x02FC)
    i.App_Interface                          0x00000300   Section        0  thread.o(i.App_Interface)
    i.CPU_Management                         0x0000046c   Section        0  thread.o(i.CPU_Management)
    i.Device_Management                      0x00000598   Section        0  thread.o(i.Device_Management)
    i.GLCD_DisplayChar                       0x000006b4   Section        0  glcd_spi_lpc1700.o(i.GLCD_DisplayChar)
    i.GLCD_DisplayString                     0x00000710   Section        0  glcd_spi_lpc1700.o(i.GLCD_DisplayString)
    i.GLCD_DrawChar                          0x00000738   Section        0  glcd_spi_lpc1700.o(i.GLCD_DrawChar)
    i.GLCD_Init                              0x000007d4   Section        0  glcd_spi_lpc1700.o(i.GLCD_Init)
    i.GLCD_SetTextColor                      0x00000dbc   Section        0  glcd_spi_lpc1700.o(i.GLCD_SetTextColor)
    i.GLCD_SetWindow                         0x00000dc8   Section        0  glcd_spi_lpc1700.o(i.GLCD_SetWindow)
    i.GLCD_WindowMax                         0x00000e74   Section        0  glcd_spi_lpc1700.o(i.GLCD_WindowMax)
    i.GPIO_PinWrite                          0x00000e88   Section        0  gpio_lpc17xx.o(i.GPIO_PinWrite)
    i.GPIO_PortClock                         0x00000eb0   Section        0  gpio_lpc17xx.o(i.GPIO_PortClock)
    i.GPIO_SetDir                            0x00000edc   Section        0  gpio_lpc17xx.o(i.GPIO_SetDir)
    i.Init_Thread                            0x00000f14   Section        0  thread.o(i.Init_Thread)
    i.LED_Initialize                         0x00000f9c   Section        0  led_mcb1700.o(i.LED_Initialize)
    i.LED_Off                                0x00000ff8   Section        0  led_mcb1700.o(i.LED_Off)
    i.LED_On                                 0x00001024   Section        0  led_mcb1700.o(i.LED_On)
    i.Memory_Management                      0x00001050   Section        0  thread.o(i.Memory_Management)
    i.PIN_Configure                          0x0000118c   Section        0  pin_lpc17xx.o(i.PIN_Configure)
    i.SystemInit                             0x00001288   Section        0  system_lpc17xx.o(i.SystemInit)
    i.User_Interface                         0x000013c8   Section        0  thread.o(i.User_Interface)
    i.__scatterload_copy                     0x00001480   Section       14  handlers.o(i.__scatterload_copy)
    i.__scatterload_zeroinit                 0x0000148e   Section       14  handlers.o(i.__scatterload_zeroinit)
    i._init_box                              0x0000149c   Section        0  rt_membox.o(i._init_box)
    i.dbg_init                               0x000014e4   Section        0  hal_cm.o(i.dbg_init)
    i.dbg_task_notify                        0x00001514   Section        0  hal_cm.o(i.dbg_task_notify)
    i.dbg_task_switch                        0x00001534   Section        0  hal_cm.o(i.dbg_task_switch)
    i.delay                                  0x00001544   Section        0  glcd_spi_lpc1700.o(i.delay)
    delay                                    0x00001545   Thumb Code    14  glcd_spi_lpc1700.o(i.delay)
    i.isrMessageGet                          0x00001552   Section        0  rt_cmsis.o(i.isrMessageGet)
    i.isrMessagePut                          0x0000157c   Section        0  rt_cmsis.o(i.isrMessagePut)
    i.isrSignalSet                           0x000015a8   Section        0  rt_cmsis.o(i.isrSignalSet)
    i.isr_evt_set                            0x000015cc   Section        0  rt_event.o(i.isr_evt_set)
    i.isr_mbx_receive                        0x000015f4   Section        0  rt_mailbox.o(i.isr_mbx_receive)
    i.isr_mbx_send                           0x0000164a   Section        0  rt_mailbox.o(i.isr_mbx_send)
    i.main                                   0x00001658   Section        0  main.o(i.main)
    i.osDelay                                0x000016e8   Section        0  rt_cmsis.o(i.osDelay)
    i.osKernelInitialize                     0x00001700   Section        0  rt_cmsis.o(i.osKernelInitialize)
    i.osKernelStart                          0x00001724   Section        0  rt_cmsis.o(i.osKernelStart)
    i.osMessageGet                           0x00001790   Section        0  rt_cmsis.o(i.osMessageGet)
    i.osMutexCreate                          0x000017a8   Section        0  rt_cmsis.o(i.osMutexCreate)
    i.osMutexRelease                         0x000017d4   Section        0  rt_cmsis.o(i.osMutexRelease)
    i.osMutexWait                            0x000017ec   Section        0  rt_cmsis.o(i.osMutexWait)
    i.osSignalSet                            0x00001804   Section        0  rt_cmsis.o(i.osSignalSet)
    i.osSignalWait                           0x0000181c   Section        0  rt_cmsis.o(i.osSignalWait)
    i.osThreadCreate                         0x00001834   Section        0  rt_cmsis.o(i.osThreadCreate)
    i.osThreadExit                           0x00001860   Section        0  rt_cmsis.o(i.osThreadExit)
    i.osThreadTerminate                      0x00001878   Section        0  rt_cmsis.o(i.osThreadTerminate)
    i.osTimerCall                            0x00001890   Section        0  rt_cmsis.o(i.osTimerCall)
    i.osTimerThread                          0x0000189c   Section        0  rt_cmsis.o(i.osTimerThread)
    i.os_error                               0x000018c8   Section        0  rtx_conf_cm.o(i.os_error)
    i.os_idle_demon                          0x000018ec   Section        0  rtx_conf_cm.o(i.os_idle_demon)
    i.os_tick_init                           0x00001900   Section        0  rt_system.o(i.os_tick_init)
    i.rd_id_man                              0x00001928   Section        0  glcd_spi_lpc1700.o(i.rd_id_man)
    rd_id_man                                0x00001929   Thumb Code   132  glcd_spi_lpc1700.o(i.rd_id_man)
    i.rd_reg                                 0x000019b4   Section        0  glcd_spi_lpc1700.o(i.rd_reg)
    rd_reg                                   0x000019b5   Thumb Code    66  glcd_spi_lpc1700.o(i.rd_reg)
    i.rt_alloc_box                           0x000019fc   Section        0  rt_membox.o(i.rt_alloc_box)
    i.rt_alloc_mem                           0x00001a16   Section        0  rt_memory.o(i.rt_alloc_mem)
    i.rt_block                               0x00001a54   Section        0  rt_task.o(i.rt_block)
    i.rt_chk_robin                           0x00001a8c   Section        0  rtx_conf_cm.o(i.rt_chk_robin)
    i.rt_dec_dly                             0x00001a90   Section        0  rt_list.o(i.rt_dec_dly)
    i.rt_dispatch                            0x00001b00   Section        0  rt_task.o(i.rt_dispatch)
    i.rt_dly_wait                            0x00001b44   Section        0  rt_time.o(i.rt_dly_wait)
    i.rt_evt_psh                             0x00001b4c   Section        0  rt_event.o(i.rt_evt_psh)
    i.rt_evt_set                             0x00001b9c   Section        0  rt_event.o(i.rt_evt_set)
    i.rt_evt_wait                            0x00001bf8   Section        0  rt_event.o(i.rt_evt_wait)
    i.rt_free_box                            0x00001c34   Section        0  rt_membox.o(i.rt_free_box)
    i.rt_free_mem                            0x00001c60   Section        0  rt_memory.o(i.rt_free_mem)
    i.rt_get_first                           0x00001c88   Section        0  rt_list.o(i.rt_get_first)
    i.rt_id2obj                              0x00001cb0   Section        0  rt_cmsis.o(i.rt_id2obj)
    rt_id2obj                                0x00001cb1   Thumb Code     8  rt_cmsis.o(i.rt_id2obj)
    i.rt_init_context                        0x00001cb8   Section        0  rt_task.o(i.rt_init_context)
    rt_init_context                          0x00001cb9   Thumb Code    66  rt_task.o(i.rt_init_context)
    i.rt_init_mem                            0x00001d00   Section        0  rt_memory.o(i.rt_init_mem)
    i.rt_init_robin                          0x00001d1a   Section        0  rtx_conf_cm.o(i.rt_init_robin)
    i.rt_init_stack                          0x00001d1c   Section        0  hal_cm.o(i.rt_init_stack)
    i.rt_mbx_check                           0x00001d9c   Section        0  rt_mailbox.o(i.rt_mbx_check)
    i.rt_mbx_init                            0x00001da4   Section        0  rt_mailbox.o(i.rt_mbx_init)
    i.rt_mbx_psh                             0x00001dc0   Section        0  rt_mailbox.o(i.rt_mbx_psh)
    i.rt_mbx_wait                            0x00001eb0   Section        0  rt_mailbox.o(i.rt_mbx_wait)
    i.rt_ms2tick                             0x00001f64   Section        0  rt_cmsis.o(i.rt_ms2tick)
    rt_ms2tick                               0x00001f65   Thumb Code    58  rt_cmsis.o(i.rt_ms2tick)
    i.rt_mut_init                            0x00001fa8   Section        0  rt_mutex.o(i.rt_mut_init)
    i.rt_mut_release                         0x00001fb8   Section        0  rt_mutex.o(i.rt_mut_release)
    i.rt_mut_wait                            0x00002090   Section        0  rt_mutex.o(i.rt_mut_wait)
    i.rt_pop_req                             0x00002108   Section        0  rt_system.o(i.rt_pop_req)
    i.rt_psh_req                             0x00002184   Section        0  rt_system.o(i.rt_psh_req)
    i.rt_psq_enq                             0x000021a4   Section        0  rt_list.o(i.rt_psq_enq)
    i.rt_put_dly                             0x00002200   Section        0  rt_list.o(i.rt_put_dly)
    i.rt_put_prio                            0x00002248   Section        0  rt_list.o(i.rt_put_prio)
    i.rt_put_rdy_first                       0x00002280   Section        0  rt_list.o(i.rt_put_rdy_first)
    i.rt_resort_prio                         0x00002294   Section        0  rt_list.o(i.rt_resort_prio)
    i.rt_ret_val                             0x000022c8   Section        0  hal_cm.o(i.rt_ret_val)
    i.rt_ret_val2                            0x000022ce   Section        0  hal_cm.o(i.rt_ret_val2)
    i.rt_rmv_dly                             0x000022d6   Section        0  rt_list.o(i.rt_rmv_dly)
    i.rt_rmv_list                            0x00002300   Section        0  rt_list.o(i.rt_rmv_list)
    i.rt_sem_psh                             0x00002330   Section        0  rt_semaphore.o(i.rt_sem_psh)
    i.rt_stk_check                           0x00002364   Section        0  rt_system.o(i.rt_stk_check)
    i.rt_switch_req                          0x00002388   Section        0  rt_task.o(i.rt_switch_req)
    i.rt_sys_init                            0x000023b0   Section        0  rt_task.o(i.rt_sys_init)
    i.rt_sys_start                           0x0000247c   Section        0  rt_task.o(i.rt_sys_start)
    i.rt_systick                             0x000024f4   Section        0  rt_system.o(i.rt_systick)
    i.rt_tid2ptcb                            0x00002534   Section        0  rt_cmsis.o(i.rt_tid2ptcb)
    rt_tid2ptcb                              0x00002535   Thumb Code    18  rt_cmsis.o(i.rt_tid2ptcb)
    i.rt_timer_insert                        0x00002548   Section        0  rt_cmsis.o(i.rt_timer_insert)
    rt_timer_insert                          0x00002549   Thumb Code    48  rt_cmsis.o(i.rt_timer_insert)
    i.rt_tsk_create                          0x0000257c   Section        0  rt_task.o(i.rt_tsk_create)
    i.rt_tsk_delete                          0x00002604   Section        0  rt_task.o(i.rt_tsk_delete)
    i.rt_tsk_prio                            0x00002780   Section        0  rt_task.o(i.rt_tsk_prio)
    i.rt_tsk_self                            0x000027fc   Section        0  rt_task.o(i.rt_tsk_self)
    i.spi_tran                               0x0000280c   Section        0  glcd_spi_lpc1700.o(i.spi_tran)
    spi_tran                                 0x0000280d   Thumb Code    28  glcd_spi_lpc1700.o(i.spi_tran)
    i.spi_tran_man                           0x0000282c   Section        0  glcd_spi_lpc1700.o(i.spi_tran_man)
    spi_tran_man                             0x0000282d   Thumb Code   124  glcd_spi_lpc1700.o(i.spi_tran_man)
    i.svcDelay                               0x000028ac   Section        0  rt_cmsis.o(i.svcDelay)
    i.svcKernelInitialize                    0x000028c0   Section        0  rt_cmsis.o(i.svcKernelInitialize)
    i.svcKernelStart                         0x00002930   Section        0  rt_cmsis.o(i.svcKernelStart)
    i.svcMessageCreate                       0x00002978   Section        0  rt_cmsis.o(i.svcMessageCreate)
    i.svcMessageGet                          0x0000299c   Section        0  rt_cmsis.o(i.svcMessageGet)
    i.svcMutexCreate                         0x000029d6   Section        0  rt_cmsis.o(i.svcMutexCreate)
    i.svcMutexRelease                        0x000029f2   Section        0  rt_cmsis.o(i.svcMutexRelease)
    i.svcMutexWait                           0x00002a14   Section        0  rt_cmsis.o(i.svcMutexWait)
    i.svcSignalSet                           0x00002a4e   Section        0  rt_cmsis.o(i.svcSignalSet)
    i.svcSignalWait                          0x00002a74   Section        0  rt_cmsis.o(i.svcSignalWait)
    i.svcThreadCreate                        0x00002ac8   Section        0  rt_cmsis.o(i.svcThreadCreate)
    i.svcThreadGetId                         0x00002b34   Section        0  rt_cmsis.o(i.svcThreadGetId)
    i.svcThreadTerminate                     0x00002b50   Section        0  rt_cmsis.o(i.svcThreadTerminate)
    i.svcTimerCall                           0x00002b88   Section        0  rt_cmsis.o(i.svcTimerCall)
    i.sysTimerTick                           0x00002ba0   Section        0  rt_cmsis.o(i.sysTimerTick)
    i.wr_cmd                                 0x00002bfc   Section        0  glcd_spi_lpc1700.o(i.wr_cmd)
    wr_cmd                                   0x00002bfd   Thumb Code    36  glcd_spi_lpc1700.o(i.wr_cmd)
    i.wr_dat                                 0x00002c24   Section        0  glcd_spi_lpc1700.o(i.wr_dat)
    wr_dat                                   0x00002c25   Thumb Code    36  glcd_spi_lpc1700.o(i.wr_dat)
    i.wr_dat_only                            0x00002c4c   Section        0  glcd_spi_lpc1700.o(i.wr_dat_only)
    wr_dat_only                              0x00002c4d   Thumb Code    18  glcd_spi_lpc1700.o(i.wr_dat_only)
    i.wr_dat_start                           0x00002c60   Section        0  glcd_spi_lpc1700.o(i.wr_dat_start)
    wr_dat_start                             0x00002c61   Thumb Code    16  glcd_spi_lpc1700.o(i.wr_dat_start)
    i.wr_dat_stop                            0x00002c74   Section        0  glcd_spi_lpc1700.o(i.wr_dat_stop)
    wr_dat_stop                              0x00002c75   Thumb Code     8  glcd_spi_lpc1700.o(i.wr_dat_stop)
    i.wr_reg                                 0x00002c80   Section        0  glcd_spi_lpc1700.o(i.wr_reg)
    wr_reg                                   0x00002c81   Thumb Code    20  glcd_spi_lpc1700.o(i.wr_reg)
    .constdata                               0x00002c94   Section       84  thread.o(.constdata)
    .constdata                               0x00002ce8   Section     6272  glcd_spi_lpc1700.o(.constdata)
    .constdata                               0x00004568   Section       16  led_mcb1700.o(.constdata)
    LED_PIN                                  0x00004568   Data          16  led_mcb1700.o(.constdata)
    .constdata                               0x00004578   Section      104  rtx_conf_cm.o(.constdata)
    __tagsym$$used                           0x00004594   Number         0  rtx_conf_cm.o(.constdata)
    __tagsym$$used                           0x00004598   Number         0  rtx_conf_cm.o(.constdata)
    __tagsym$$used                           0x0000459c   Number         0  rtx_conf_cm.o(.constdata)
    __tagsym$$used                           0x000045a0   Number         0  rtx_conf_cm.o(.constdata)
    .data                                    0x10000000   Section       72  thread.o(.data)
    .data                                    0x10000048   Section        5  glcd_spi_lpc1700.o(.data)
    Color                                    0x10000048   Data           4  glcd_spi_lpc1700.o(.data)
    Himax                                    0x1000004c   Data           1  glcd_spi_lpc1700.o(.data)
    .data                                    0x10000050   Section       20  rtx_conf_cm.o(.data)
    .data                                    0x10000064   Section        8  rt_cmsis.o(.data)
    .data                                    0x1000006c   Section        8  rt_task.o(.data)
    .data                                    0x10000074   Section        8  rt_system.o(.data)
    os_lock                                  0x10000074   Data           1  rt_system.o(.data)
    os_psh_flag                              0x10000075   Data           1  rt_system.o(.data)
    pend_flags                               0x10000076   Data           1  rt_system.o(.data)
    .data                                    0x1000007c   Section        4  rt_time.o(.data)
    .data                                    0x10000080   Section        1  hal_cm.o(.data)
    .bss                                     0x10000084   Section      144  thread.o(.bss)
    .bss                                     0x10000118   Section     6416  rtx_conf_cm.o(.bss)
    .bss                                     0x10001a28   Section       52  rt_task.o(.bss)
    .bss                                     0x10001a5c   Section       48  rt_list.o(.bss)
    STACK                                    0x10001a90   Section      512  startup_lpc17xx.o(STACK)

    Global Symbols

    Symbol Name                              Value     Ov Type        Size  Object(Section)

    BuildAttributes$$THM_ISAv4$P$D$K$B$S$PE$A:L22UL41UL21$X:L11$S22US41US21$IEEE1$IW$USESV6$~STKCKD$USESV7$~SHL$OSPACE$EBA8$MICROLIB$REQ8$PRES8$EABIv2 0x00000000   Number         0  anon$$obj.o ABSOLUTE
    __ARM_use_no_argv                        0x00000000   Number         0  main.o ABSOLUTE
    __Vectors                                0x00000000   Data           4  startup_lpc17xx.o(RESET)
    __arm_fini_                               - Undefined Weak Reference
    __cpp_initialize__aeabi_                  - Undefined Weak Reference
    __cxa_finalize                            - Undefined Weak Reference
    __decompress                              - Undefined Weak Reference
    _clock_init                               - Undefined Weak Reference
    _microlib_exit                            - Undefined Weak Reference
    __main                                   0x000000cd   Thumb Code     0  entry.o(.ARM.Collect$$$$00000000)
    _main_stk                                0x000000cd   Thumb Code     0  entry2.o(.ARM.Collect$$$$00000001)
    _main_scatterload                        0x000000d1   Thumb Code     0  entry5.o(.ARM.Collect$$$$00000004)
    __main_after_scatterload                 0x000000d5   Thumb Code     0  entry5.o(.ARM.Collect$$$$00000004)
    __rt_lib_shutdown_fini                   0x000000d5   Thumb Code     0  entry12b.o(.ARM.Collect$$$$0000000E)
    _main_clock                              0x000000d5   Thumb Code     0  entry7b.o(.ARM.Collect$$$$00000008)
    _main_cpp_init                           0x000000d5   Thumb Code     0  entry8b.o(.ARM.Collect$$$$0000000A)
    __rt_final_cpp                           0x000000d9   Thumb Code     0  entry10a.o(.ARM.Collect$$$$0000000F)
    __rt_final_exit                          0x000000d9   Thumb Code     0  entry11a.o(.ARM.Collect$$$$00000011)
    _main_init                               0x000000d9   Thumb Code    18  rtx_conf_cm.o(.ARM.Collect$$$$000000FF)
    rt_set_PSP                               0x000000f5   Thumb Code     6  hal_cm3.o(.emb_text)
    rt_get_PSP                               0x000000fb   Thumb Code     6  hal_cm3.o(.emb_text)
    os_set_env                               0x00000101   Thumb Code    24  hal_cm3.o(.emb_text)
    _alloc_box                               0x0000011d   Thumb Code    28  hal_cm3.o(.emb_text)
    _free_box                                0x0000013d   Thumb Code    28  hal_cm3.o(.emb_text)
    SVC_Handler                              0x0000015d   Thumb Code   108  hal_cm3.o(.emb_text)
    PendSV_Handler                           0x000001d5   Thumb Code    56  hal_cm3.o(.emb_text)
    SysTick_Handler                          0x00000211   Thumb Code     8  hal_cm3.o(.emb_text)
    OS_Tick_Handler                          0x00000219   Thumb Code    12  hal_cm3.o(.emb_text)
    Reset_Handler                            0x00000225   Thumb Code     8  startup_lpc17xx.o(.text)
    NMI_Handler                              0x0000022d   Thumb Code     2  startup_lpc17xx.o(.text)
    HardFault_Handler                        0x0000022f   Thumb Code     2  startup_lpc17xx.o(.text)
    MemManage_Handler                        0x00000231   Thumb Code     2  startup_lpc17xx.o(.text)
    BusFault_Handler                         0x00000233   Thumb Code     2  startup_lpc17xx.o(.text)
    UsageFault_Handler                       0x00000235   Thumb Code     2  startup_lpc17xx.o(.text)
    DebugMon_Handler                         0x00000239   Thumb Code     2  startup_lpc17xx.o(.text)
    ADC_IRQHandler                           0x0000023f   Thumb Code     0  startup_lpc17xx.o(.text)
    BOD_IRQHandler                           0x0000023f   Thumb Code     0  startup_lpc17xx.o(.text)
    CANActivity_IRQHandler                   0x0000023f   Thumb Code     0  startup_lpc17xx.o(.text)
    CAN_IRQHandler                           0x0000023f   Thumb Code     0  startup_lpc17xx.o(.text)
    DMA_IRQHandler                           0x0000023f   Thumb Code     0  startup_lpc17xx.o(.text)
    EINT0_IRQHandler                         0x0000023f   Thumb Code     0  startup_lpc17xx.o(.text)
    EINT1_IRQHandler                         0x0000023f   Thumb Code     0  startup_lpc17xx.o(.text)
    EINT2_IRQHandler                         0x0000023f   Thumb Code     0  startup_lpc17xx.o(.text)
    EINT3_IRQHandler                         0x0000023f   Thumb Code     0  startup_lpc17xx.o(.text)
    ENET_IRQHandler                          0x0000023f   Thumb Code     0  startup_lpc17xx.o(.text)
    I2C0_IRQHandler                          0x0000023f   Thumb Code     0  startup_lpc17xx.o(.text)
    I2C1_IRQHandler                          0x0000023f   Thumb Code     0  startup_lpc17xx.o(.text)
    I2C2_IRQHandler                          0x0000023f   Thumb Code     0  startup_lpc17xx.o(.text)
    I2S_IRQHandler                           0x0000023f   Thumb Code     0  startup_lpc17xx.o(.text)
    MCPWM_IRQHandler                         0x0000023f   Thumb Code     0  startup_lpc17xx.o(.text)
    PLL0_IRQHandler                          0x0000023f   Thumb Code     0  startup_lpc17xx.o(.text)
    PLL1_IRQHandler                          0x0000023f   Thumb Code     0  startup_lpc17xx.o(.text)
    PWM1_IRQHandler                          0x0000023f   Thumb Code     0  startup_lpc17xx.o(.text)
    QEI_IRQHandler                           0x0000023f   Thumb Code     0  startup_lpc17xx.o(.text)
    RIT_IRQHandler                           0x0000023f   Thumb Code     0  startup_lpc17xx.o(.text)
    RTC_IRQHandler                           0x0000023f   Thumb Code     0  startup_lpc17xx.o(.text)
    SPI_IRQHandler                           0x0000023f   Thumb Code     0  startup_lpc17xx.o(.text)
    SSP0_IRQHandler                          0x0000023f   Thumb Code     0  startup_lpc17xx.o(.text)
    SSP1_IRQHandler                          0x0000023f   Thumb Code     0  startup_lpc17xx.o(.text)
    TIMER0_IRQHandler                        0x0000023f   Thumb Code     0  startup_lpc17xx.o(.text)
    TIMER1_IRQHandler                        0x0000023f   Thumb Code     0  startup_lpc17xx.o(.text)
    TIMER2_IRQHandler                        0x0000023f   Thumb Code     0  startup_lpc17xx.o(.text)
    TIMER3_IRQHandler                        0x0000023f   Thumb Code     0  startup_lpc17xx.o(.text)
    UART0_IRQHandler                         0x0000023f   Thumb Code     0  startup_lpc17xx.o(.text)
    UART1_IRQHandler                         0x0000023f   Thumb Code     0  startup_lpc17xx.o(.text)
    UART2_IRQHandler                         0x0000023f   Thumb Code     0  startup_lpc17xx.o(.text)
    UART3_IRQHandler                         0x0000023f   Thumb Code     0  startup_lpc17xx.o(.text)
    USBActivity_IRQHandler                   0x0000023f   Thumb Code     0  startup_lpc17xx.o(.text)
    USB_IRQHandler                           0x0000023f   Thumb Code     0  startup_lpc17xx.o(.text)
    WDT_IRQHandler                           0x0000023f   Thumb Code     0  startup_lpc17xx.o(.text)
    strncpy                                  0x00000249   Thumb Code    24  strncpy.o(.text)
    strlen                                   0x00000261   Thumb Code    14  strlen.o(.text)
    strncat                                  0x0000026f   Thumb Code    40  strncat.o(.text)
    __scatterload                            0x00000299   Thumb Code    28  init.o(.text)
    __scatterload_rt2                        0x00000299   Thumb Code     0  init.o(.text)
    SVC_Count                                0x000002bc   Data           4  svc_table.o(SVC_TABLE)
    GLCD_Clear                               0x000002c1   Thumb Code    42  glcd_spi_lpc1700.o(i.GLCD_Clear)
    SVC_Table                                0x000002c0   Data           0  svc_table.o(SVC_TABLE)
    GLCD_SetBackColor                        0x000002ed   Thumb Code     6  glcd_spi_lpc1700.o(i.GLCD_SetBackColor)
    __scatterload_null                       0x000002f9   Thumb Code     2  handlers.o(i.__scatterload_null)
    os_tick_irqack                           0x000002fb   Thumb Code     2  rt_system.o(i.os_tick_irqack)
    App_Interface                            0x00000301   Thumb Code   258  thread.o(i.App_Interface)
    CPU_Management                           0x0000046d   Thumb Code   226  thread.o(i.CPU_Management)
    __RL_RTX_VER                             0x00000482   Number         0  rt_system.o ABSOLUTE
    Device_Management                        0x00000599   Thumb Code   194  thread.o(i.Device_Management)
    GLCD_DisplayChar                         0x000006b5   Thumb Code    84  glcd_spi_lpc1700.o(i.GLCD_DisplayChar)
    GLCD_DisplayString                       0x00000711   Thumb Code    40  glcd_spi_lpc1700.o(i.GLCD_DisplayString)
    GLCD_DrawChar                            0x00000739   Thumb Code   150  glcd_spi_lpc1700.o(i.GLCD_DrawChar)
    GLCD_Init                                0x000007d5   Thumb Code  1506  glcd_spi_lpc1700.o(i.GLCD_Init)
    GLCD_SetTextColor                        0x00000dbd   Thumb Code     6  glcd_spi_lpc1700.o(i.GLCD_SetTextColor)
    GLCD_SetWindow                           0x00000dc9   Thumb Code   168  glcd_spi_lpc1700.o(i.GLCD_SetWindow)
    GLCD_WindowMax                           0x00000e75   Thumb Code    18  glcd_spi_lpc1700.o(i.GLCD_WindowMax)
    GPIO_PinWrite                            0x00000e89   Thumb Code    36  gpio_lpc17xx.o(i.GPIO_PinWrite)
    GPIO_PortClock                           0x00000eb1   Thumb Code    38  gpio_lpc17xx.o(i.GPIO_PortClock)
    GPIO_SetDir                              0x00000edd   Thumb Code    52  gpio_lpc17xx.o(i.GPIO_SetDir)
    Init_Thread                              0x00000f15   Thumb Code    88  thread.o(i.Init_Thread)
    LED_Initialize                           0x00000f9d   Thumb Code    88  led_mcb1700.o(i.LED_Initialize)
    LED_Off                                  0x00000ff9   Thumb Code    40  led_mcb1700.o(i.LED_Off)
    LED_On                                   0x00001025   Thumb Code    40  led_mcb1700.o(i.LED_On)
    Memory_Management                        0x00001051   Thumb Code   234  thread.o(i.Memory_Management)
    PIN_Configure                            0x0000118d   Thumb Code   246  pin_lpc17xx.o(i.PIN_Configure)
    SystemInit                               0x00001289   Thumb Code   302  system_lpc17xx.o(i.SystemInit)
    User_Interface                           0x000013c9   Thumb Code   122  thread.o(i.User_Interface)
    __scatterload_copy                       0x00001481   Thumb Code    14  handlers.o(i.__scatterload_copy)
    __scatterload_zeroinit                   0x0000148f   Thumb Code    14  handlers.o(i.__scatterload_zeroinit)
    _init_box                                0x0000149d   Thumb Code    70  rt_membox.o(i._init_box)
    dbg_init                                 0x000014e5   Thumb Code    34  hal_cm.o(i.dbg_init)
    dbg_task_notify                          0x00001515   Thumb Code    32  hal_cm.o(i.dbg_task_notify)
    dbg_task_switch                          0x00001535   Thumb Code    16  hal_cm.o(i.dbg_task_switch)
    isrMessageGet                            0x00001553   Thumb Code    42  rt_cmsis.o(i.isrMessageGet)
    isrMessagePut                            0x0000157d   Thumb Code    44  rt_cmsis.o(i.isrMessagePut)
    isrSignalSet                             0x000015a9   Thumb Code    36  rt_cmsis.o(i.isrSignalSet)
    isr_evt_set                              0x000015cd   Thumb Code    34  rt_event.o(i.isr_evt_set)
    isr_mbx_receive                          0x000015f5   Thumb Code    86  rt_mailbox.o(i.isr_mbx_receive)
    isr_mbx_send                             0x0000164b   Thumb Code    14  rt_mailbox.o(i.isr_mbx_send)
    main                                     0x00001659   Thumb Code    94  main.o(i.main)
    osDelay                                  0x000016e9   Thumb Code    18  rt_cmsis.o(i.osDelay)
    osKernelInitialize                       0x00001701   Thumb Code    30  rt_cmsis.o(i.osKernelInitialize)
    osKernelStart                            0x00001725   Thumb Code    98  rt_cmsis.o(i.osKernelStart)
    osMessageGet                             0x00001791   Thumb Code    18  rt_cmsis.o(i.osMessageGet)
    osMutexCreate                            0x000017a9   Thumb Code    36  rt_cmsis.o(i.osMutexCreate)
    osMutexRelease                           0x000017d5   Thumb Code    18  rt_cmsis.o(i.osMutexRelease)
    osMutexWait                              0x000017ed   Thumb Code    18  rt_cmsis.o(i.osMutexWait)
    osSignalSet                              0x00001805   Thumb Code    18  rt_cmsis.o(i.osSignalSet)
    osSignalWait                             0x0000181d   Thumb Code    18  rt_cmsis.o(i.osSignalWait)
    osThreadCreate                           0x00001835   Thumb Code    36  rt_cmsis.o(i.osThreadCreate)
    osThreadExit                             0x00001861   Thumb Code    14  rt_cmsis.o(i.osThreadExit)
    osThreadTerminate                        0x00001879   Thumb Code    18  rt_cmsis.o(i.osThreadTerminate)
    osTimerCall                              0x00001891   Thumb Code     8  rt_cmsis.o(i.osTimerCall)
    osTimerThread                            0x0000189d   Thumb Code    38  rt_cmsis.o(i.osTimerThread)
    os_error                                 0x000018c9   Thumb Code    34  rtx_conf_cm.o(i.os_error)
    os_idle_demon                            0x000018ed   Thumb Code    14  rtx_conf_cm.o(i.os_idle_demon)
    os_tick_init                             0x00001901   Thumb Code    32  rt_system.o(i.os_tick_init)
    rt_alloc_box                             0x000019fd   Thumb Code    26  rt_membox.o(i.rt_alloc_box)
    rt_alloc_mem                             0x00001a17   Thumb Code    62  rt_memory.o(i.rt_alloc_mem)
    rt_block                                 0x00001a55   Thumb Code    48  rt_task.o(i.rt_block)
    rt_chk_robin                             0x00001a8d   Thumb Code     2  rtx_conf_cm.o(i.rt_chk_robin)
    rt_dec_dly                               0x00001a91   Thumb Code   102  rt_list.o(i.rt_dec_dly)
    rt_dispatch                              0x00001b01   Thumb Code    60  rt_task.o(i.rt_dispatch)
    rt_dly_wait                              0x00001b45   Thumb Code     6  rt_time.o(i.rt_dly_wait)
    rt_evt_psh                               0x00001b4d   Thumb Code    76  rt_event.o(i.rt_evt_psh)
    rt_evt_set                               0x00001b9d   Thumb Code    88  rt_event.o(i.rt_evt_set)
    rt_evt_wait                              0x00001bf9   Thumb Code    56  rt_event.o(i.rt_evt_wait)
    rt_free_box                              0x00001c35   Thumb Code    44  rt_membox.o(i.rt_free_box)
    rt_free_mem                              0x00001c61   Thumb Code    40  rt_memory.o(i.rt_free_mem)
    rt_get_first                             0x00001c89   Thumb Code    40  rt_list.o(i.rt_get_first)
    rt_init_mem                              0x00001d01   Thumb Code    26  rt_memory.o(i.rt_init_mem)
    rt_init_robin                            0x00001d1b   Thumb Code     2  rtx_conf_cm.o(i.rt_init_robin)
    rt_init_stack                            0x00001d1d   Thumb Code   118  hal_cm.o(i.rt_init_stack)
    rt_mbx_check                             0x00001d9d   Thumb Code     8  rt_mailbox.o(i.rt_mbx_check)
    rt_mbx_init                              0x00001da5   Thumb Code    26  rt_mailbox.o(i.rt_mbx_init)
    rt_mbx_psh                               0x00001dc1   Thumb Code   236  rt_mailbox.o(i.rt_mbx_psh)
    rt_mbx_wait                              0x00001eb1   Thumb Code   174  rt_mailbox.o(i.rt_mbx_wait)
    rt_mut_init                              0x00001fa9   Thumb Code    16  rt_mutex.o(i.rt_mut_init)
    rt_mut_release                           0x00001fb9   Thumb Code   208  rt_mutex.o(i.rt_mut_release)
    rt_mut_wait                              0x00002091   Thumb Code   114  rt_mutex.o(i.rt_mut_wait)
    rt_pop_req                               0x00002109   Thumb Code   112  rt_system.o(i.rt_pop_req)
    rt_psh_req                               0x00002185   Thumb Code    22  rt_system.o(i.rt_psh_req)
    rt_psq_enq                               0x000021a5   Thumb Code    88  rt_list.o(i.rt_psq_enq)
    rt_put_dly                               0x00002201   Thumb Code    68  rt_list.o(i.rt_put_dly)
    rt_put_prio                              0x00002249   Thumb Code    54  rt_list.o(i.rt_put_prio)
    rt_put_rdy_first                         0x00002281   Thumb Code    14  rt_list.o(i.rt_put_rdy_first)
    rt_resort_prio                           0x00002295   Thumb Code    46  rt_list.o(i.rt_resort_prio)
    rt_ret_val                               0x000022c9   Thumb Code     6  hal_cm.o(i.rt_ret_val)
    rt_ret_val2                              0x000022cf   Thumb Code     8  hal_cm.o(i.rt_ret_val2)
    rt_rmv_dly                               0x000022d7   Thumb Code    40  rt_list.o(i.rt_rmv_dly)
    rt_rmv_list                              0x00002301   Thumb Code    44  rt_list.o(i.rt_rmv_list)
    rt_sem_psh                               0x00002331   Thumb Code    48  rt_semaphore.o(i.rt_sem_psh)
    rt_stk_check                             0x00002365   Thumb Code    28  rt_system.o(i.rt_stk_check)
    rt_switch_req                            0x00002389   Thumb Code    30  rt_task.o(i.rt_switch_req)
    rt_sys_init                              0x000023b1   Thumb Code   138  rt_task.o(i.rt_sys_init)
    rt_sys_start                             0x0000247d   Thumb Code   110  rt_task.o(i.rt_sys_start)
    rt_systick                               0x000024f5   Thumb Code    50  rt_system.o(i.rt_systick)
    rt_tsk_create                            0x0000257d   Thumb Code   118  rt_task.o(i.rt_tsk_create)
    rt_tsk_delete                            0x00002605   Thumb Code   352  rt_task.o(i.rt_tsk_delete)
    rt_tsk_prio                              0x00002781   Thumb Code   108  rt_task.o(i.rt_tsk_prio)
    rt_tsk_self                              0x000027fd   Thumb Code    12  rt_task.o(i.rt_tsk_self)
    svcDelay                                 0x000028ad   Thumb Code    18  rt_cmsis.o(i.svcDelay)
    svcKernelInitialize                      0x000028c1   Thumb Code    80  rt_cmsis.o(i.svcKernelInitialize)
    svcKernelStart                           0x00002931   Thumb Code    62  rt_cmsis.o(i.svcKernelStart)
    svcMessageCreate                         0x00002979   Thumb Code    36  rt_cmsis.o(i.svcMessageCreate)
    svcMessageGet                            0x0000299d   Thumb Code    58  rt_cmsis.o(i.svcMessageGet)
    svcMutexCreate                           0x000029d7   Thumb Code    28  rt_cmsis.o(i.svcMutexCreate)
    svcMutexRelease                          0x000029f3   Thumb Code    34  rt_cmsis.o(i.svcMutexRelease)
    svcMutexWait                             0x00002a15   Thumb Code    58  rt_cmsis.o(i.svcMutexWait)
    svcSignalSet                             0x00002a4f   Thumb Code    36  rt_cmsis.o(i.svcSignalSet)
    svcSignalWait                            0x00002a75   Thumb Code    80  rt_cmsis.o(i.svcSignalWait)
    svcThreadCreate                          0x00002ac9   Thumb Code    96  rt_cmsis.o(i.svcThreadCreate)
    svcThreadGetId                           0x00002b35   Thumb Code    22  rt_cmsis.o(i.svcThreadGetId)
    svcThreadTerminate                       0x00002b51   Thumb Code    50  rt_cmsis.o(i.svcThreadTerminate)
    svcTimerCall                             0x00002b89   Thumb Code    24  rt_cmsis.o(i.svcTimerCall)
    sysTimerTick                             0x00002ba1   Thumb Code    84  rt_cmsis.o(i.sysTimerTick)
    os_thread_def_Memory_Management          0x00002c94   Data          16  thread.o(.constdata)
    os_thread_def_CPU_Management             0x00002ca4   Data          16  thread.o(.constdata)
    os_thread_def_App_Interface              0x00002cb4   Data          16  thread.o(.constdata)
    os_thread_def_Device_Management          0x00002cc4   Data          16  thread.o(.constdata)
    os_thread_def_User_Interface             0x00002cd4   Data          16  thread.o(.constdata)
    os_mutex_def_log_lock                    0x00002ce4   Data           4  thread.o(.constdata)
    Font_6x8_h                               0x00002ce8   Data         896  glcd_spi_lpc1700.o(.constdata)
    Font_16x24_h                             0x00003068   Data        5376  glcd_spi_lpc1700.o(.constdata)
    os_maxtaskrun                            0x00004578   Data           2  rtx_conf_cm.o(.constdata)
    os_stackinfo                             0x0000457c   Data           4  rtx_conf_cm.o(.constdata)
    os_rrobin                                0x00004580   Data           4  rtx_conf_cm.o(.constdata)
    os_tickfreq                              0x00004584   Data           4  rtx_conf_cm.o(.constdata)
    os_tickus_i                              0x00004588   Data           2  rtx_conf_cm.o(.constdata)
    os_tickus_f                              0x0000458a   Data           2  rtx_conf_cm.o(.constdata)
    os_trv                                   0x0000458c   Data           4  rtx_conf_cm.o(.constdata)
    os_flags                                 0x00004590   Data           1  rtx_conf_cm.o(.constdata)
    CMSIS_RTOS_API_Version                   0x00004594   Data           4  rtx_conf_cm.o(.constdata)
    CMSIS_RTOS_RTX_Version                   0x00004598   Data           4  rtx_conf_cm.o(.constdata)
    os_clockrate                             0x0000459c   Data           4  rtx_conf_cm.o(.constdata)
    os_timernum                              0x000045a0   Data           4  rtx_conf_cm.o(.constdata)
    mp_tcb_size                              0x000045a4   Data           2  rtx_conf_cm.o(.constdata)
    mp_stk_size                              0x000045a8   Data           4  rtx_conf_cm.o(.constdata)
    os_stack_sz                              0x000045ac   Data           4  rtx_conf_cm.o(.constdata)
    os_fifo_size                             0x000045b0   Data           1  rtx_conf_cm.o(.constdata)
    os_thread_def_osTimerThread              0x000045b4   Data          16  rtx_conf_cm.o(.constdata)
    os_messageQ_def_osTimerMessageQ          0x000045c4   Data           8  rtx_conf_cm.o(.constdata)
    mp_tmr_size                              0x000045cc   Data           2  rtx_conf_cm.o(.constdata)
    os_thread_def_main                       0x000045d0   Data          16  rtx_conf_cm.o(.constdata)
    Region$$Table$$Base                      0x000045e0   Number         0  anon$$obj.o(Region$$Table)
    Region$$Table$$Limit                     0x00004600   Number         0  anon$$obj.o(Region$$Table)
    have                                     0x10000000   Data           4  thread.o(.data)
    r1                                       0x10000004   Data           4  thread.o(.data)
    r2                                       0x10000008   Data           4  thread.o(.data)
    r3                                       0x1000000c   Data           4  thread.o(.data)
    bit                                      0x10000010   Data           4  thread.o(.data)
    mm_access_cnt                            0x10000014   Data           4  thread.o(.data)
    cpu_access_cnt                           0x10000018   Data           4  thread.o(.data)
    app_cnt                                  0x1000001c   Data           4  thread.o(.data)
    dev_cnt                                  0x10000020   Data           4  thread.o(.data)
    ui_users                                 0x10000024   Data           4  thread.o(.data)
    current_led                              0x10000028   Data           4  thread.o(.data)
    i                                        0x1000002c   Data           4  thread.o(.data)
    tid_Thread                               0x10000030   Data           4  thread.o(.data)
    tid2_Thread                              0x10000034   Data           4  thread.o(.data)
    tid3_Thread                              0x10000038   Data           4  thread.o(.data)
    tid4_Thread                              0x1000003c   Data           4  thread.o(.data)
    tid5_Thread                              0x10000040   Data           4  thread.o(.data)
    log_lock                                 0x10000044   Data           4  thread.o(.data)
    countIDLE                                0x10000050   Data           4  rtx_conf_cm.o(.data)
    osThreadId_osTimerThread                 0x10000054   Data           4  rtx_conf_cm.o(.data)
    osMessageQId_osTimerMessageQ             0x10000058   Data           4  rtx_conf_cm.o(.data)
    os_tmr                                   0x1000005c   Data           4  rtx_conf_cm.o(.data)
    m_tmr                                    0x10000060   Data           4  rtx_conf_cm.o(.data)
    os_initialized                           0x10000064   Data           1  rt_cmsis.o(.data)
    os_running                               0x10000065   Data           1  rt_cmsis.o(.data)
    os_timer_head                            0x10000068   Data           4  rt_cmsis.o(.data)
    os_tsk                                   0x1000006c   Data           8  rt_task.o(.data)
    os_tick_irqn                             0x10000078   Data           4  rt_system.o(.data)
    os_time                                  0x1000007c   Data           4  rt_time.o(.data)
    dbg_msg                                  0x10000080   Data           1  hal_cm.o(.data)
    logger                                   0x10000084   Data         128  thread.o(.bss)
    os_mutex_cb_log_lock                     0x10000104   Data          16  thread.o(.bss)
    mp_tcb                                   0x10000118   Data         376  rtx_conf_cm.o(.bss)
    mp_stk                                   0x10000290   Data        4816  rtx_conf_cm.o(.bss)
    os_stack_mem                             0x10001560   Data        1032  rtx_conf_cm.o(.bss)
    os_fifo                                  0x10001968   Data         132  rtx_conf_cm.o(.bss)
    os_active_TCB                            0x100019ec   Data          28  rtx_conf_cm.o(.bss)
    os_messageQ_q_osTimerMessageQ            0x10001a08   Data          32  rtx_conf_cm.o(.bss)
    os_idle_TCB                              0x10001a28   Data          52  rt_task.o(.bss)
    os_rdy                                   0x10001a5c   Data          24  rt_list.o(.bss)
    os_dly                                   0x10001a74   Data          24  rt_list.o(.bss)
    __initial_sp                             0x10001c90   Data           0  startup_lpc17xx.o(STACK)



==============================================================================

Memory Map of the image

  Image Entry point : 0x00000225

  Load Region LR_1 (Base: 0x00000000, Size: 0x00004684, Max: 0xffffffff, ABSOLUTE)

    Execution Region ER_RO (Exec base: 0x00000000, Load base: 0x00000000, Size: 0x00004600, Max: 0xffffffff, ABSOLUTE)

    Exec Addr    Load Addr    Size         Type   Attr      Idx    E Section Name        Object

    0x00000000   0x00000000   0x000000cc   Data   RO          513    RESET               startup_lpc17xx.o
    0x000000cc   0x000000cc   0x00000000   Code   RO         1768  * .ARM.Collect$$$$00000000  mc_w.l(entry.o)
    0x000000cc   0x000000cc   0x00000004   Code   RO         1779    .ARM.Collect$$$$00000001  mc_w.l(entry2.o)
    0x000000d0   0x000000d0   0x00000004   Code   RO         1782    .ARM.Collect$$$$00000004  mc_w.l(entry5.o)
    0x000000d4   0x000000d4   0x00000000   Code   RO         1784    .ARM.Collect$$$$00000008  mc_w.l(entry7b.o)
    0x000000d4   0x000000d4   0x00000000   Code   RO         1786    .ARM.Collect$$$$0000000A  mc_w.l(entry8b.o)
    0x000000d4   0x000000d4   0x00000004   Code   RO         1792    .ARM.Collect$$$$0000000E  mc_w.l(entry12b.o)
    0x000000d8   0x000000d8   0x00000000   Code   RO         1787    .ARM.Collect$$$$0000000F  mc_w.l(entry10a.o)
    0x000000d8   0x000000d8   0x00000000   Code   RO         1789    .ARM.Collect$$$$00000011  mc_w.l(entry11a.o)
    0x000000d8   0x000000d8   0x00000018   Code   RO          374    .ARM.Collect$$$$000000FF  rtx_conf_cm.o
    0x000000f0   0x000000f0   0x00000004   Code   RO         1780    .ARM.Collect$$$$00002712  mc_w.l(entry2.o)
    0x000000f4   0x000000f4   0x00000130   Code   RO         1755    .emb_text           RTX_CM3.lib(hal_cm3.o)
    0x00000224   0x00000224   0x00000024   Code   RO          515  * .text               startup_lpc17xx.o
    0x00000248   0x00000248   0x00000018   Code   RO         1773    .text               mc_w.l(strncpy.o)
    0x00000260   0x00000260   0x0000000e   Code   RO         1775    .text               mc_w.l(strlen.o)
    0x0000026e   0x0000026e   0x00000028   Code   RO         1777    .text               mc_w.l(strncat.o)
    0x00000296   0x00000296   0x00000002   PAD
    0x00000298   0x00000298   0x00000024   Code   RO         1797    .text               mc_w.l(init.o)
    0x000002bc   0x000002bc   0x00000004   Code   RO         1765    SVC_TABLE           RTX_CM3.lib(svc_table.o)
    0x000002c0   0x000002c0   0x0000002a   Code   RO          125    i.GLCD_Clear        glcd_spi_lpc1700.o
    0x000002ea   0x000002ea   0x00000002   PAD
    0x000002ec   0x000002ec   0x0000000c   Code   RO          133    i.GLCD_SetBackColor  glcd_spi_lpc1700.o
    0x000002f8   0x000002f8   0x00000002   Code   RO         1802    i.__scatterload_null  mc_w.l(handlers.o)
    0x000002fa   0x000002fa   0x00000002   Code   RO         1268    i.os_tick_irqack    RTX_CM3.lib(rt_system.o)
    0x000002fc   0x000002fc   0x00000004   Code   RO          514    .ARM.__at_0x02FC    startup_lpc17xx.o
    0x00000300   0x00000300   0x0000016c   Code   RO            4    i.App_Interface     thread.o
    0x0000046c   0x0000046c   0x0000012c   Code   RO            5    i.CPU_Management    thread.o
    0x00000598   0x00000598   0x0000011c   Code   RO            6    i.Device_Management  thread.o
    0x000006b4   0x000006b4   0x0000005c   Code   RO          127    i.GLCD_DisplayChar  glcd_spi_lpc1700.o
    0x00000710   0x00000710   0x00000028   Code   RO          128    i.GLCD_DisplayString  glcd_spi_lpc1700.o
    0x00000738   0x00000738   0x0000009c   Code   RO          129    i.GLCD_DrawChar     glcd_spi_lpc1700.o
    0x000007d4   0x000007d4   0x000005e8   Code   RO          130    i.GLCD_Init         glcd_spi_lpc1700.o
    0x00000dbc   0x00000dbc   0x0000000c   Code   RO          134    i.GLCD_SetTextColor  glcd_spi_lpc1700.o
    0x00000dc8   0x00000dc8   0x000000ac   Code   RO          135    i.GLCD_SetWindow    glcd_spi_lpc1700.o
    0x00000e74   0x00000e74   0x00000012   Code   RO          136    i.GLCD_WindowMax    glcd_spi_lpc1700.o
    0x00000e86   0x00000e86   0x00000002   PAD
    0x00000e88   0x00000e88   0x00000028   Code   RO          425    i.GPIO_PinWrite     gpio_lpc17xx.o
    0x00000eb0   0x00000eb0   0x0000002c   Code   RO          426    i.GPIO_PortClock    gpio_lpc17xx.o
    0x00000edc   0x00000edc   0x00000038   Code   RO          429    i.GPIO_SetDir       gpio_lpc17xx.o
    0x00000f14   0x00000f14   0x00000088   Code   RO            7    i.Init_Thread       thread.o
    0x00000f9c   0x00000f9c   0x0000005c   Code   RO          313    i.LED_Initialize    led_mcb1700.o
    0x00000ff8   0x00000ff8   0x0000002c   Code   RO          314    i.LED_Off           led_mcb1700.o
    0x00001024   0x00001024   0x0000002c   Code   RO          315    i.LED_On            led_mcb1700.o
    0x00001050   0x00001050   0x0000013c   Code   RO            8    i.Memory_Management  thread.o
    0x0000118c   0x0000118c   0x000000fc   Code   RO          478    i.PIN_Configure     pin_lpc17xx.o
    0x00001288   0x00001288   0x00000140   Code   RO          525    i.SystemInit        system_lpc17xx.o
    0x000013c8   0x000013c8   0x000000b8   Code   RO            9    i.User_Interface    thread.o
    0x00001480   0x00001480   0x0000000e   Code   RO         1801    i.__scatterload_copy  mc_w.l(handlers.o)
    0x0000148e   0x0000148e   0x0000000e   Code   RO         1803    i.__scatterload_zeroinit  mc_w.l(handlers.o)
    0x0000149c   0x0000149c   0x00000046   Code   RO         1633    i._init_box         RTX_CM3.lib(rt_membox.o)
    0x000014e2   0x000014e2   0x00000002   PAD
    0x000014e4   0x000014e4   0x00000030   Code   RO         1686    i.dbg_init          RTX_CM3.lib(hal_cm.o)
    0x00001514   0x00001514   0x00000020   Code   RO         1687    i.dbg_task_notify   RTX_CM3.lib(hal_cm.o)
    0x00001534   0x00001534   0x00000010   Code   RO         1688    i.dbg_task_switch   RTX_CM3.lib(hal_cm.o)
    0x00001544   0x00001544   0x0000000e   Code   RO          139    i.delay             glcd_spi_lpc1700.o
    0x00001552   0x00001552   0x0000002a   Code   RO          560    i.isrMessageGet     RTX_CM3.lib(rt_cmsis.o)
    0x0000157c   0x0000157c   0x0000002c   Code   RO          561    i.isrMessagePut     RTX_CM3.lib(rt_cmsis.o)
    0x000015a8   0x000015a8   0x00000024   Code   RO          563    i.isrSignalSet      RTX_CM3.lib(rt_cmsis.o)
    0x000015cc   0x000015cc   0x00000028   Code   RO         1357    i.isr_evt_set       RTX_CM3.lib(rt_event.o)
    0x000015f4   0x000015f4   0x00000056   Code   RO         1479    i.isr_mbx_receive   RTX_CM3.lib(rt_mailbox.o)
    0x0000164a   0x0000164a   0x0000000e   Code   RO         1480    i.isr_mbx_send      RTX_CM3.lib(rt_mailbox.o)
    0x00001658   0x00001658   0x00000090   Code   RO          105    i.main              main.o
    0x000016e8   0x000016e8   0x00000018   Code   RO          564    i.osDelay           RTX_CM3.lib(rt_cmsis.o)
    0x00001700   0x00001700   0x00000024   Code   RO          565    i.osKernelInitialize  RTX_CM3.lib(rt_cmsis.o)
    0x00001724   0x00001724   0x0000006c   Code   RO          567    i.osKernelStart     RTX_CM3.lib(rt_cmsis.o)
    0x00001790   0x00001790   0x00000018   Code   RO          576    i.osMessageGet      RTX_CM3.lib(rt_cmsis.o)
    0x000017a8   0x000017a8   0x0000002c   Code   RO          578    i.osMutexCreate     RTX_CM3.lib(rt_cmsis.o)
    0x000017d4   0x000017d4   0x00000018   Code   RO          580    i.osMutexRelease    RTX_CM3.lib(rt_cmsis.o)
    0x000017ec   0x000017ec   0x00000018   Code   RO          581    i.osMutexWait       RTX_CM3.lib(rt_cmsis.o)
    0x00001804   0x00001804   0x00000018   Code   RO          591    i.osSignalSet       RTX_CM3.lib(rt_cmsis.o)
    0x0000181c   0x0000181c   0x00000018   Code   RO          592    i.osSignalWait      RTX_CM3.lib(rt_cmsis.o)
    0x00001834   0x00001834   0x0000002c   Code   RO          593    i.osThreadCreate    RTX_CM3.lib(rt_cmsis.o)
    0x00001860   0x00001860   0x00000018   Code   RO          594    i.osThreadExit      RTX_CM3.lib(rt_cmsis.o)
    0x00001878   0x00001878   0x00000018   Code   RO          598    i.osThreadTerminate  RTX_CM3.lib(rt_cmsis.o)
    0x00001890   0x00001890   0x0000000c   Code   RO          600    i.osTimerCall       RTX_CM3.lib(rt_cmsis.o)
    0x0000189c   0x0000189c   0x0000002c   Code   RO          605    i.osTimerThread     RTX_CM3.lib(rt_cmsis.o)
    0x000018c8   0x000018c8   0x00000022   Code   RO          375    i.os_error          rtx_conf_cm.o
    0x000018ea   0x000018ea   0x00000002   PAD
    0x000018ec   0x000018ec   0x00000014   Code   RO          376    i.os_idle_demon     rtx_conf_cm.o
    0x00001900   0x00001900   0x00000028   Code   RO         1267    i.os_tick_init      RTX_CM3.lib(rt_system.o)
    0x00001928   0x00001928   0x0000008c   Code   RO          140    i.rd_id_man         glcd_spi_lpc1700.o
    0x000019b4   0x000019b4   0x00000048   Code   RO          141    i.rd_reg            glcd_spi_lpc1700.o
    0x000019fc   0x000019fc   0x0000001a   Code   RO         1634    i.rt_alloc_box      RTX_CM3.lib(rt_membox.o)
    0x00001a16   0x00001a16   0x0000003e   Code   RO         1662    i.rt_alloc_mem      RTX_CM3.lib(rt_memory.o)
    0x00001a54   0x00001a54   0x00000038   Code   RO         1182    i.rt_block          RTX_CM3.lib(rt_task.o)
    0x00001a8c   0x00001a8c   0x00000002   Code   RO          377    i.rt_chk_robin      rtx_conf_cm.o
    0x00001a8e   0x00001a8e   0x00000002   PAD
    0x00001a90   0x00001a90   0x00000070   Code   RO         1403    i.rt_dec_dly        RTX_CM3.lib(rt_list.o)
    0x00001b00   0x00001b00   0x00000044   Code   RO         1183    i.rt_dispatch       RTX_CM3.lib(rt_task.o)
    0x00001b44   0x00001b44   0x00000006   Code   RO         1569    i.rt_dly_wait       RTX_CM3.lib(rt_time.o)
    0x00001b4a   0x00001b4a   0x00000002   PAD
    0x00001b4c   0x00001b4c   0x00000050   Code   RO         1360    i.rt_evt_psh        RTX_CM3.lib(rt_event.o)
    0x00001b9c   0x00001b9c   0x0000005c   Code   RO         1361    i.rt_evt_set        RTX_CM3.lib(rt_event.o)
    0x00001bf8   0x00001bf8   0x0000003c   Code   RO         1362    i.rt_evt_wait       RTX_CM3.lib(rt_event.o)
    0x00001c34   0x00001c34   0x0000002c   Code   RO         1635    i.rt_free_box       RTX_CM3.lib(rt_membox.o)
    0x00001c60   0x00001c60   0x00000028   Code   RO         1663    i.rt_free_mem       RTX_CM3.lib(rt_memory.o)
    0x00001c88   0x00001c88   0x00000028   Code   RO         1404    i.rt_get_first      RTX_CM3.lib(rt_list.o)
    0x00001cb0   0x00001cb0   0x00000008   Code   RO          610    i.rt_id2obj         RTX_CM3.lib(rt_cmsis.o)
    0x00001cb8   0x00001cb8   0x00000048   Code   RO         1184    i.rt_init_context   RTX_CM3.lib(rt_task.o)
    0x00001d00   0x00001d00   0x0000001a   Code   RO         1664    i.rt_init_mem       RTX_CM3.lib(rt_memory.o)
    0x00001d1a   0x00001d1a   0x00000002   Code   RO          378    i.rt_init_robin     rtx_conf_cm.o
    0x00001d1c   0x00001d1c   0x00000080   Code   RO         1689    i.rt_init_stack     RTX_CM3.lib(hal_cm.o)
    0x00001d9c   0x00001d9c   0x00000008   Code   RO         1481    i.rt_mbx_check      RTX_CM3.lib(rt_mailbox.o)
    0x00001da4   0x00001da4   0x0000001a   Code   RO         1482    i.rt_mbx_init       RTX_CM3.lib(rt_mailbox.o)
    0x00001dbe   0x00001dbe   0x00000002   PAD
    0x00001dc0   0x00001dc0   0x000000f0   Code   RO         1483    i.rt_mbx_psh        RTX_CM3.lib(rt_mailbox.o)
    0x00001eb0   0x00001eb0   0x000000b4   Code   RO         1485    i.rt_mbx_wait       RTX_CM3.lib(rt_mailbox.o)
    0x00001f64   0x00001f64   0x00000044   Code   RO          611    i.rt_ms2tick        RTX_CM3.lib(rt_cmsis.o)
    0x00001fa8   0x00001fa8   0x00000010   Code   RO         1603    i.rt_mut_init       RTX_CM3.lib(rt_mutex.o)
    0x00001fb8   0x00001fb8   0x000000d8   Code   RO         1604    i.rt_mut_release    RTX_CM3.lib(rt_mutex.o)
    0x00002090   0x00002090   0x00000078   Code   RO         1605    i.rt_mut_wait       RTX_CM3.lib(rt_mutex.o)
    0x00002108   0x00002108   0x0000007c   Code   RO         1271    i.rt_pop_req        RTX_CM3.lib(rt_system.o)
    0x00002184   0x00002184   0x00000020   Code   RO         1272    i.rt_psh_req        RTX_CM3.lib(rt_system.o)
    0x000021a4   0x000021a4   0x0000005c   Code   RO         1406    i.rt_psq_enq        RTX_CM3.lib(rt_list.o)
    0x00002200   0x00002200   0x00000048   Code   RO         1407    i.rt_put_dly        RTX_CM3.lib(rt_list.o)
    0x00002248   0x00002248   0x00000036   Code   RO         1408    i.rt_put_prio       RTX_CM3.lib(rt_list.o)
    0x0000227e   0x0000227e   0x00000002   PAD
    0x00002280   0x00002280   0x00000014   Code   RO         1409    i.rt_put_rdy_first  RTX_CM3.lib(rt_list.o)
    0x00002294   0x00002294   0x00000034   Code   RO         1410    i.rt_resort_prio    RTX_CM3.lib(rt_list.o)
    0x000022c8   0x000022c8   0x00000006   Code   RO         1690    i.rt_ret_val        RTX_CM3.lib(hal_cm.o)
    0x000022ce   0x000022ce   0x00000008   Code   RO         1691    i.rt_ret_val2       RTX_CM3.lib(hal_cm.o)
    0x000022d6   0x000022d6   0x00000028   Code   RO         1411    i.rt_rmv_dly        RTX_CM3.lib(rt_list.o)
    0x000022fe   0x000022fe   0x00000002   PAD
    0x00002300   0x00002300   0x00000030   Code   RO         1412    i.rt_rmv_list       RTX_CM3.lib(rt_list.o)
    0x00002330   0x00002330   0x00000034   Code   RO         1530    i.rt_sem_psh        RTX_CM3.lib(rt_semaphore.o)
    0x00002364   0x00002364   0x00000024   Code   RO         1274    i.rt_stk_check      RTX_CM3.lib(rt_system.o)
    0x00002388   0x00002388   0x00000028   Code   RO         1185    i.rt_switch_req     RTX_CM3.lib(rt_task.o)
    0x000023b0   0x000023b0   0x000000cc   Code   RO         1186    i.rt_sys_init       RTX_CM3.lib(rt_task.o)
    0x0000247c   0x0000247c   0x00000078   Code   RO         1187    i.rt_sys_start      RTX_CM3.lib(rt_task.o)
    0x000024f4   0x000024f4   0x00000040   Code   RO         1276    i.rt_systick        RTX_CM3.lib(rt_system.o)
    0x00002534   0x00002534   0x00000012   Code   RO          612    i.rt_tid2ptcb       RTX_CM3.lib(rt_cmsis.o)
    0x00002546   0x00002546   0x00000002   PAD
    0x00002548   0x00002548   0x00000034   Code   RO          613    i.rt_timer_insert   RTX_CM3.lib(rt_cmsis.o)
    0x0000257c   0x0000257c   0x00000088   Code   RO         1188    i.rt_tsk_create     RTX_CM3.lib(rt_task.o)
    0x00002604   0x00002604   0x0000017c   Code   RO         1189    i.rt_tsk_delete     RTX_CM3.lib(rt_task.o)
    0x00002780   0x00002780   0x0000007c   Code   RO         1191    i.rt_tsk_prio       RTX_CM3.lib(rt_task.o)
    0x000027fc   0x000027fc   0x00000010   Code   RO         1192    i.rt_tsk_self       RTX_CM3.lib(rt_task.o)
    0x0000280c   0x0000280c   0x00000020   Code   RO          142    i.spi_tran          glcd_spi_lpc1700.o
    0x0000282c   0x0000282c   0x00000080   Code   RO          143    i.spi_tran_man      glcd_spi_lpc1700.o
    0x000028ac   0x000028ac   0x00000012   Code   RO          615    i.svcDelay          RTX_CM3.lib(rt_cmsis.o)
    0x000028be   0x000028be   0x00000002   PAD
    0x000028c0   0x000028c0   0x00000070   Code   RO          616    i.svcKernelInitialize  RTX_CM3.lib(rt_cmsis.o)
    0x00002930   0x00002930   0x00000048   Code   RO          618    i.svcKernelStart    RTX_CM3.lib(rt_cmsis.o)
    0x00002978   0x00002978   0x00000024   Code   RO          621    i.svcMessageCreate  RTX_CM3.lib(rt_cmsis.o)
    0x0000299c   0x0000299c   0x0000003a   Code   RO          622    i.svcMessageGet     RTX_CM3.lib(rt_cmsis.o)
    0x000029d6   0x000029d6   0x0000001c   Code   RO          624    i.svcMutexCreate    RTX_CM3.lib(rt_cmsis.o)
    0x000029f2   0x000029f2   0x00000022   Code   RO          626    i.svcMutexRelease   RTX_CM3.lib(rt_cmsis.o)
    0x00002a14   0x00002a14   0x0000003a   Code   RO          627    i.svcMutexWait      RTX_CM3.lib(rt_cmsis.o)
    0x00002a4e   0x00002a4e   0x00000024   Code   RO          634    i.svcSignalSet      RTX_CM3.lib(rt_cmsis.o)
    0x00002a72   0x00002a72   0x00000002   PAD
    0x00002a74   0x00002a74   0x00000054   Code   RO          635    i.svcSignalWait     RTX_CM3.lib(rt_cmsis.o)
    0x00002ac8   0x00002ac8   0x0000006c   Code   RO          636    i.svcThreadCreate   RTX_CM3.lib(rt_cmsis.o)
    0x00002b34   0x00002b34   0x0000001c   Code   RO          637    i.svcThreadGetId    RTX_CM3.lib(rt_cmsis.o)
    0x00002b50   0x00002b50   0x00000038   Code   RO          640    i.svcThreadTerminate  RTX_CM3.lib(rt_cmsis.o)
    0x00002b88   0x00002b88   0x00000018   Code   RO          642    i.svcTimerCall      RTX_CM3.lib(rt_cmsis.o)
    0x00002ba0   0x00002ba0   0x0000005c   Code   RO          651    i.sysTimerTick      RTX_CM3.lib(rt_cmsis.o)
    0x00002bfc   0x00002bfc   0x00000028   Code   RO          144    i.wr_cmd            glcd_spi_lpc1700.o
    0x00002c24   0x00002c24   0x00000028   Code   RO          145    i.wr_dat            glcd_spi_lpc1700.o
    0x00002c4c   0x00002c4c   0x00000012   Code   RO          146    i.wr_dat_only       glcd_spi_lpc1700.o
    0x00002c5e   0x00002c5e   0x00000002   PAD
    0x00002c60   0x00002c60   0x00000014   Code   RO          147    i.wr_dat_start      glcd_spi_lpc1700.o
    0x00002c74   0x00002c74   0x0000000c   Code   RO          148    i.wr_dat_stop       glcd_spi_lpc1700.o
    0x00002c80   0x00002c80   0x00000014   Code   RO          149    i.wr_reg            glcd_spi_lpc1700.o
    0x00002c94   0x00002c94   0x00000054   Data   RO           11    .constdata          thread.o
    0x00002ce8   0x00002ce8   0x00001880   Data   RO          150    .constdata          glcd_spi_lpc1700.o
    0x00004568   0x00004568   0x00000010   Data   RO          318    .constdata          led_mcb1700.o
    0x00004578   0x00004578   0x00000068   Data   RO          380    .constdata          rtx_conf_cm.o
    0x000045e0   0x000045e0   0x00000020   Data   RO         1799    Region$$Table       anon$$obj.o


    Execution Region ER_RW (Exec base: 0x10000000, Load base: 0x00004600, Size: 0x00000084, Max: 0xffffffff, ABSOLUTE)

    Exec Addr    Load Addr    Size         Type   Attr      Idx    E Section Name        Object

    0x10000000   0x00004600   0x00000048   Data   RW           12    .data               thread.o
    0x10000048   0x00004648   0x00000005   Data   RW          151    .data               glcd_spi_lpc1700.o
    0x1000004d   0x0000464d   0x00000003   PAD
    0x10000050   0x00004650   0x00000014   Data   RW          381    .data               rtx_conf_cm.o
    0x10000064   0x00004664   0x00000008   Data   RW          654    .data               RTX_CM3.lib(rt_cmsis.o)
    0x1000006c   0x0000466c   0x00000008   Data   RW         1194    .data               RTX_CM3.lib(rt_task.o)
    0x10000074   0x00004674   0x00000008   Data   RW         1279    .data               RTX_CM3.lib(rt_system.o)
    0x1000007c   0x0000467c   0x00000004   Data   RW         1573    .data               RTX_CM3.lib(rt_time.o)
    0x10000080   0x00004680   0x00000001   Data   RW         1692    .data               RTX_CM3.lib(hal_cm.o)


    Execution Region ER_ZI (Exec base: 0x10000084, Load base: 0x00004684, Size: 0x00001c0c, Max: 0xffffffff, ABSOLUTE)

    Exec Addr    Load Addr    Size         Type   Attr      Idx    E Section Name        Object

    0x10000084        -       0x00000090   Zero   RW           10    .bss                thread.o
    0x10000114   0x00004684   0x00000004   PAD
    0x10000118        -       0x00001910   Zero   RW          379    .bss                rtx_conf_cm.o
    0x10001a28        -       0x00000034   Zero   RW         1193    .bss                RTX_CM3.lib(rt_task.o)
    0x10001a5c        -       0x00000030   Zero   RW         1413    .bss                RTX_CM3.lib(rt_list.o)
    0x10001a8c   0x00004684   0x00000004   PAD
    0x10001a90        -       0x00000200   Zero   RW          511    STACK               startup_lpc17xx.o


==============================================================================

Image component sizes


      Code (inc. data)   RO Data    RW Data    ZI Data      Debug   Object Name

      2592         94       6272          5          0      13361   glcd_spi_lpc1700.o
       140         14          0          0          0       1807   gpio_lpc17xx.o
       180         12         16          0          0       3628   led_mcb1700.o
       144         50          0          0          0        471   main.o
       252          6          0          0          0        844   pin_lpc17xx.o
        82         12        104         20       6416       8665   rtx_conf_cm.o
        40         12        204          0        512       1012   startup_lpc17xx.o
       320         18          0          0          0        585   system_lpc17xx.o
      1584        462         84         72        144      14938   thread.o

    ----------------------------------------------------------------------
      5344        680       6712        100       7076      45311   Object Totals
         0          0         32          0          0          0   (incl. Generated)
        10          0          0          3          4          0   (incl. Padding)

    ----------------------------------------------------------------------

      Code (inc. data)   RO Data    RW Data    ZI Data      Debug   Library Member Name

       238         24          0          1          0       3268   hal_cm.o
       304         36          0          0          0        760   hal_cm3.o
      1592        186          0          8          0      40830   rt_cmsis.o
       272         18          0          0          0       2618   rt_event.o
       530         34          0          0         48       8169   rt_list.o
       554         10          0          0          0       3901   rt_mailbox.o
       140          0          0          0          0       1901   rt_membox.o
       128          0          0          0          0       2275   rt_memory.o
       352         14          0          0          0       2085   rt_mutex.o
        52          4          0          0          0        565   rt_semaphore.o
       298         52          0          8          0       6151   rt_system.o
      1216        174          0          8         52       9565   rt_task.o
         6          0          0          4          0        644   rt_time.o
         4          4          0          0          0        200   svc_table.o
         0          0          0          0          0          0   entry.o
         0          0          0          0          0          0   entry10a.o
         0          0          0          0          0          0   entry11a.o
         4          0          0          0          0          0   entry12b.o
         8          4          0          0          0          0   entry2.o
         4          0          0          0          0          0   entry5.o
         0          0          0          0          0          0   entry7b.o
         0          0          0          0          0          0   entry8b.o
        30          0          0          0          0          0   handlers.o
        36          8          0          0          0         68   init.o
        14          0          0          0          0         68   strlen.o
        40          0          0          0          0         76   strncat.o
        24          0          0          0          0         76   strncpy.o

    ----------------------------------------------------------------------
      5864        568          0         32        104      83220   Library Totals
        18          0          0          3          4          0   (incl. Padding)

    ----------------------------------------------------------------------

      Code (inc. data)   RO Data    RW Data    ZI Data      Debug   Library Name

      5686        556          0         29        100      82932   RTX_CM3.lib
       160         12          0          0          0        288   mc_w.l

    ----------------------------------------------------------------------
      5864        568          0         32        104      83220   Library Totals

    ----------------------------------------------------------------------

==============================================================================


      Code (inc. data)   RO Data    RW Data    ZI Data      Debug   

     11208       1248       6712        132       7180     122287   Grand Totals
     11208       1248       6712        132       7180     122287   ELF Image Totals
     11208       1248       6712        132          0          0   ROM Totals

==============================================================================

    Total RO  Size (Code + RO Data)                17920 (  17.50kB)
    Total RW  Size (RW Data + ZI Data)              7312 (   7.14kB)
    Total ROM Size (Code + RO Data + RW Data)      18052 (  17.63kB)

==============================================================================

